INFO - 10/02/25 01:33:49 - 0:00:00 - ============ Initialized logger ============
INFO - 10/02/25 01:33:49 - 0:00:00 - batch_size: 32
                                     command: python fc_loop.py --exp_name=dim11_run_28 --dump_path=/home/yuebi/Project/dim11_run --num_initial_empty_objects=500 --final_database_size=20 --target_db_size=20 --nb_local_searches=800 --max_epochs=25 --type=transformer --max-output-length=131 --sample-only=35000 --max-steps=1000 --n_tokens=15 --n-layer=8 --n-embd=128 --n-embd2=128 --exp_id "8005"
                                     cpu: False
                                     debug: False
                                     debug_slurm: False
                                     dump_path: /home/yuebi/Project/dim11_run/dim11_run_28/8005
                                     exp_id: 8005
                                     exp_name: dim11_run_28
                                     final_database_size: 20
                                     gen_batch_size: 1000
                                     global_rank: 0
                                     is_master: True
                                     is_slurm_job: True
                                     learning_rate: 0.0005
                                     local_rank: 0
                                     master_addr: gpu-6
                                     master_port: -1
                                     max_epochs: 25
                                     max_output_length: 131
                                     max_steps: 1000
                                     multi_gpu: False
                                     multi_node: False
                                     n_embd: 128
                                     n_embd2: 128
                                     n_gpu_per_node: 1
                                     n_head: 8
                                     n_layer: 8
                                     n_nodes: 1
                                     n_tokens: 15
                                     nb_local_searches: 800
                                     nb_threads: 1
                                     node_id: 0
                                     num_initial_empty_objects: 500
                                     num_workers: 8
                                     sample_only: 35000
                                     seed: -1
                                     target_db_size: 20
                                     temperature: 1.0
                                     top_k: -1
                                     type: transformer
                                     weight_decay: 0.01
                                     world_size: 1
INFO - 10/02/25 01:33:49 - 0:00:00 - The experiment will be stored in /home/yuebi/Project/dim11_run/dim11_run_28/8005
                                     
INFO - 10/02/25 01:33:49 - 0:00:00 - Running command: python fc_loop.py --exp_name=dim11_run_28 --dump_path=/home/yuebi/Project/dim11_run --num_initial_empty_objects=500 --final_database_size=20 --target_db_size=20 --nb_local_searches=800 --max_epochs=25 --type=transformer --max-output-length=131 --sample-only=35000 --max-steps=1000 --n_tokens=15 --n-layer=8 --n-embd=128 --n-embd2=128

WARNING - 10/02/25 01:33:49 - 0:00:00 - Signal handler installed.
INFO - 10/02/25 01:33:49 - 0:00:00 - seed: 780043740
INFO - 10/02/25 01:33:49 - 0:00:00 - JULIA_NUM_THREADS is set to 1
INFO - 10/02/25 01:33:56 - 0:00:07 - Created /home/yuebi/Project/dim11_run/dim11_run_28/8005/temp.txt and training tokenizer...
INFO - 10/02/25 01:33:56 - 0:00:07 - Directory '/home/yuebi/Project/dim11_run/dim11_run_28/8005/tokenizer_data' created.
INFO - 10/02/25 01:33:56 - 0:00:07 - File '/home/yuebi/Project/dim11_run/dim11_run_28/8005/temp.txt' has been deleted.
INFO - 10/02/25 01:33:56 - 0:00:07 - 0 / 20
INFO - 10/02/25 01:33:56 - 0:00:07 - initializing at generation: 1
INFO - 10/02/25 01:33:56 - 0:00:07 - number of examples in the dataset: 20
INFO - 10/02/25 01:33:56 - 0:00:07 - max word length: 59
INFO - 10/02/25 01:33:56 - 0:00:07 - number of unique characters in the vocabulary: 15
INFO - 10/02/25 01:33:56 - 0:00:07 - vocabulary:
INFO - 10/02/25 01:33:56 - 0:00:07 - ['V0', 'V1', 'V2', 'V3', 'V4', 'V5', 'V6', 'V7', 'V8', 'V9', 'V10', 'V11', 'V12', 'V13', 'V14']
INFO - 10/02/25 01:33:56 - 0:00:07 - split up the dataset into 18 training examples and 2 test examples
INFO - 10/02/25 01:33:56 - 0:00:07 - dataset determined that: vocab_size=16, block_size=132
INFO - 10/02/25 01:33:56 - 0:00:07 - model #params: 1607424
INFO - 10/02/25 01:33:56 - 0:00:07 - Resuming from checkpoint at dim11_run_28/checkpoint.pt
INFO - 10/02/25 01:33:56 - 0:00:07 - ============ Start of generation 10 ============
INFO - 10/02/25 01:33:56 - 0:00:07 - Memory allocated:  25.60MB, reserved: 26.00MB
INFO - 10/02/25 01:33:56 - 0:00:07 - training
INFO - 10/02/25 01:34:00 - 0:00:11 - step 0 | loss 8.7747 | step time 434.35ms
INFO - 10/02/25 01:34:10 - 0:00:20 - step 100 | loss 0.0957 | step time 93.06ms
INFO - 10/02/25 01:34:19 - 0:00:30 - step 200 | loss 0.0579 | step time 92.94ms
INFO - 10/02/25 01:34:28 - 0:00:39 - step 300 | loss 0.0542 | step time 93.09ms
INFO - 10/02/25 01:34:37 - 0:00:48 - step 400 | loss 0.0525 | step time 93.06ms
INFO - 10/02/25 01:34:47 - 0:00:58 - step 500 | loss 0.0539 | step time 93.04ms
INFO - 10/02/25 01:34:47 - 0:00:58 - step 500 train loss: 0.05354772508144379 test loss: 6.941128730773926
INFO - 10/02/25 01:34:47 - 0:00:58 - test loss 6.941128730773926 is the best so far, saving model to /home/yuebi/Project/dim11_run/dim11_run_28/8005/model.pt
INFO - 10/02/25 01:34:56 - 0:01:07 - step 600 | loss 0.0535 | step time 93.00ms
INFO - 10/02/25 01:35:05 - 0:01:16 - step 700 | loss 0.0545 | step time 92.92ms
INFO - 10/02/25 01:35:15 - 0:01:26 - step 800 | loss 0.0549 | step time 92.98ms
INFO - 10/02/25 01:35:24 - 0:01:35 - step 900 | loss 0.0535 | step time 92.89ms
INFO - 10/02/25 01:35:33 - 0:01:44 - Memory allocated:  60.57MB, reserved: 760.00MB
INFO - 10/02/25 01:35:33 - 0:01:44 - generating
