INFO - 10/13/25 21:47:13 - 0:00:00 - ============ Initialized logger ============
INFO - 10/13/25 21:47:13 - 0:00:00 - batch_size: 32
                                     command: python fc_loop.py --exp_name=dim14_run_1 --dump_path=/home/yuebi/Project/dim14_run --num_initial_empty_objects=800 --final_database_size=100 --target_db_size=100 --nb_local_searches=800 --max_epochs=20 --type=transformer --max-output-length=209 --sample-only=50000 --max-steps=1500 --n_tokens=15 --n-layer=8 --n-embd=128 --n-embd2=128 --exp_id=1111 --exp_id "1111"
                                     cpu: False
                                     debug: False
                                     debug_slurm: False
                                     dump_path: /home/yuebi/Project/dim14_run/dim14_run_1/1111
                                     exp_id: 1111
                                     exp_name: dim14_run_1
                                     final_database_size: 100
                                     gen_batch_size: 1000
                                     global_rank: 0
                                     is_master: True
                                     is_slurm_job: True
                                     learning_rate: 0.0005
                                     local_rank: 0
                                     master_addr: gpu-6
                                     master_port: -1
                                     max_epochs: 20
                                     max_output_length: 209
                                     max_steps: 1500
                                     multi_gpu: False
                                     multi_node: False
                                     n_embd: 128
                                     n_embd2: 128
                                     n_gpu_per_node: 1
                                     n_head: 8
                                     n_layer: 8
                                     n_nodes: 1
                                     n_tokens: 15
                                     nb_local_searches: 800
                                     nb_threads: 1
                                     node_id: 0
                                     num_initial_empty_objects: 800
                                     num_workers: 8
                                     sample_only: 50000
                                     seed: -1
                                     target_db_size: 100
                                     temperature: 1.0
                                     top_k: -1
                                     type: transformer
                                     weight_decay: 0.01
                                     world_size: 1
INFO - 10/13/25 21:47:13 - 0:00:00 - The experiment will be stored in /home/yuebi/Project/dim14_run/dim14_run_1/1111
                                     
INFO - 10/13/25 21:47:13 - 0:00:00 - Running command: python fc_loop.py --exp_name=dim14_run_1 --dump_path=/home/yuebi/Project/dim14_run --num_initial_empty_objects=800 --final_database_size=100 --target_db_size=100 --nb_local_searches=800 --max_epochs=20 --type=transformer --max-output-length=209 --sample-only=50000 --max-steps=1500 --n_tokens=15 --n-layer=8 --n-embd=128 --n-embd2=128 --exp_id=1111

WARNING - 10/13/25 21:47:13 - 0:00:00 - Signal handler installed.
INFO - 10/13/25 21:47:13 - 0:00:00 - seed: 697234122
INFO - 10/13/25 21:47:13 - 0:00:00 - JULIA_NUM_THREADS is set to 1
INFO - 10/13/25 21:47:42 - 0:00:29 - Created /home/yuebi/Project/dim14_run/dim14_run_1/1111/temp.txt and training tokenizer...
INFO - 10/13/25 21:47:42 - 0:00:29 - Directory '/home/yuebi/Project/dim14_run/dim14_run_1/1111/tokenizer_data' created.
INFO - 10/13/25 21:47:43 - 0:00:29 - File '/home/yuebi/Project/dim14_run/dim14_run_1/1111/temp.txt' has been deleted.
INFO - 10/13/25 21:47:43 - 0:00:29 - 0 / 100
INFO - 10/13/25 21:47:43 - 0:00:29 - initializing at generation: 1
INFO - 10/13/25 21:47:43 - 0:00:29 - number of examples in the dataset: 100
INFO - 10/13/25 21:47:43 - 0:00:29 - max word length: 89
INFO - 10/13/25 21:47:43 - 0:00:29 - number of unique characters in the vocabulary: 15
INFO - 10/13/25 21:47:43 - 0:00:29 - vocabulary:
INFO - 10/13/25 21:47:43 - 0:00:29 - ['V0', 'V1', 'V2', 'V3', 'V4', 'V5', 'V6', 'V7', 'V8', 'V9', 'V10', 'V11', 'V12', 'V13', 'V14']
INFO - 10/13/25 21:47:43 - 0:00:29 - split up the dataset into 90 training examples and 10 test examples
INFO - 10/13/25 21:47:43 - 0:00:29 - dataset determined that: vocab_size=16, block_size=210
INFO - 10/13/25 21:47:43 - 0:00:29 - model #params: 1617408
INFO - 10/13/25 21:47:43 - 0:00:29 - ============ Start of generation 1 ============
INFO - 10/13/25 21:47:43 - 0:00:29 - Memory allocated:  7.52MB, reserved: 8.00MB
INFO - 10/13/25 21:47:43 - 0:00:29 - training
INFO - 10/13/25 21:47:47 - 0:00:34 - step 0 | loss 2.9477 | step time 472.84ms
INFO - 10/13/25 21:48:01 - 0:00:48 - step 100 | loss 1.5826 | step time 139.85ms
INFO - 10/13/25 21:48:15 - 0:01:02 - step 200 | loss 0.3737 | step time 139.89ms
INFO - 10/13/25 21:48:29 - 0:01:16 - step 300 | loss 0.0687 | step time 139.85ms
INFO - 10/13/25 21:48:43 - 0:01:30 - step 400 | loss 0.0615 | step time 139.76ms
INFO - 10/13/25 21:48:57 - 0:01:44 - step 500 | loss 0.0721 | step time 139.75ms
INFO - 10/13/25 21:48:58 - 0:01:44 - step 500 train loss: 0.07001657038927078 test loss: 4.862769603729248
INFO - 10/13/25 21:48:58 - 0:01:44 - test loss 4.862769603729248 is the best so far, saving model to /home/yuebi/Project/dim14_run/dim14_run_1/1111/model.pt
INFO - 10/13/25 21:49:12 - 0:01:58 - step 600 | loss 0.0576 | step time 140.08ms
INFO - 10/13/25 21:49:26 - 0:02:12 - step 700 | loss 0.0591 | step time 139.72ms
INFO - 10/13/25 21:49:40 - 0:02:26 - step 800 | loss 0.0618 | step time 139.86ms
INFO - 10/13/25 21:49:54 - 0:02:40 - step 900 | loss 0.0596 | step time 139.79ms
INFO - 10/13/25 21:50:07 - 0:02:54 - step 1000 | loss 0.0568 | step time 139.73ms
INFO - 10/13/25 21:50:08 - 0:02:54 - step 1000 train loss: 0.057210396975278854 test loss: 5.7604804039001465
INFO - 10/13/25 21:50:22 - 0:03:08 - step 1100 | loss 0.0550 | step time 139.72ms
INFO - 10/13/25 21:50:36 - 0:03:22 - step 1200 | loss 0.0601 | step time 139.74ms
INFO - 10/13/25 21:50:50 - 0:03:36 - step 1300 | loss 0.0569 | step time 139.68ms
INFO - 10/13/25 21:51:04 - 0:03:50 - step 1400 | loss 0.0570 | step time 139.68ms
INFO - 10/13/25 21:51:17 - 0:04:04 - Memory allocated:  42.79MB, reserved: 1550.00MB
INFO - 10/13/25 21:51:17 - 0:04:04 - generating
INFO - 10/13/25 21:51:17 - 0:04:04 - 50000 samples remaining
INFO - 10/13/25 23:32:36 - 1:45:23 - distribution of sample lengths: average: 263.41576 max: 668
INFO - 10/13/25 23:32:36 - 1:45:23 - printed 50000 samples
INFO - 10/13/25 23:32:36 - 1:45:23 - decoding
INFO - 10/13/25 23:32:37 - 1:45:23 - Decoding complete. Check the output in /home/yuebi/Project/dim14_run/dim14_run_1/1111/transformer-output-decoded.txt
INFO - 10/13/25 23:32:37 - 1:45:23 - Memory allocated:  42.79MB, reserved: 14288.00MB
INFO - 10/13/25 23:32:37 - 1:45:23 - ============ End of generation 1 ============
INFO - 10/13/25 23:32:37 - 1:45:23 - launching search.jl
INFO - 10/13/25 23:32:37 - 1:45:23 - JULIA_NUM_THREADS is set to 1
INFO - 10/13/25 23:36:06 - 1:48:53 - distribution of scores(all rounds)
INFO - 10/13/25 23:36:06 - 1:48:53 - Score:25515.0, Count:2
                                     
INFO - 10/13/25 23:36:06 - 1:48:53 - Score:24435.0, Count:16
                                     
INFO - 10/13/25 23:36:06 - 1:48:53 - Score:24300.0, Count:2
                                     
INFO - 10/13/25 23:36:06 - 1:48:53 - Score:24099.0, Count:16
                                     
INFO - 10/13/25 23:36:06 - 1:48:53 - Score:24003.0, Count:8
                                     
INFO - 10/13/25 23:36:06 - 1:48:53 - Score:24000.0, Count:20
                                     
INFO - 10/13/25 23:36:06 - 1:48:53 - Score:23859.0, Count:3
                                     
INFO - 10/13/25 23:36:06 - 1:48:53 - Score:23760.0, Count:2
                                     
INFO - 10/13/25 23:36:06 - 1:48:53 - Score:23739.0, Count:5
                                     
INFO - 10/13/25 23:36:06 - 1:48:53 - Score:23616.0, Count:26
                                     
INFO - 10/13/25 23:36:06 - 1:48:53 - tokenizing
INFO - 10/13/25 23:36:06 - 1:48:53 - Loading tokenizer from /home/yuebi/Project/dim14_run/dim14_run_1/1111/tokenizer_data/tokenizer.json...
INFO - 10/13/25 23:36:06 - 1:48:53 - 0 / 100
INFO - 10/13/25 23:36:06 - 1:48:53 - number of examples in the dataset: 100
INFO - 10/13/25 23:36:06 - 1:48:53 - max word length: 88
INFO - 10/13/25 23:36:06 - 1:48:53 - number of unique characters in the vocabulary: 15
INFO - 10/13/25 23:36:06 - 1:48:53 - vocabulary:
INFO - 10/13/25 23:36:06 - 1:48:53 - ['V0', 'V1', 'V2', 'V3', 'V4', 'V5', 'V6', 'V7', 'V8', 'V9', 'V10', 'V11', 'V12', 'V13', 'V14']
INFO - 10/13/25 23:36:06 - 1:48:53 - split up the dataset into 90 training examples and 10 test examples
INFO - 10/13/25 23:36:06 - 1:48:53 - ============ Start of generation 2 ============
INFO - 10/13/25 23:36:06 - 1:48:53 - Memory allocated:  42.79MB, reserved: 14288.00MB
INFO - 10/13/25 23:36:06 - 1:48:53 - training
INFO - 10/13/25 23:36:06 - 1:48:53 - step 0 | loss 1.8771 | step time 149.66ms
INFO - 10/13/25 23:36:20 - 1:49:07 - step 100 | loss 0.0653 | step time 140.08ms
INFO - 10/13/25 23:36:34 - 1:49:21 - step 200 | loss 0.0595 | step time 140.06ms
INFO - 10/13/25 23:36:48 - 1:49:35 - step 300 | loss 0.0810 | step time 140.08ms
INFO - 10/13/25 23:37:02 - 1:49:49 - step 400 | loss 0.0568 | step time 140.05ms
INFO - 10/13/25 23:37:16 - 1:50:03 - step 500 | loss 0.0578 | step time 140.35ms
INFO - 10/13/25 23:37:17 - 1:50:03 - step 500 train loss: 0.05829813331365585 test loss: 2.067399740219116
INFO - 10/13/25 23:37:17 - 1:50:03 - test loss 2.067399740219116 is the best so far, saving model to /home/yuebi/Project/dim14_run/dim14_run_1/1111/model.pt
INFO - 10/13/25 23:37:31 - 1:50:17 - step 600 | loss 0.0628 | step time 140.06ms
INFO - 10/13/25 23:37:45 - 1:50:31 - step 700 | loss 0.0573 | step time 140.14ms
INFO - 10/13/25 23:37:59 - 1:50:45 - step 800 | loss 0.0547 | step time 140.04ms
INFO - 10/13/25 23:38:13 - 1:50:59 - step 900 | loss 0.0551 | step time 140.10ms
INFO - 10/13/25 23:38:27 - 1:51:13 - step 1000 | loss 0.0824 | step time 140.10ms
INFO - 10/13/25 23:38:27 - 1:51:14 - step 1000 train loss: 0.07870832830667496 test loss: 2.4165337085723877
INFO - 10/13/25 23:38:41 - 1:51:28 - step 1100 | loss 0.0522 | step time 140.07ms
INFO - 10/13/25 23:38:55 - 1:51:42 - step 1200 | loss 0.0579 | step time 140.53ms
INFO - 10/13/25 23:39:09 - 1:51:56 - step 1300 | loss 0.0561 | step time 140.14ms
INFO - 10/13/25 23:39:23 - 1:52:10 - step 1400 | loss 0.0661 | step time 140.08ms
INFO - 10/13/25 23:39:37 - 1:52:23 - Memory allocated:  42.79MB, reserved: 14288.00MB
INFO - 10/13/25 23:39:37 - 1:52:23 - generating
INFO - 10/13/25 23:39:37 - 1:52:23 - 50000 samples remaining
INFO - 10/14/25 01:20:55 - 3:33:42 - distribution of sample lengths: average: 264.2671 max: 589
INFO - 10/14/25 01:20:55 - 3:33:42 - printed 50000 samples
INFO - 10/14/25 01:20:55 - 3:33:42 - decoding
INFO - 10/14/25 01:20:56 - 3:33:43 - Decoding complete. Check the output in /home/yuebi/Project/dim14_run/dim14_run_1/1111/transformer-output-decoded.txt
INFO - 10/14/25 01:20:56 - 3:33:43 - Memory allocated:  42.79MB, reserved: 14290.00MB
INFO - 10/14/25 01:20:56 - 3:33:43 - ============ End of generation 2 ============
INFO - 10/14/25 01:20:56 - 3:33:43 - launching search.jl
INFO - 10/14/25 01:20:56 - 3:33:43 - JULIA_NUM_THREADS is set to 1
INFO - 10/14/25 01:25:04 - 3:37:51 - distribution of scores(all rounds)
INFO - 10/14/25 01:25:04 - 3:37:51 - Score:25515.0, Count:5
                                     
INFO - 10/14/25 01:25:04 - 3:37:51 - Score:24435.0, Count:39
                                     
INFO - 10/14/25 01:25:04 - 3:37:51 - Score:24300.0, Count:6
                                     
INFO - 10/14/25 01:25:04 - 3:37:51 - Score:24099.0, Count:41
                                     
INFO - 10/14/25 01:25:04 - 3:37:51 - Score:24003.0, Count:9
                                     
INFO - 10/14/25 01:25:04 - 3:37:51 - tokenizing
INFO - 10/14/25 01:25:04 - 3:37:51 - Loading tokenizer from /home/yuebi/Project/dim14_run/dim14_run_1/1111/tokenizer_data/tokenizer.json...
INFO - 10/14/25 01:25:04 - 3:37:51 - 0 / 100
INFO - 10/14/25 01:25:04 - 3:37:51 - number of examples in the dataset: 100
INFO - 10/14/25 01:25:04 - 3:37:51 - max word length: 88
INFO - 10/14/25 01:25:04 - 3:37:51 - number of unique characters in the vocabulary: 15
INFO - 10/14/25 01:25:04 - 3:37:51 - vocabulary:
INFO - 10/14/25 01:25:04 - 3:37:51 - ['V0', 'V1', 'V2', 'V3', 'V4', 'V5', 'V6', 'V7', 'V8', 'V9', 'V10', 'V11', 'V12', 'V13', 'V14']
INFO - 10/14/25 01:25:04 - 3:37:51 - split up the dataset into 90 training examples and 10 test examples
INFO - 10/14/25 01:25:04 - 3:37:51 - ============ Start of generation 3 ============
INFO - 10/14/25 01:25:04 - 3:37:51 - Memory allocated:  42.79MB, reserved: 14290.00MB
INFO - 10/14/25 01:25:04 - 3:37:51 - training
INFO - 10/14/25 01:25:05 - 3:37:51 - step 0 | loss 0.8412 | step time 147.34ms
INFO - 10/14/25 01:25:19 - 3:38:05 - step 100 | loss 0.0601 | step time 140.49ms
INFO - 10/14/25 01:25:33 - 3:38:19 - step 200 | loss 0.0621 | step time 140.18ms
INFO - 10/14/25 01:25:47 - 3:38:33 - step 300 | loss 0.0574 | step time 140.16ms
INFO - 10/14/25 01:26:01 - 3:38:47 - step 400 | loss 0.0731 | step time 140.19ms
INFO - 10/14/25 01:26:15 - 3:39:01 - step 500 | loss 0.0564 | step time 140.07ms
INFO - 10/14/25 01:26:15 - 3:39:01 - step 500 train loss: 0.05622182786464691 test loss: 0.528146505355835
INFO - 10/14/25 01:26:15 - 3:39:01 - test loss 0.528146505355835 is the best so far, saving model to /home/yuebi/Project/dim14_run/dim14_run_1/1111/model.pt
INFO - 10/14/25 01:26:29 - 3:39:16 - step 600 | loss 0.0532 | step time 140.10ms
INFO - 10/14/25 01:26:43 - 3:39:30 - step 700 | loss 0.0551 | step time 140.15ms
INFO - 10/14/25 01:26:57 - 3:39:44 - step 800 | loss 0.0912 | step time 140.14ms
INFO - 10/14/25 01:27:11 - 3:39:58 - step 900 | loss 0.0570 | step time 140.19ms
INFO - 10/14/25 01:27:25 - 3:40:12 - step 1000 | loss 0.0557 | step time 140.28ms
INFO - 10/14/25 01:27:25 - 3:40:12 - step 1000 train loss: 0.055447135120630264 test loss: 0.5809911489486694
INFO - 10/14/25 01:27:39 - 3:40:26 - step 1100 | loss 0.0590 | step time 140.12ms
INFO - 10/14/25 01:27:53 - 3:40:40 - step 1200 | loss 0.0543 | step time 140.15ms
INFO - 10/14/25 01:28:07 - 3:40:54 - step 1300 | loss 0.0538 | step time 140.15ms
INFO - 10/14/25 01:28:21 - 3:41:08 - step 1400 | loss 0.0868 | step time 140.19ms
INFO - 10/14/25 01:28:35 - 3:41:22 - Memory allocated:  42.79MB, reserved: 14290.00MB
INFO - 10/14/25 01:28:35 - 3:41:22 - generating
INFO - 10/14/25 01:28:35 - 3:41:22 - 50000 samples remaining
