INFO - 10/25/25 16:49:30 - 0:00:00 - ============ Initialized logger ============
INFO - 10/25/25 16:49:30 - 0:00:00 - batch_size: 32
                                     command: python fc_loop.py --exp_name=dim16_run_3 --dump_path=/home/yuebi/Project/dim16_run --num_initial_empty_objects=800 --final_database_size=100 --target_db_size=100 --nb_local_searches=800 --max_epochs=20 --type=transformer --max-output-length=271 --sample-only=30000 --max-steps=1500 --n_tokens=15 --n-layer=8 --n-embd=128 --n-embd2=128 --exp_id=1111 --exp_id "1111"
                                     cpu: False
                                     debug: False
                                     debug_slurm: False
                                     dump_path: /home/yuebi/Project/dim16_run/dim16_run_3/1111
                                     exp_id: 1111
                                     exp_name: dim16_run_3
                                     final_database_size: 100
                                     gen_batch_size: 1000
                                     global_rank: 0
                                     is_master: True
                                     is_slurm_job: True
                                     learning_rate: 0.0005
                                     local_rank: 0
                                     master_addr: gpu-6
                                     master_port: -1
                                     max_epochs: 20
                                     max_output_length: 271
                                     max_steps: 1500
                                     multi_gpu: False
                                     multi_node: False
                                     n_embd: 128
                                     n_embd2: 128
                                     n_gpu_per_node: 1
                                     n_head: 8
                                     n_layer: 8
                                     n_nodes: 1
                                     n_tokens: 15
                                     nb_local_searches: 800
                                     nb_threads: 1
                                     node_id: 0
                                     num_initial_empty_objects: 800
                                     num_workers: 8
                                     sample_only: 30000
                                     seed: -1
                                     target_db_size: 100
                                     temperature: 1.0
                                     top_k: -1
                                     type: transformer
                                     weight_decay: 0.01
                                     world_size: 1
INFO - 10/25/25 16:49:30 - 0:00:00 - The experiment will be stored in /home/yuebi/Project/dim16_run/dim16_run_3/1111
                                     
INFO - 10/25/25 16:49:30 - 0:00:00 - Running command: python fc_loop.py --exp_name=dim16_run_3 --dump_path=/home/yuebi/Project/dim16_run --num_initial_empty_objects=800 --final_database_size=100 --target_db_size=100 --nb_local_searches=800 --max_epochs=20 --type=transformer --max-output-length=271 --sample-only=30000 --max-steps=1500 --n_tokens=15 --n-layer=8 --n-embd=128 --n-embd2=128 --exp_id=1111

WARNING - 10/25/25 16:49:30 - 0:00:00 - Signal handler installed.
INFO - 10/25/25 16:49:30 - 0:00:00 - seed: 316108676
INFO - 10/25/25 16:49:30 - 0:00:00 - JULIA_NUM_THREADS is set to 1
INFO - 10/25/25 16:50:17 - 0:00:47 - Created /home/yuebi/Project/dim16_run/dim16_run_3/1111/temp.txt and training tokenizer...
INFO - 10/25/25 16:50:17 - 0:00:47 - Directory '/home/yuebi/Project/dim16_run/dim16_run_3/1111/tokenizer_data' created.
INFO - 10/25/25 16:50:17 - 0:00:47 - File '/home/yuebi/Project/dim16_run/dim16_run_3/1111/temp.txt' has been deleted.
INFO - 10/25/25 16:50:17 - 0:00:47 - 0 / 100
INFO - 10/25/25 16:50:17 - 0:00:47 - initializing at generation: 1
INFO - 10/25/25 16:50:17 - 0:00:47 - number of examples in the dataset: 100
INFO - 10/25/25 16:50:17 - 0:00:47 - max word length: 111
INFO - 10/25/25 16:50:17 - 0:00:47 - number of unique characters in the vocabulary: 15
INFO - 10/25/25 16:50:17 - 0:00:47 - vocabulary:
INFO - 10/25/25 16:50:17 - 0:00:47 - ['V0', 'V1', 'V2', 'V3', 'V4', 'V5', 'V6', 'V7', 'V8', 'V9', 'V10', 'V11', 'V12', 'V13', 'V14']
INFO - 10/25/25 16:50:17 - 0:00:47 - split up the dataset into 90 training examples and 10 test examples
INFO - 10/25/25 16:50:17 - 0:00:47 - dataset determined that: vocab_size=16, block_size=272
INFO - 10/25/25 16:50:17 - 0:00:47 - model #params: 1625344
INFO - 10/25/25 16:50:17 - 0:00:47 - ============ Start of generation 1 ============
INFO - 10/25/25 16:50:17 - 0:00:47 - Memory allocated:  8.46MB, reserved: 10.00MB
INFO - 10/25/25 16:50:17 - 0:00:47 - training
INFO - 10/25/25 16:50:22 - 0:00:52 - step 0 | loss 2.9086 | step time 589.46ms
INFO - 10/25/25 16:50:48 - 0:01:18 - step 100 | loss 1.6280 | step time 256.96ms
INFO - 10/25/25 16:51:13 - 0:01:44 - step 200 | loss 0.6295 | step time 257.05ms
INFO - 10/25/25 16:51:39 - 0:02:09 - step 300 | loss 0.0583 | step time 256.98ms
INFO - 10/25/25 16:52:05 - 0:02:35 - step 400 | loss 0.0464 | step time 257.04ms
INFO - 10/25/25 16:52:30 - 0:03:01 - step 500 | loss 0.3984 | step time 257.08ms
INFO - 10/25/25 16:52:31 - 0:03:01 - step 500 train loss: 0.38748788833618164 test loss: 4.253246784210205
INFO - 10/25/25 16:52:31 - 0:03:01 - test loss 4.253246784210205 is the best so far, saving model to /home/yuebi/Project/dim16_run/dim16_run_3/1111/model.pt
INFO - 10/25/25 16:52:56 - 0:03:27 - step 600 | loss 0.0479 | step time 257.01ms
INFO - 10/25/25 16:53:22 - 0:03:52 - step 700 | loss 0.0454 | step time 256.91ms
INFO - 10/25/25 16:53:48 - 0:04:18 - step 800 | loss 0.0462 | step time 257.00ms
INFO - 10/25/25 16:54:13 - 0:04:44 - step 900 | loss 0.3975 | step time 256.99ms
INFO - 10/25/25 16:54:39 - 0:05:09 - step 1000 | loss 0.0457 | step time 257.04ms
INFO - 10/25/25 16:54:39 - 0:05:10 - step 1000 train loss: 0.04491211473941803 test loss: 6.384870529174805
INFO - 10/25/25 16:55:05 - 0:05:35 - step 1100 | loss 0.0455 | step time 257.06ms
INFO - 10/25/25 16:55:31 - 0:06:01 - step 1200 | loss 0.0435 | step time 257.10ms
INFO - 10/25/25 16:55:57 - 0:06:27 - step 1300 | loss 0.0460 | step time 256.98ms
INFO - 10/25/25 16:56:22 - 0:06:52 - step 1400 | loss 0.0437 | step time 257.06ms
INFO - 10/25/25 16:56:48 - 0:07:18 - Memory allocated:  43.97MB, reserved: 2272.00MB
INFO - 10/25/25 16:56:48 - 0:07:18 - generating
INFO - 10/25/25 18:54:45 - 0:00:00 - ============ Initialized logger ============
INFO - 10/25/25 18:54:45 - 0:00:00 - batch_size: 32
                                     command: python fc_loop.py --exp_name=dim16_run_3 --dump_path=/home/yuebi/Project/dim16_run --num_initial_empty_objects=800 --final_database_size=100 --target_db_size=100 --nb_local_searches=800 --max_epochs=20 --type=transformer --max-output-length=271 --sample-only=30000 --max-steps=1500 --n_tokens=15 --n-layer=8 --n-embd=128 --n-embd2=128 --exp_id=1111 --exp_id "1111"
                                     cpu: False
                                     debug: False
                                     debug_slurm: False
                                     dump_path: /home/yuebi/Project/dim16_run/dim16_run_3/1111
                                     exp_id: 1111
                                     exp_name: dim16_run_3
                                     final_database_size: 100
                                     gen_batch_size: 1000
                                     global_rank: 0
                                     is_master: True
                                     is_slurm_job: True
                                     learning_rate: 0.0005
                                     local_rank: 0
                                     master_addr: gpu-6
                                     master_port: -1
                                     max_epochs: 20
                                     max_output_length: 271
                                     max_steps: 1500
                                     multi_gpu: False
                                     multi_node: False
                                     n_embd: 128
                                     n_embd2: 128
                                     n_gpu_per_node: 1
                                     n_head: 8
                                     n_layer: 8
                                     n_nodes: 1
                                     n_tokens: 15
                                     nb_local_searches: 800
                                     nb_threads: 1
                                     node_id: 0
                                     num_initial_empty_objects: 800
                                     num_workers: 8
                                     sample_only: 30000
                                     seed: -1
                                     target_db_size: 100
                                     temperature: 1.0
                                     top_k: -1
                                     type: transformer
                                     weight_decay: 0.01
                                     world_size: 1
INFO - 10/25/25 18:54:45 - 0:00:00 - The experiment will be stored in /home/yuebi/Project/dim16_run/dim16_run_3/1111
                                     
INFO - 10/25/25 18:54:45 - 0:00:00 - Running command: python fc_loop.py --exp_name=dim16_run_3 --dump_path=/home/yuebi/Project/dim16_run --num_initial_empty_objects=800 --final_database_size=100 --target_db_size=100 --nb_local_searches=800 --max_epochs=20 --type=transformer --max-output-length=271 --sample-only=30000 --max-steps=1500 --n_tokens=15 --n-layer=8 --n-embd=128 --n-embd2=128 --exp_id=1111

WARNING - 10/25/25 18:54:45 - 0:00:00 - Signal handler installed.
INFO - 10/25/25 18:54:45 - 0:00:00 - seed: 448618566
INFO - 10/25/25 18:54:45 - 0:00:00 - initializing at generation: 1
INFO - 10/25/25 18:54:45 - 0:00:00 - number of examples in the dataset: 100
INFO - 10/25/25 18:54:45 - 0:00:00 - max word length: 111
INFO - 10/25/25 18:54:45 - 0:00:00 - number of unique characters in the vocabulary: 15
INFO - 10/25/25 18:54:45 - 0:00:00 - vocabulary:
INFO - 10/25/25 18:54:45 - 0:00:00 - ['V0', 'V1', 'V2', 'V3', 'V4', 'V5', 'V6', 'V7', 'V8', 'V9', 'V10', 'V11', 'V12', 'V13', 'V14']
INFO - 10/25/25 18:54:45 - 0:00:00 - split up the dataset into 90 training examples and 10 test examples
INFO - 10/25/25 18:54:45 - 0:00:00 - dataset determined that: vocab_size=16, block_size=272
INFO - 10/25/25 18:54:45 - 0:00:00 - model #params: 1625344
INFO - 10/25/25 18:54:45 - 0:00:00 - resuming from existing model
INFO - 10/25/25 18:54:45 - 0:00:00 - ============ Start of generation 1 ============
INFO - 10/25/25 18:54:45 - 0:00:00 - Memory allocated:  8.46MB, reserved: 18.00MB
INFO - 10/25/25 18:54:45 - 0:00:00 - training
INFO - 10/25/25 18:54:50 - 0:00:05 - step 0 | loss 0.6634 | step time 608.39ms
INFO - 10/25/25 18:55:16 - 0:00:31 - step 100 | loss 0.0497 | step time 256.95ms
INFO - 10/25/25 18:55:42 - 0:00:57 - step 200 | loss 0.0466 | step time 256.95ms
INFO - 10/25/25 18:56:07 - 0:01:22 - step 300 | loss 0.0495 | step time 256.96ms
INFO - 10/25/25 18:56:33 - 0:01:48 - step 400 | loss 0.0439 | step time 256.95ms
INFO - 10/25/25 18:56:59 - 0:02:14 - step 500 | loss 0.0467 | step time 256.86ms
INFO - 10/25/25 18:56:59 - 0:02:14 - step 500 train loss: 0.044486142694950104 test loss: 0.846143901348114
INFO - 10/25/25 18:56:59 - 0:02:14 - test loss 0.846143901348114 is the best so far, saving model to /home/yuebi/Project/dim16_run/dim16_run_3/1111/model.pt
INFO - 10/25/25 18:57:25 - 0:02:40 - step 600 | loss 0.0445 | step time 256.79ms
INFO - 10/25/25 18:57:50 - 0:03:05 - step 700 | loss 0.0424 | step time 256.86ms
INFO - 10/25/25 18:58:16 - 0:03:31 - step 800 | loss 0.0465 | step time 256.87ms
INFO - 10/25/25 18:58:42 - 0:03:57 - step 900 | loss 0.0456 | step time 256.92ms
INFO - 10/25/25 18:59:07 - 0:04:22 - step 1000 | loss 0.0429 | step time 256.91ms
INFO - 10/25/25 18:59:08 - 0:04:23 - step 1000 train loss: 0.04343007504940033 test loss: 1.292851448059082
INFO - 10/25/25 18:59:33 - 0:04:48 - step 1100 | loss 0.0422 | step time 256.92ms
INFO - 10/25/25 18:59:59 - 0:05:14 - step 1200 | loss 0.0452 | step time 256.95ms
INFO - 10/25/25 19:00:25 - 0:05:40 - step 1300 | loss 0.0444 | step time 256.93ms
INFO - 10/25/25 19:00:51 - 0:06:06 - step 1400 | loss 0.0442 | step time 256.98ms
INFO - 10/25/25 19:01:16 - 0:06:31 - Memory allocated:  43.97MB, reserved: 2272.00MB
INFO - 10/25/25 19:01:16 - 0:06:31 - generating
INFO - 10/25/25 20:59:47 - 0:00:00 - ============ Initialized logger ============
INFO - 10/25/25 20:59:47 - 0:00:00 - batch_size: 32
                                     command: python fc_loop.py --exp_name=dim16_run_3 --dump_path=/home/yuebi/Project/dim16_run --num_initial_empty_objects=800 --final_database_size=100 --target_db_size=100 --nb_local_searches=800 --max_epochs=20 --type=transformer --max-output-length=271 --sample-only=30000 --max-steps=1500 --n_tokens=15 --n-layer=8 --n-embd=128 --n-embd2=128 --exp_id=1111 --exp_id "1111"
                                     cpu: False
                                     debug: False
                                     debug_slurm: False
                                     dump_path: /home/yuebi/Project/dim16_run/dim16_run_3/1111
                                     exp_id: 1111
                                     exp_name: dim16_run_3
                                     final_database_size: 100
                                     gen_batch_size: 1000
                                     global_rank: 0
                                     is_master: True
                                     is_slurm_job: True
                                     learning_rate: 0.0005
                                     local_rank: 0
                                     master_addr: gpu-6
                                     master_port: -1
                                     max_epochs: 20
                                     max_output_length: 271
                                     max_steps: 1500
                                     multi_gpu: False
                                     multi_node: False
                                     n_embd: 128
                                     n_embd2: 128
                                     n_gpu_per_node: 1
                                     n_head: 8
                                     n_layer: 8
                                     n_nodes: 1
                                     n_tokens: 15
                                     nb_local_searches: 800
                                     nb_threads: 1
                                     node_id: 0
                                     num_initial_empty_objects: 800
                                     num_workers: 8
                                     sample_only: 30000
                                     seed: -1
                                     target_db_size: 100
                                     temperature: 1.0
                                     top_k: -1
                                     type: transformer
                                     weight_decay: 0.01
                                     world_size: 1
INFO - 10/25/25 20:59:47 - 0:00:00 - The experiment will be stored in /home/yuebi/Project/dim16_run/dim16_run_3/1111
                                     
INFO - 10/25/25 20:59:47 - 0:00:00 - Running command: python fc_loop.py --exp_name=dim16_run_3 --dump_path=/home/yuebi/Project/dim16_run --num_initial_empty_objects=800 --final_database_size=100 --target_db_size=100 --nb_local_searches=800 --max_epochs=20 --type=transformer --max-output-length=271 --sample-only=30000 --max-steps=1500 --n_tokens=15 --n-layer=8 --n-embd=128 --n-embd2=128 --exp_id=1111

WARNING - 10/25/25 20:59:47 - 0:00:00 - Signal handler installed.
INFO - 10/25/25 20:59:47 - 0:00:00 - seed: 992287906
INFO - 10/25/25 20:59:47 - 0:00:00 - initializing at generation: 1
INFO - 10/25/25 20:59:47 - 0:00:00 - number of examples in the dataset: 100
INFO - 10/25/25 20:59:47 - 0:00:00 - max word length: 111
INFO - 10/25/25 20:59:47 - 0:00:00 - number of unique characters in the vocabulary: 15
INFO - 10/25/25 20:59:47 - 0:00:00 - vocabulary:
INFO - 10/25/25 20:59:47 - 0:00:00 - ['V0', 'V1', 'V2', 'V3', 'V4', 'V5', 'V6', 'V7', 'V8', 'V9', 'V10', 'V11', 'V12', 'V13', 'V14']
INFO - 10/25/25 20:59:47 - 0:00:00 - split up the dataset into 90 training examples and 10 test examples
INFO - 10/25/25 20:59:47 - 0:00:00 - dataset determined that: vocab_size=16, block_size=272
INFO - 10/25/25 20:59:47 - 0:00:00 - model #params: 1625344
INFO - 10/25/25 20:59:47 - 0:00:00 - resuming from existing model
INFO - 10/25/25 20:59:47 - 0:00:00 - ============ Start of generation 1 ============
INFO - 10/25/25 20:59:47 - 0:00:00 - Memory allocated:  8.46MB, reserved: 18.00MB
INFO - 10/25/25 20:59:47 - 0:00:00 - training
INFO - 10/25/25 20:59:52 - 0:00:05 - step 0 | loss 0.1196 | step time 588.51ms
INFO - 10/25/25 21:00:18 - 0:00:31 - step 100 | loss 0.0467 | step time 256.96ms
INFO - 10/25/25 21:00:43 - 0:00:56 - step 200 | loss 0.0464 | step time 257.07ms
INFO - 10/25/25 21:01:09 - 0:01:22 - step 300 | loss 0.0449 | step time 256.79ms
INFO - 10/25/25 21:01:35 - 0:01:48 - step 400 | loss 0.0445 | step time 256.70ms
INFO - 10/25/25 21:02:00 - 0:02:13 - step 500 | loss 0.0464 | step time 256.98ms
INFO - 10/25/25 21:02:01 - 0:02:14 - step 500 train loss: 0.045786093920469284 test loss: 0.2900305688381195
INFO - 10/25/25 21:02:01 - 0:02:14 - test loss 0.2900305688381195 is the best so far, saving model to /home/yuebi/Project/dim16_run/dim16_run_3/1111/model.pt
INFO - 10/25/25 21:02:26 - 0:02:39 - step 600 | loss 0.0433 | step time 257.06ms
INFO - 10/25/25 21:02:52 - 0:03:05 - step 700 | loss 0.0447 | step time 256.55ms
INFO - 10/25/25 21:03:18 - 0:03:31 - step 800 | loss 0.0425 | step time 256.84ms
INFO - 10/25/25 21:03:43 - 0:03:56 - step 900 | loss 0.0434 | step time 256.96ms
INFO - 10/25/25 21:04:09 - 0:04:22 - step 1000 | loss 0.0437 | step time 257.25ms
INFO - 10/25/25 21:04:09 - 0:04:22 - step 1000 train loss: 0.04437536373734474 test loss: 0.6610481142997742
INFO - 10/25/25 21:04:35 - 0:04:48 - step 1100 | loss 0.0427 | step time 256.98ms
INFO - 10/25/25 21:05:01 - 0:05:14 - step 1200 | loss 0.0431 | step time 256.98ms
INFO - 10/25/25 21:05:27 - 0:05:40 - step 1300 | loss 0.0438 | step time 257.00ms
INFO - 10/25/25 21:05:52 - 0:06:05 - step 1400 | loss 0.0440 | step time 257.42ms
INFO - 10/25/25 21:06:18 - 0:06:31 - Memory allocated:  43.97MB, reserved: 2272.00MB
INFO - 10/25/25 21:06:18 - 0:06:31 - generating
INFO - 10/25/25 23:04:49 - 0:00:00 - ============ Initialized logger ============
INFO - 10/25/25 23:04:49 - 0:00:00 - batch_size: 32
                                     command: python fc_loop.py --exp_name=dim16_run_3 --dump_path=/home/yuebi/Project/dim16_run --num_initial_empty_objects=800 --final_database_size=100 --target_db_size=100 --nb_local_searches=800 --max_epochs=20 --type=transformer --max-output-length=271 --sample-only=30000 --max-steps=1500 --n_tokens=15 --n-layer=8 --n-embd=128 --n-embd2=128 --exp_id=1111 --exp_id "1111"
                                     cpu: False
                                     debug: False
                                     debug_slurm: False
                                     dump_path: /home/yuebi/Project/dim16_run/dim16_run_3/1111
                                     exp_id: 1111
                                     exp_name: dim16_run_3
                                     final_database_size: 100
                                     gen_batch_size: 1000
                                     global_rank: 0
                                     is_master: True
                                     is_slurm_job: True
                                     learning_rate: 0.0005
                                     local_rank: 0
                                     master_addr: gpu-6
                                     master_port: -1
                                     max_epochs: 20
                                     max_output_length: 271
                                     max_steps: 1500
                                     multi_gpu: False
                                     multi_node: False
                                     n_embd: 128
                                     n_embd2: 128
                                     n_gpu_per_node: 1
                                     n_head: 8
                                     n_layer: 8
                                     n_nodes: 1
                                     n_tokens: 15
                                     nb_local_searches: 800
                                     nb_threads: 1
                                     node_id: 0
                                     num_initial_empty_objects: 800
                                     num_workers: 8
                                     sample_only: 30000
                                     seed: -1
                                     target_db_size: 100
                                     temperature: 1.0
                                     top_k: -1
                                     type: transformer
                                     weight_decay: 0.01
                                     world_size: 1
INFO - 10/25/25 23:04:49 - 0:00:00 - The experiment will be stored in /home/yuebi/Project/dim16_run/dim16_run_3/1111
                                     
INFO - 10/25/25 23:04:49 - 0:00:00 - Running command: python fc_loop.py --exp_name=dim16_run_3 --dump_path=/home/yuebi/Project/dim16_run --num_initial_empty_objects=800 --final_database_size=100 --target_db_size=100 --nb_local_searches=800 --max_epochs=20 --type=transformer --max-output-length=271 --sample-only=30000 --max-steps=1500 --n_tokens=15 --n-layer=8 --n-embd=128 --n-embd2=128 --exp_id=1111

WARNING - 10/25/25 23:04:49 - 0:00:00 - Signal handler installed.
INFO - 10/25/25 23:04:49 - 0:00:00 - seed: 337651620
INFO - 10/25/25 23:04:49 - 0:00:00 - initializing at generation: 1
INFO - 10/25/25 23:04:49 - 0:00:00 - number of examples in the dataset: 100
INFO - 10/25/25 23:04:49 - 0:00:00 - max word length: 111
INFO - 10/25/25 23:04:49 - 0:00:00 - number of unique characters in the vocabulary: 15
INFO - 10/25/25 23:04:49 - 0:00:00 - vocabulary:
INFO - 10/25/25 23:04:49 - 0:00:00 - ['V0', 'V1', 'V2', 'V3', 'V4', 'V5', 'V6', 'V7', 'V8', 'V9', 'V10', 'V11', 'V12', 'V13', 'V14']
INFO - 10/25/25 23:04:49 - 0:00:00 - split up the dataset into 90 training examples and 10 test examples
INFO - 10/25/25 23:04:49 - 0:00:00 - dataset determined that: vocab_size=16, block_size=272
INFO - 10/25/25 23:04:49 - 0:00:00 - model #params: 1625344
INFO - 10/25/25 23:04:49 - 0:00:00 - resuming from existing model
INFO - 10/25/25 23:04:49 - 0:00:00 - ============ Start of generation 1 ============
INFO - 10/25/25 23:04:49 - 0:00:00 - Memory allocated:  8.46MB, reserved: 18.00MB
INFO - 10/25/25 23:04:49 - 0:00:00 - training
INFO - 10/25/25 23:04:54 - 0:00:05 - step 0 | loss 0.1048 | step time 589.18ms
INFO - 10/25/25 23:05:20 - 0:00:31 - step 100 | loss 0.0444 | step time 256.97ms
INFO - 10/25/25 23:05:46 - 0:00:57 - step 200 | loss 0.0447 | step time 257.23ms
INFO - 10/25/25 23:06:11 - 0:01:22 - step 300 | loss 0.0436 | step time 256.96ms
INFO - 10/25/25 23:06:37 - 0:01:48 - step 400 | loss 0.0429 | step time 256.91ms
INFO - 10/25/25 23:07:03 - 0:02:14 - step 500 | loss 0.0471 | step time 256.61ms
INFO - 10/25/25 23:07:03 - 0:02:14 - step 500 train loss: 0.047534599900245667 test loss: 0.41067278385162354
INFO - 10/25/25 23:07:03 - 0:02:14 - test loss 0.41067278385162354 is the best so far, saving model to /home/yuebi/Project/dim16_run/dim16_run_3/1111/model.pt
INFO - 10/25/25 23:07:29 - 0:02:40 - step 600 | loss 0.0435 | step time 256.91ms
INFO - 10/25/25 23:07:54 - 0:03:05 - step 700 | loss 0.0410 | step time 257.14ms
INFO - 10/25/25 23:08:20 - 0:03:31 - step 800 | loss 0.0433 | step time 257.14ms
INFO - 10/25/25 23:08:46 - 0:03:57 - step 900 | loss 0.0431 | step time 257.12ms
INFO - 10/25/25 23:09:11 - 0:04:22 - step 1000 | loss 0.0462 | step time 256.95ms
INFO - 10/25/25 23:09:12 - 0:04:23 - step 1000 train loss: 0.04433291405439377 test loss: 0.37776243686676025
INFO - 10/25/25 23:09:12 - 0:04:23 - test loss 0.37776243686676025 is the best so far, saving model to /home/yuebi/Project/dim16_run/dim16_run_3/1111/model.pt
INFO - 10/25/25 23:09:37 - 0:04:48 - step 1100 | loss 0.0425 | step time 257.05ms
INFO - 10/25/25 23:10:03 - 0:05:14 - step 1200 | loss 0.0448 | step time 256.97ms
INFO - 10/25/25 23:10:29 - 0:05:40 - step 1300 | loss 0.0424 | step time 256.94ms
INFO - 10/25/25 23:10:54 - 0:06:05 - step 1400 | loss 0.0439 | step time 256.92ms
INFO - 10/25/25 23:11:20 - 0:06:31 - Memory allocated:  43.97MB, reserved: 2272.00MB
INFO - 10/25/25 23:11:20 - 0:06:31 - generating
INFO - 10/26/25 01:09:53 - 0:00:00 - ============ Initialized logger ============
INFO - 10/26/25 01:09:53 - 0:00:00 - batch_size: 32
                                     command: python fc_loop.py --exp_name=dim16_run_3 --dump_path=/home/yuebi/Project/dim16_run --num_initial_empty_objects=800 --final_database_size=100 --target_db_size=100 --nb_local_searches=800 --max_epochs=20 --type=transformer --max-output-length=271 --sample-only=30000 --max-steps=1500 --n_tokens=15 --n-layer=8 --n-embd=128 --n-embd2=128 --exp_id=1111 --exp_id "1111"
                                     cpu: False
                                     debug: False
                                     debug_slurm: False
                                     dump_path: /home/yuebi/Project/dim16_run/dim16_run_3/1111
                                     exp_id: 1111
                                     exp_name: dim16_run_3
                                     final_database_size: 100
                                     gen_batch_size: 1000
                                     global_rank: 0
                                     is_master: True
                                     is_slurm_job: True
                                     learning_rate: 0.0005
                                     local_rank: 0
                                     master_addr: gpu-6
                                     master_port: -1
                                     max_epochs: 20
                                     max_output_length: 271
                                     max_steps: 1500
                                     multi_gpu: False
                                     multi_node: False
                                     n_embd: 128
                                     n_embd2: 128
                                     n_gpu_per_node: 1
                                     n_head: 8
                                     n_layer: 8
                                     n_nodes: 1
                                     n_tokens: 15
                                     nb_local_searches: 800
                                     nb_threads: 1
                                     node_id: 0
                                     num_initial_empty_objects: 800
                                     num_workers: 8
                                     sample_only: 30000
                                     seed: -1
                                     target_db_size: 100
                                     temperature: 1.0
                                     top_k: -1
                                     type: transformer
                                     weight_decay: 0.01
                                     world_size: 1
INFO - 10/26/25 01:09:53 - 0:00:00 - The experiment will be stored in /home/yuebi/Project/dim16_run/dim16_run_3/1111
                                     
INFO - 10/26/25 01:09:53 - 0:00:00 - Running command: python fc_loop.py --exp_name=dim16_run_3 --dump_path=/home/yuebi/Project/dim16_run --num_initial_empty_objects=800 --final_database_size=100 --target_db_size=100 --nb_local_searches=800 --max_epochs=20 --type=transformer --max-output-length=271 --sample-only=30000 --max-steps=1500 --n_tokens=15 --n-layer=8 --n-embd=128 --n-embd2=128 --exp_id=1111

WARNING - 10/26/25 01:09:53 - 0:00:00 - Signal handler installed.
INFO - 10/26/25 01:09:53 - 0:00:00 - seed: 740336861
INFO - 10/26/25 01:09:53 - 0:00:00 - initializing at generation: 1
INFO - 10/26/25 01:09:53 - 0:00:00 - number of examples in the dataset: 100
INFO - 10/26/25 01:09:53 - 0:00:00 - max word length: 111
INFO - 10/26/25 01:09:53 - 0:00:00 - number of unique characters in the vocabulary: 15
INFO - 10/26/25 01:09:53 - 0:00:00 - vocabulary:
INFO - 10/26/25 01:09:53 - 0:00:00 - ['V0', 'V1', 'V2', 'V3', 'V4', 'V5', 'V6', 'V7', 'V8', 'V9', 'V10', 'V11', 'V12', 'V13', 'V14']
INFO - 10/26/25 01:09:53 - 0:00:00 - split up the dataset into 90 training examples and 10 test examples
INFO - 10/26/25 01:09:53 - 0:00:00 - dataset determined that: vocab_size=16, block_size=272
INFO - 10/26/25 01:09:53 - 0:00:00 - model #params: 1625344
INFO - 10/26/25 01:09:53 - 0:00:00 - resuming from existing model
INFO - 10/26/25 01:09:53 - 0:00:00 - ============ Start of generation 1 ============
INFO - 10/26/25 01:09:53 - 0:00:00 - Memory allocated:  8.46MB, reserved: 18.00MB
INFO - 10/26/25 01:09:53 - 0:00:00 - training
INFO - 10/26/25 01:09:58 - 0:00:05 - step 0 | loss 0.0553 | step time 581.38ms
INFO - 10/26/25 01:10:24 - 0:00:31 - step 100 | loss 0.0434 | step time 256.88ms
INFO - 10/26/25 01:10:49 - 0:00:56 - step 200 | loss 0.0437 | step time 256.80ms
INFO - 10/26/25 01:11:15 - 0:01:22 - step 300 | loss 0.0434 | step time 256.85ms
INFO - 10/26/25 01:11:41 - 0:01:48 - step 400 | loss 0.0454 | step time 256.84ms
INFO - 10/26/25 01:12:06 - 0:02:13 - step 500 | loss 0.0457 | step time 256.85ms
INFO - 10/26/25 01:12:07 - 0:02:14 - step 500 train loss: 0.04662422835826874 test loss: 0.3493073880672455
INFO - 10/26/25 01:12:07 - 0:02:14 - test loss 0.3493073880672455 is the best so far, saving model to /home/yuebi/Project/dim16_run/dim16_run_3/1111/model.pt
INFO - 10/26/25 01:12:32 - 0:02:39 - step 600 | loss 0.0416 | step time 256.78ms
INFO - 10/26/25 01:12:58 - 0:03:05 - step 700 | loss 0.0430 | step time 256.83ms
INFO - 10/26/25 01:13:24 - 0:03:31 - step 800 | loss 0.0426 | step time 256.84ms
INFO - 10/26/25 01:13:49 - 0:03:56 - step 900 | loss 0.0427 | step time 256.84ms
INFO - 10/26/25 01:14:15 - 0:04:22 - step 1000 | loss 0.0431 | step time 256.80ms
INFO - 10/26/25 01:14:15 - 0:04:22 - step 1000 train loss: 0.0438467301428318 test loss: 0.29314124584198
INFO - 10/26/25 01:14:15 - 0:04:22 - test loss 0.29314124584198 is the best so far, saving model to /home/yuebi/Project/dim16_run/dim16_run_3/1111/model.pt
INFO - 10/26/25 01:14:41 - 0:04:48 - step 1100 | loss 0.0428 | step time 256.82ms
INFO - 10/26/25 01:15:07 - 0:05:14 - step 1200 | loss 0.0420 | step time 256.90ms
INFO - 10/26/25 01:15:33 - 0:05:40 - step 1300 | loss 0.0444 | step time 256.83ms
INFO - 10/26/25 01:15:58 - 0:06:05 - step 1400 | loss 0.0435 | step time 256.82ms
INFO - 10/26/25 01:16:24 - 0:06:31 - Memory allocated:  43.97MB, reserved: 2272.00MB
INFO - 10/26/25 01:16:24 - 0:06:31 - generating
INFO - 10/26/25 03:14:57 - 0:00:00 - ============ Initialized logger ============
INFO - 10/26/25 03:14:57 - 0:00:00 - batch_size: 32
                                     command: python fc_loop.py --exp_name=dim16_run_3 --dump_path=/home/yuebi/Project/dim16_run --num_initial_empty_objects=800 --final_database_size=100 --target_db_size=100 --nb_local_searches=800 --max_epochs=20 --type=transformer --max-output-length=271 --sample-only=30000 --max-steps=1500 --n_tokens=15 --n-layer=8 --n-embd=128 --n-embd2=128 --exp_id=1111 --exp_id "1111"
                                     cpu: False
                                     debug: False
                                     debug_slurm: False
                                     dump_path: /home/yuebi/Project/dim16_run/dim16_run_3/1111
                                     exp_id: 1111
                                     exp_name: dim16_run_3
                                     final_database_size: 100
                                     gen_batch_size: 1000
                                     global_rank: 0
                                     is_master: True
                                     is_slurm_job: True
                                     learning_rate: 0.0005
                                     local_rank: 0
                                     master_addr: gpu-6
                                     master_port: -1
                                     max_epochs: 20
                                     max_output_length: 271
                                     max_steps: 1500
                                     multi_gpu: False
                                     multi_node: False
                                     n_embd: 128
                                     n_embd2: 128
                                     n_gpu_per_node: 1
                                     n_head: 8
                                     n_layer: 8
                                     n_nodes: 1
                                     n_tokens: 15
                                     nb_local_searches: 800
                                     nb_threads: 1
                                     node_id: 0
                                     num_initial_empty_objects: 800
                                     num_workers: 8
                                     sample_only: 30000
                                     seed: -1
                                     target_db_size: 100
                                     temperature: 1.0
                                     top_k: -1
                                     type: transformer
                                     weight_decay: 0.01
                                     world_size: 1
INFO - 10/26/25 03:14:57 - 0:00:00 - The experiment will be stored in /home/yuebi/Project/dim16_run/dim16_run_3/1111
                                     
INFO - 10/26/25 03:14:57 - 0:00:00 - Running command: python fc_loop.py --exp_name=dim16_run_3 --dump_path=/home/yuebi/Project/dim16_run --num_initial_empty_objects=800 --final_database_size=100 --target_db_size=100 --nb_local_searches=800 --max_epochs=20 --type=transformer --max-output-length=271 --sample-only=30000 --max-steps=1500 --n_tokens=15 --n-layer=8 --n-embd=128 --n-embd2=128 --exp_id=1111

WARNING - 10/26/25 03:14:57 - 0:00:00 - Signal handler installed.
INFO - 10/26/25 03:14:57 - 0:00:00 - seed: 377824726
INFO - 10/26/25 03:14:57 - 0:00:00 - initializing at generation: 1
INFO - 10/26/25 03:14:57 - 0:00:00 - number of examples in the dataset: 100
INFO - 10/26/25 03:14:57 - 0:00:00 - max word length: 111
INFO - 10/26/25 03:14:57 - 0:00:00 - number of unique characters in the vocabulary: 15
INFO - 10/26/25 03:14:57 - 0:00:00 - vocabulary:
INFO - 10/26/25 03:14:57 - 0:00:00 - ['V0', 'V1', 'V2', 'V3', 'V4', 'V5', 'V6', 'V7', 'V8', 'V9', 'V10', 'V11', 'V12', 'V13', 'V14']
INFO - 10/26/25 03:14:57 - 0:00:00 - split up the dataset into 90 training examples and 10 test examples
INFO - 10/26/25 03:14:57 - 0:00:00 - dataset determined that: vocab_size=16, block_size=272
INFO - 10/26/25 03:14:57 - 0:00:00 - model #params: 1625344
INFO - 10/26/25 03:14:57 - 0:00:00 - resuming from existing model
INFO - 10/26/25 03:14:57 - 0:00:00 - ============ Start of generation 1 ============
INFO - 10/26/25 03:14:57 - 0:00:00 - Memory allocated:  8.46MB, reserved: 18.00MB
INFO - 10/26/25 03:14:57 - 0:00:00 - training
INFO - 10/26/25 03:15:02 - 0:00:05 - step 0 | loss 0.0461 | step time 579.52ms
INFO - 10/26/25 03:15:28 - 0:00:31 - step 100 | loss 0.0431 | step time 256.97ms
INFO - 10/26/25 03:15:53 - 0:00:56 - step 200 | loss 0.0421 | step time 256.98ms
INFO - 10/26/25 03:16:19 - 0:01:22 - step 300 | loss 0.0428 | step time 256.98ms
INFO - 10/26/25 03:16:45 - 0:01:48 - step 400 | loss 0.0443 | step time 256.98ms
INFO - 10/26/25 03:17:10 - 0:02:13 - step 500 | loss 0.0443 | step time 257.18ms
INFO - 10/26/25 03:17:11 - 0:02:14 - step 500 train loss: 0.04416332766413689 test loss: 0.44021376967430115
INFO - 10/26/25 03:17:11 - 0:02:14 - test loss 0.44021376967430115 is the best so far, saving model to /home/yuebi/Project/dim16_run/dim16_run_3/1111/model.pt
INFO - 10/26/25 03:17:36 - 0:02:39 - step 600 | loss 0.0421 | step time 256.97ms
INFO - 10/26/25 03:18:02 - 0:03:05 - step 700 | loss 0.0420 | step time 256.93ms
INFO - 10/26/25 03:18:28 - 0:03:31 - step 800 | loss 0.0426 | step time 256.96ms
INFO - 10/26/25 03:18:54 - 0:03:57 - step 900 | loss 0.0431 | step time 257.02ms
INFO - 10/26/25 03:19:19 - 0:04:22 - step 1000 | loss 0.0433 | step time 256.99ms
INFO - 10/26/25 03:19:20 - 0:04:23 - step 1000 train loss: 0.04349786415696144 test loss: 0.32317012548446655
INFO - 10/26/25 03:19:20 - 0:04:23 - test loss 0.32317012548446655 is the best so far, saving model to /home/yuebi/Project/dim16_run/dim16_run_3/1111/model.pt
INFO - 10/26/25 03:19:45 - 0:04:48 - step 1100 | loss 0.0894 | step time 257.03ms
INFO - 10/26/25 03:20:11 - 0:05:14 - step 1200 | loss 0.0416 | step time 257.03ms
INFO - 10/26/25 03:20:37 - 0:05:40 - step 1300 | loss 0.0415 | step time 256.94ms
INFO - 10/26/25 03:21:02 - 0:06:05 - step 1400 | loss 0.0427 | step time 257.06ms
INFO - 10/26/25 03:21:28 - 0:06:31 - Memory allocated:  43.97MB, reserved: 2272.00MB
INFO - 10/26/25 03:21:28 - 0:06:31 - generating
INFO - 10/26/25 05:20:02 - 0:00:00 - ============ Initialized logger ============
INFO - 10/26/25 05:20:02 - 0:00:00 - batch_size: 32
                                     command: python fc_loop.py --exp_name=dim16_run_3 --dump_path=/home/yuebi/Project/dim16_run --num_initial_empty_objects=800 --final_database_size=100 --target_db_size=100 --nb_local_searches=800 --max_epochs=20 --type=transformer --max-output-length=271 --sample-only=30000 --max-steps=1500 --n_tokens=15 --n-layer=8 --n-embd=128 --n-embd2=128 --exp_id=1111 --exp_id "1111"
                                     cpu: False
                                     debug: False
                                     debug_slurm: False
                                     dump_path: /home/yuebi/Project/dim16_run/dim16_run_3/1111
                                     exp_id: 1111
                                     exp_name: dim16_run_3
                                     final_database_size: 100
                                     gen_batch_size: 1000
                                     global_rank: 0
                                     is_master: True
                                     is_slurm_job: True
                                     learning_rate: 0.0005
                                     local_rank: 0
                                     master_addr: gpu-6
                                     master_port: -1
                                     max_epochs: 20
                                     max_output_length: 271
                                     max_steps: 1500
                                     multi_gpu: False
                                     multi_node: False
                                     n_embd: 128
                                     n_embd2: 128
                                     n_gpu_per_node: 1
                                     n_head: 8
                                     n_layer: 8
                                     n_nodes: 1
                                     n_tokens: 15
                                     nb_local_searches: 800
                                     nb_threads: 1
                                     node_id: 0
                                     num_initial_empty_objects: 800
                                     num_workers: 8
                                     sample_only: 30000
                                     seed: -1
                                     target_db_size: 100
                                     temperature: 1.0
                                     top_k: -1
                                     type: transformer
                                     weight_decay: 0.01
                                     world_size: 1
INFO - 10/26/25 05:20:02 - 0:00:00 - The experiment will be stored in /home/yuebi/Project/dim16_run/dim16_run_3/1111
                                     
INFO - 10/26/25 05:20:02 - 0:00:00 - Running command: python fc_loop.py --exp_name=dim16_run_3 --dump_path=/home/yuebi/Project/dim16_run --num_initial_empty_objects=800 --final_database_size=100 --target_db_size=100 --nb_local_searches=800 --max_epochs=20 --type=transformer --max-output-length=271 --sample-only=30000 --max-steps=1500 --n_tokens=15 --n-layer=8 --n-embd=128 --n-embd2=128 --exp_id=1111

WARNING - 10/26/25 05:20:02 - 0:00:00 - Signal handler installed.
INFO - 10/26/25 05:20:02 - 0:00:00 - seed: 136421536
INFO - 10/26/25 05:20:02 - 0:00:00 - initializing at generation: 1
INFO - 10/26/25 05:20:02 - 0:00:00 - number of examples in the dataset: 100
INFO - 10/26/25 05:20:02 - 0:00:00 - max word length: 111
INFO - 10/26/25 05:20:02 - 0:00:00 - number of unique characters in the vocabulary: 15
INFO - 10/26/25 05:20:02 - 0:00:00 - vocabulary:
INFO - 10/26/25 05:20:02 - 0:00:00 - ['V0', 'V1', 'V2', 'V3', 'V4', 'V5', 'V6', 'V7', 'V8', 'V9', 'V10', 'V11', 'V12', 'V13', 'V14']
INFO - 10/26/25 05:20:02 - 0:00:00 - split up the dataset into 90 training examples and 10 test examples
INFO - 10/26/25 05:20:02 - 0:00:00 - dataset determined that: vocab_size=16, block_size=272
INFO - 10/26/25 05:20:02 - 0:00:00 - model #params: 1625344
INFO - 10/26/25 05:20:02 - 0:00:00 - resuming from existing model
INFO - 10/26/25 05:20:02 - 0:00:00 - ============ Start of generation 1 ============
INFO - 10/26/25 05:20:02 - 0:00:00 - Memory allocated:  8.46MB, reserved: 18.00MB
INFO - 10/26/25 05:20:02 - 0:00:00 - training
INFO - 10/26/25 05:20:07 - 0:00:05 - step 0 | loss 0.0766 | step time 579.59ms
INFO - 10/26/25 05:20:33 - 0:00:31 - step 100 | loss 0.0428 | step time 256.92ms
INFO - 10/26/25 05:20:58 - 0:00:56 - step 200 | loss 0.0417 | step time 257.01ms
INFO - 10/26/25 05:21:24 - 0:01:22 - step 300 | loss 0.0422 | step time 257.00ms
INFO - 10/26/25 05:21:50 - 0:01:48 - step 400 | loss 0.0431 | step time 256.89ms
INFO - 10/26/25 05:22:15 - 0:02:13 - step 500 | loss 0.0445 | step time 256.98ms
INFO - 10/26/25 05:22:16 - 0:02:14 - step 500 train loss: 0.043029624968767166 test loss: 0.1878773719072342
INFO - 10/26/25 05:22:16 - 0:02:14 - test loss 0.1878773719072342 is the best so far, saving model to /home/yuebi/Project/dim16_run/dim16_run_3/1111/model.pt
INFO - 10/26/25 05:22:41 - 0:02:39 - step 600 | loss 0.0446 | step time 257.63ms
INFO - 10/26/25 05:23:07 - 0:03:05 - step 700 | loss 0.0440 | step time 257.43ms
INFO - 10/26/25 05:23:33 - 0:03:31 - step 800 | loss 0.0423 | step time 257.43ms
INFO - 10/26/25 05:23:59 - 0:03:57 - step 900 | loss 0.0424 | step time 257.41ms
INFO - 10/26/25 05:24:24 - 0:04:22 - step 1000 | loss 0.0440 | step time 257.44ms
INFO - 10/26/25 05:24:25 - 0:04:23 - step 1000 train loss: 0.043171219527721405 test loss: 0.33609098196029663
INFO - 10/26/25 05:24:50 - 0:04:48 - step 1100 | loss 0.0433 | step time 257.36ms
INFO - 10/26/25 05:25:16 - 0:05:14 - step 1200 | loss 0.0430 | step time 257.42ms
INFO - 10/26/25 05:25:42 - 0:05:40 - step 1300 | loss 0.0418 | step time 257.37ms
INFO - 10/26/25 05:26:08 - 0:06:06 - step 1400 | loss 0.0421 | step time 257.33ms
INFO - 10/26/25 05:26:33 - 0:06:31 - Memory allocated:  43.97MB, reserved: 2272.00MB
INFO - 10/26/25 05:26:33 - 0:06:31 - generating
INFO - 10/26/25 07:25:07 - 0:00:00 - ============ Initialized logger ============
INFO - 10/26/25 07:25:07 - 0:00:00 - batch_size: 32
                                     command: python fc_loop.py --exp_name=dim16_run_3 --dump_path=/home/yuebi/Project/dim16_run --num_initial_empty_objects=800 --final_database_size=100 --target_db_size=100 --nb_local_searches=800 --max_epochs=20 --type=transformer --max-output-length=271 --sample-only=30000 --max-steps=1500 --n_tokens=15 --n-layer=8 --n-embd=128 --n-embd2=128 --exp_id=1111 --exp_id "1111"
                                     cpu: False
                                     debug: False
                                     debug_slurm: False
                                     dump_path: /home/yuebi/Project/dim16_run/dim16_run_3/1111
                                     exp_id: 1111
                                     exp_name: dim16_run_3
                                     final_database_size: 100
                                     gen_batch_size: 1000
                                     global_rank: 0
                                     is_master: True
                                     is_slurm_job: True
                                     learning_rate: 0.0005
                                     local_rank: 0
                                     master_addr: gpu-6
                                     master_port: -1
                                     max_epochs: 20
                                     max_output_length: 271
                                     max_steps: 1500
                                     multi_gpu: False
                                     multi_node: False
                                     n_embd: 128
                                     n_embd2: 128
                                     n_gpu_per_node: 1
                                     n_head: 8
                                     n_layer: 8
                                     n_nodes: 1
                                     n_tokens: 15
                                     nb_local_searches: 800
                                     nb_threads: 1
                                     node_id: 0
                                     num_initial_empty_objects: 800
                                     num_workers: 8
                                     sample_only: 30000
                                     seed: -1
                                     target_db_size: 100
                                     temperature: 1.0
                                     top_k: -1
                                     type: transformer
                                     weight_decay: 0.01
                                     world_size: 1
INFO - 10/26/25 07:25:07 - 0:00:00 - The experiment will be stored in /home/yuebi/Project/dim16_run/dim16_run_3/1111
                                     
INFO - 10/26/25 07:25:07 - 0:00:00 - Running command: python fc_loop.py --exp_name=dim16_run_3 --dump_path=/home/yuebi/Project/dim16_run --num_initial_empty_objects=800 --final_database_size=100 --target_db_size=100 --nb_local_searches=800 --max_epochs=20 --type=transformer --max-output-length=271 --sample-only=30000 --max-steps=1500 --n_tokens=15 --n-layer=8 --n-embd=128 --n-embd2=128 --exp_id=1111

WARNING - 10/26/25 07:25:07 - 0:00:00 - Signal handler installed.
INFO - 10/26/25 07:25:07 - 0:00:00 - seed: 419871272
INFO - 10/26/25 07:25:07 - 0:00:00 - initializing at generation: 1
INFO - 10/26/25 07:25:07 - 0:00:00 - number of examples in the dataset: 100
INFO - 10/26/25 07:25:07 - 0:00:00 - max word length: 111
INFO - 10/26/25 07:25:07 - 0:00:00 - number of unique characters in the vocabulary: 15
INFO - 10/26/25 07:25:07 - 0:00:00 - vocabulary:
INFO - 10/26/25 07:25:07 - 0:00:00 - ['V0', 'V1', 'V2', 'V3', 'V4', 'V5', 'V6', 'V7', 'V8', 'V9', 'V10', 'V11', 'V12', 'V13', 'V14']
INFO - 10/26/25 07:25:07 - 0:00:00 - split up the dataset into 90 training examples and 10 test examples
INFO - 10/26/25 07:25:07 - 0:00:00 - dataset determined that: vocab_size=16, block_size=272
INFO - 10/26/25 07:25:07 - 0:00:00 - model #params: 1625344
INFO - 10/26/25 07:25:07 - 0:00:00 - resuming from existing model
INFO - 10/26/25 07:25:07 - 0:00:00 - ============ Start of generation 1 ============
INFO - 10/26/25 07:25:07 - 0:00:00 - Memory allocated:  8.46MB, reserved: 18.00MB
INFO - 10/26/25 07:25:07 - 0:00:00 - training
INFO - 10/26/25 07:25:12 - 0:00:05 - step 0 | loss 0.0753 | step time 593.44ms
INFO - 10/26/25 07:25:38 - 0:00:31 - step 100 | loss 0.0428 | step time 256.92ms
INFO - 10/26/25 07:26:04 - 0:00:57 - step 200 | loss 0.0430 | step time 256.84ms
INFO - 10/26/25 07:26:29 - 0:01:22 - step 300 | loss 0.0431 | step time 256.95ms
INFO - 10/26/25 07:26:55 - 0:01:48 - step 400 | loss 0.0423 | step time 256.93ms
INFO - 10/26/25 07:27:21 - 0:02:14 - step 500 | loss 0.0423 | step time 256.98ms
INFO - 10/26/25 07:27:21 - 0:02:14 - step 500 train loss: 0.043043363839387894 test loss: 0.08586008846759796
INFO - 10/26/25 07:27:21 - 0:02:14 - test loss 0.08586008846759796 is the best so far, saving model to /home/yuebi/Project/dim16_run/dim16_run_3/1111/model.pt
INFO - 10/26/25 07:27:47 - 0:02:40 - step 600 | loss 0.0466 | step time 256.78ms
INFO - 10/26/25 07:28:12 - 0:03:05 - step 700 | loss 0.0433 | step time 257.23ms
INFO - 10/26/25 07:28:38 - 0:03:31 - step 800 | loss 0.0410 | step time 256.86ms
INFO - 10/26/25 07:29:04 - 0:03:57 - step 900 | loss 0.0420 | step time 256.87ms
INFO - 10/26/25 07:29:29 - 0:04:22 - step 1000 | loss 0.0426 | step time 256.90ms
INFO - 10/26/25 07:29:30 - 0:04:23 - step 1000 train loss: 0.04267260804772377 test loss: 0.1568516045808792
INFO - 10/26/25 07:29:55 - 0:04:48 - step 1100 | loss 0.0418 | step time 256.95ms
INFO - 10/26/25 07:30:21 - 0:05:14 - step 1200 | loss 0.0446 | step time 256.93ms
INFO - 10/26/25 07:30:47 - 0:05:40 - step 1300 | loss 0.0425 | step time 257.07ms
INFO - 10/26/25 07:31:12 - 0:06:05 - step 1400 | loss 0.0423 | step time 256.93ms
INFO - 10/26/25 07:31:38 - 0:06:31 - Memory allocated:  43.97MB, reserved: 2272.00MB
INFO - 10/26/25 07:31:38 - 0:06:31 - generating
INFO - 10/26/25 09:30:37 - 0:00:00 - ============ Initialized logger ============
INFO - 10/26/25 09:30:37 - 0:00:00 - batch_size: 32
                                     command: python fc_loop.py --exp_name=dim16_run_3 --dump_path=/home/yuebi/Project/dim16_run --num_initial_empty_objects=800 --final_database_size=100 --target_db_size=100 --nb_local_searches=800 --max_epochs=20 --type=transformer --max-output-length=271 --sample-only=30000 --max-steps=1500 --n_tokens=15 --n-layer=8 --n-embd=128 --n-embd2=128 --exp_id=1111 --exp_id "1111"
                                     cpu: False
                                     debug: False
                                     debug_slurm: False
                                     dump_path: /home/yuebi/Project/dim16_run/dim16_run_3/1111
                                     exp_id: 1111
                                     exp_name: dim16_run_3
                                     final_database_size: 100
                                     gen_batch_size: 1000
                                     global_rank: 0
                                     is_master: True
                                     is_slurm_job: True
                                     learning_rate: 0.0005
                                     local_rank: 0
                                     master_addr: gpu-6
                                     master_port: -1
                                     max_epochs: 20
                                     max_output_length: 271
                                     max_steps: 1500
                                     multi_gpu: False
                                     multi_node: False
                                     n_embd: 128
                                     n_embd2: 128
                                     n_gpu_per_node: 1
                                     n_head: 8
                                     n_layer: 8
                                     n_nodes: 1
                                     n_tokens: 15
                                     nb_local_searches: 800
                                     nb_threads: 1
                                     node_id: 0
                                     num_initial_empty_objects: 800
                                     num_workers: 8
                                     sample_only: 30000
                                     seed: -1
                                     target_db_size: 100
                                     temperature: 1.0
                                     top_k: -1
                                     type: transformer
                                     weight_decay: 0.01
                                     world_size: 1
INFO - 10/26/25 09:30:37 - 0:00:00 - The experiment will be stored in /home/yuebi/Project/dim16_run/dim16_run_3/1111
                                     
INFO - 10/26/25 09:30:37 - 0:00:00 - Running command: python fc_loop.py --exp_name=dim16_run_3 --dump_path=/home/yuebi/Project/dim16_run --num_initial_empty_objects=800 --final_database_size=100 --target_db_size=100 --nb_local_searches=800 --max_epochs=20 --type=transformer --max-output-length=271 --sample-only=30000 --max-steps=1500 --n_tokens=15 --n-layer=8 --n-embd=128 --n-embd2=128 --exp_id=1111

WARNING - 10/26/25 09:30:37 - 0:00:00 - Signal handler installed.
INFO - 10/26/25 09:30:37 - 0:00:00 - seed: 775024909
INFO - 10/26/25 09:30:37 - 0:00:00 - initializing at generation: 1
INFO - 10/26/25 09:30:37 - 0:00:00 - number of examples in the dataset: 100
INFO - 10/26/25 09:30:37 - 0:00:00 - max word length: 111
INFO - 10/26/25 09:30:37 - 0:00:00 - number of unique characters in the vocabulary: 15
INFO - 10/26/25 09:30:37 - 0:00:00 - vocabulary:
INFO - 10/26/25 09:30:37 - 0:00:00 - ['V0', 'V1', 'V2', 'V3', 'V4', 'V5', 'V6', 'V7', 'V8', 'V9', 'V10', 'V11', 'V12', 'V13', 'V14']
INFO - 10/26/25 09:30:37 - 0:00:00 - split up the dataset into 90 training examples and 10 test examples
INFO - 10/26/25 09:30:37 - 0:00:00 - dataset determined that: vocab_size=16, block_size=272
INFO - 10/26/25 09:30:37 - 0:00:00 - model #params: 1625344
INFO - 10/26/25 09:30:37 - 0:00:00 - resuming from existing model
INFO - 10/26/25 09:30:37 - 0:00:00 - ============ Start of generation 1 ============
INFO - 10/26/25 09:30:37 - 0:00:00 - Memory allocated:  8.46MB, reserved: 18.00MB
INFO - 10/26/25 09:30:37 - 0:00:00 - training
INFO - 10/26/25 09:30:42 - 0:00:05 - step 0 | loss 0.0480 | step time 591.51ms
INFO - 10/26/25 09:31:07 - 0:00:31 - step 100 | loss 0.0432 | step time 256.96ms
INFO - 10/26/25 09:31:33 - 0:00:56 - step 200 | loss 0.0432 | step time 257.00ms
INFO - 10/26/25 09:31:59 - 0:01:22 - step 300 | loss 0.0431 | step time 256.97ms
INFO - 10/26/25 09:32:25 - 0:01:48 - step 400 | loss 0.0447 | step time 256.97ms
INFO - 10/26/25 09:32:50 - 0:02:13 - step 500 | loss 0.0423 | step time 256.96ms
INFO - 10/26/25 09:32:51 - 0:02:14 - step 500 train loss: 0.04321162775158882 test loss: 0.08417615294456482
INFO - 10/26/25 09:32:51 - 0:02:14 - test loss 0.08417615294456482 is the best so far, saving model to /home/yuebi/Project/dim16_run/dim16_run_3/1111/model.pt
INFO - 10/26/25 09:33:16 - 0:02:39 - step 600 | loss 0.0699 | step time 256.95ms
INFO - 10/26/25 09:33:42 - 0:03:05 - step 700 | loss 0.0423 | step time 256.98ms
INFO - 10/26/25 09:34:08 - 0:03:31 - step 800 | loss 0.0423 | step time 256.98ms
INFO - 10/26/25 09:34:33 - 0:03:56 - step 900 | loss 0.0429 | step time 257.04ms
INFO - 10/26/25 09:34:59 - 0:04:22 - step 1000 | loss 0.0429 | step time 257.07ms
INFO - 10/26/25 09:34:59 - 0:04:22 - step 1000 train loss: 0.042979393154382706 test loss: 0.2458791881799698
INFO - 10/26/25 09:35:25 - 0:04:48 - step 1100 | loss 0.0439 | step time 256.98ms
INFO - 10/26/25 09:35:51 - 0:05:14 - step 1200 | loss 0.0433 | step time 257.08ms
INFO - 10/26/25 09:36:16 - 0:05:39 - step 1300 | loss 0.0430 | step time 257.01ms
INFO - 10/26/25 09:36:42 - 0:06:05 - step 1400 | loss 0.0423 | step time 257.05ms
INFO - 10/26/25 09:37:08 - 0:06:31 - Memory allocated:  43.97MB, reserved: 2272.00MB
INFO - 10/26/25 09:37:08 - 0:06:31 - generating
INFO - 10/26/25 11:35:38 - 0:00:00 - ============ Initialized logger ============
INFO - 10/26/25 11:35:38 - 0:00:00 - batch_size: 32
                                     command: python fc_loop.py --exp_name=dim16_run_3 --dump_path=/home/yuebi/Project/dim16_run --num_initial_empty_objects=800 --final_database_size=100 --target_db_size=100 --nb_local_searches=800 --max_epochs=20 --type=transformer --max-output-length=271 --sample-only=30000 --max-steps=1500 --n_tokens=15 --n-layer=8 --n-embd=128 --n-embd2=128 --exp_id=1111 --exp_id "1111"
                                     cpu: False
                                     debug: False
                                     debug_slurm: False
                                     dump_path: /home/yuebi/Project/dim16_run/dim16_run_3/1111
                                     exp_id: 1111
                                     exp_name: dim16_run_3
                                     final_database_size: 100
                                     gen_batch_size: 1000
                                     global_rank: 0
                                     is_master: True
                                     is_slurm_job: True
                                     learning_rate: 0.0005
                                     local_rank: 0
                                     master_addr: gpu-6
                                     master_port: -1
                                     max_epochs: 20
                                     max_output_length: 271
                                     max_steps: 1500
                                     multi_gpu: False
                                     multi_node: False
                                     n_embd: 128
                                     n_embd2: 128
                                     n_gpu_per_node: 1
                                     n_head: 8
                                     n_layer: 8
                                     n_nodes: 1
                                     n_tokens: 15
                                     nb_local_searches: 800
                                     nb_threads: 1
                                     node_id: 0
                                     num_initial_empty_objects: 800
                                     num_workers: 8
                                     sample_only: 30000
                                     seed: -1
                                     target_db_size: 100
                                     temperature: 1.0
                                     top_k: -1
                                     type: transformer
                                     weight_decay: 0.01
                                     world_size: 1
INFO - 10/26/25 11:35:38 - 0:00:00 - The experiment will be stored in /home/yuebi/Project/dim16_run/dim16_run_3/1111
                                     
INFO - 10/26/25 11:35:38 - 0:00:00 - Running command: python fc_loop.py --exp_name=dim16_run_3 --dump_path=/home/yuebi/Project/dim16_run --num_initial_empty_objects=800 --final_database_size=100 --target_db_size=100 --nb_local_searches=800 --max_epochs=20 --type=transformer --max-output-length=271 --sample-only=30000 --max-steps=1500 --n_tokens=15 --n-layer=8 --n-embd=128 --n-embd2=128 --exp_id=1111

WARNING - 10/26/25 11:35:38 - 0:00:00 - Signal handler installed.
INFO - 10/26/25 11:35:38 - 0:00:00 - seed: 145822820
INFO - 10/26/25 11:35:38 - 0:00:00 - initializing at generation: 1
INFO - 10/26/25 11:35:38 - 0:00:00 - number of examples in the dataset: 100
INFO - 10/26/25 11:35:38 - 0:00:00 - max word length: 111
INFO - 10/26/25 11:35:38 - 0:00:00 - number of unique characters in the vocabulary: 15
INFO - 10/26/25 11:35:38 - 0:00:00 - vocabulary:
INFO - 10/26/25 11:35:38 - 0:00:00 - ['V0', 'V1', 'V2', 'V3', 'V4', 'V5', 'V6', 'V7', 'V8', 'V9', 'V10', 'V11', 'V12', 'V13', 'V14']
INFO - 10/26/25 11:35:38 - 0:00:00 - split up the dataset into 90 training examples and 10 test examples
INFO - 10/26/25 11:35:38 - 0:00:00 - dataset determined that: vocab_size=16, block_size=272
INFO - 10/26/25 11:35:38 - 0:00:00 - model #params: 1625344
INFO - 10/26/25 11:35:38 - 0:00:00 - resuming from existing model
INFO - 10/26/25 11:35:38 - 0:00:00 - ============ Start of generation 1 ============
INFO - 10/26/25 11:35:38 - 0:00:00 - Memory allocated:  8.46MB, reserved: 18.00MB
INFO - 10/26/25 11:35:38 - 0:00:00 - training
INFO - 10/26/25 11:35:43 - 0:00:05 - step 0 | loss 0.0469 | step time 582.87ms
INFO - 10/26/25 11:36:09 - 0:00:31 - step 100 | loss 0.0436 | step time 256.90ms
INFO - 10/26/25 11:36:34 - 0:00:56 - step 200 | loss 0.0432 | step time 256.89ms
INFO - 10/26/25 11:37:00 - 0:01:22 - step 300 | loss 0.0429 | step time 256.92ms
INFO - 10/26/25 11:37:26 - 0:01:48 - step 400 | loss 0.0422 | step time 256.94ms
INFO - 10/26/25 11:37:51 - 0:02:13 - step 500 | loss 0.0431 | step time 256.88ms
INFO - 10/26/25 11:37:52 - 0:02:14 - step 500 train loss: 0.04285888746380806 test loss: 0.08561006188392639
INFO - 10/26/25 11:37:52 - 0:02:14 - test loss 0.08561006188392639 is the best so far, saving model to /home/yuebi/Project/dim16_run/dim16_run_3/1111/model.pt
INFO - 10/26/25 11:38:17 - 0:02:39 - step 600 | loss 0.0426 | step time 256.84ms
INFO - 10/26/25 11:38:43 - 0:03:05 - step 700 | loss 0.0701 | step time 256.84ms
INFO - 10/26/25 11:39:09 - 0:03:31 - step 800 | loss 0.0418 | step time 256.87ms
INFO - 10/26/25 11:39:34 - 0:03:56 - step 900 | loss 0.0424 | step time 256.88ms
INFO - 10/26/25 11:40:00 - 0:04:22 - step 1000 | loss 0.0424 | step time 256.91ms
INFO - 10/26/25 11:40:00 - 0:04:22 - step 1000 train loss: 0.04243680089712143 test loss: 0.20941801369190216
INFO - 10/26/25 11:40:26 - 0:04:48 - step 1100 | loss 0.0427 | step time 256.95ms
INFO - 10/26/25 11:40:52 - 0:05:14 - step 1200 | loss 0.0424 | step time 256.89ms
INFO - 10/26/25 11:41:17 - 0:05:39 - step 1300 | loss 0.0417 | step time 256.93ms
INFO - 10/26/25 11:41:43 - 0:06:05 - step 1400 | loss 0.0428 | step time 256.89ms
INFO - 10/26/25 11:42:09 - 0:06:31 - Memory allocated:  43.97MB, reserved: 2272.00MB
INFO - 10/26/25 11:42:09 - 0:06:31 - generating
