INFO - 09/06/25 15:47:48 - 0:00:00 - ============ Initialized logger ============
INFO - 09/06/25 15:47:48 - 0:00:00 - batch_size: 32
                                     command: python fc_loop.py --exp_name=dim11_run_10 --dump_path=/home/yuebi/Project/dim11_run --num_initial_empty_objects=300 --final_database_size=15 --target_db_size=15 --nb_local_searches=600 --max_epochs=20 --type=transformer --max-output-length=131 --sample-only=50000 --max-steps=1000 --n_tokens=25 --n-layer=8 --n-embd=128 --n-embd2=128 --exp_id "7676"
                                     cpu: False
                                     debug: False
                                     debug_slurm: False
                                     dump_path: /home/yuebi/Project/dim11_run/dim11_run_10/7676
                                     exp_id: 7676
                                     exp_name: dim11_run_10
                                     final_database_size: 15
                                     gen_batch_size: 1000
                                     global_rank: 0
                                     is_master: True
                                     is_slurm_job: True
                                     learning_rate: 0.0005
                                     local_rank: 0
                                     master_addr: gpu-6
                                     master_port: -1
                                     max_epochs: 20
                                     max_output_length: 131
                                     max_steps: 1000
                                     multi_gpu: False
                                     multi_node: False
                                     n_embd: 128
                                     n_embd2: 128
                                     n_gpu_per_node: 1
                                     n_head: 8
                                     n_layer: 8
                                     n_nodes: 1
                                     n_tokens: 25
                                     nb_local_searches: 600
                                     nb_threads: 1
                                     node_id: 0
                                     num_initial_empty_objects: 300
                                     num_workers: 8
                                     sample_only: 50000
                                     seed: -1
                                     target_db_size: 15
                                     temperature: 1.0
                                     top_k: -1
                                     type: transformer
                                     weight_decay: 0.01
                                     world_size: 1
INFO - 09/06/25 15:47:48 - 0:00:00 - The experiment will be stored in /home/yuebi/Project/dim11_run/dim11_run_10/7676
                                     
INFO - 09/06/25 15:47:48 - 0:00:00 - Running command: python fc_loop.py --exp_name=dim11_run_10 --dump_path=/home/yuebi/Project/dim11_run --num_initial_empty_objects=300 --final_database_size=15 --target_db_size=15 --nb_local_searches=600 --max_epochs=20 --type=transformer --max-output-length=131 --sample-only=50000 --max-steps=1000 --n_tokens=25 --n-layer=8 --n-embd=128 --n-embd2=128

WARNING - 09/06/25 15:47:48 - 0:00:00 - Signal handler installed.
INFO - 09/06/25 15:47:48 - 0:00:00 - seed: 903880595
INFO - 09/06/25 15:47:48 - 0:00:00 - JULIA_NUM_THREADS is set to 1
INFO - 09/06/25 15:47:55 - 0:00:06 - Created /home/yuebi/Project/dim11_run/dim11_run_10/7676/temp.txt and training tokenizer...
INFO - 09/06/25 15:47:55 - 0:00:06 - Directory '/home/yuebi/Project/dim11_run/dim11_run_10/7676/tokenizer_data' created.
INFO - 09/06/25 15:47:55 - 0:00:06 - File '/home/yuebi/Project/dim11_run/dim11_run_10/7676/temp.txt' has been deleted.
INFO - 09/06/25 15:47:55 - 0:00:06 - 0 / 15
INFO - 09/06/25 15:47:55 - 0:00:06 - initializing at generation: 1
INFO - 09/06/25 15:47:55 - 0:00:06 - number of examples in the dataset: 15
INFO - 09/06/25 15:47:55 - 0:00:06 - max word length: 50
INFO - 09/06/25 15:47:55 - 0:00:06 - number of unique characters in the vocabulary: 25
INFO - 09/06/25 15:47:55 - 0:00:06 - vocabulary:
INFO - 09/06/25 15:47:55 - 0:00:06 - ['V0', 'V1', 'V2', 'V3', 'V4', 'V5', 'V6', 'V7', 'V8', 'V9', 'V10', 'V11', 'V12', 'V13', 'V14', 'V15', 'V16', 'V17', 'V18', 'V19', 'V20', 'V21', 'V22', 'V23', 'V24']
INFO - 09/06/25 15:47:55 - 0:00:06 - split up the dataset into 14 training examples and 1 test examples
INFO - 09/06/25 15:47:55 - 0:00:06 - dataset determined that: vocab_size=26, block_size=132
INFO - 09/06/25 15:47:55 - 0:00:07 - model #params: 1609984
INFO - 09/06/25 15:47:55 - 0:00:07 - ============ Start of generation 1 ============
INFO - 09/06/25 15:47:55 - 0:00:07 - Memory allocated:  6.68MB, reserved: 8.00MB
INFO - 09/06/25 15:47:55 - 0:00:07 - training
INFO - 09/06/25 15:48:00 - 0:00:11 - step 0 | loss 3.3613 | step time 505.09ms
INFO - 09/06/25 15:48:09 - 0:00:21 - step 100 | loss 0.0678 | step time 92.37ms
INFO - 09/06/25 15:48:18 - 0:00:30 - step 200 | loss 0.0595 | step time 92.22ms
INFO - 09/06/25 15:48:27 - 0:00:39 - step 300 | loss 0.0595 | step time 92.26ms
INFO - 09/06/25 15:48:36 - 0:00:48 - step 400 | loss 0.0570 | step time 92.35ms
INFO - 09/06/25 15:48:46 - 0:00:58 - step 500 | loss 0.0563 | step time 92.27ms
INFO - 09/06/25 15:48:46 - 0:00:58 - step 500 train loss: 0.05721616744995117 test loss: 5.535499572753906
INFO - 09/06/25 15:48:46 - 0:00:58 - test loss 5.535499572753906 is the best so far, saving model to /home/yuebi/Project/dim11_run/dim11_run_10/7676/model.pt
INFO - 09/06/25 15:48:55 - 0:01:07 - step 600 | loss 0.0583 | step time 92.29ms
INFO - 09/06/25 15:49:04 - 0:01:16 - step 700 | loss 0.0572 | step time 92.22ms
INFO - 09/06/25 15:49:13 - 0:01:25 - step 800 | loss 0.0557 | step time 92.37ms
INFO - 09/06/25 15:49:23 - 0:01:35 - step 900 | loss 0.0570 | step time 92.38ms
INFO - 09/06/25 15:49:32 - 0:01:44 - Memory allocated:  41.84MB, reserved: 742.00MB
INFO - 09/06/25 15:49:32 - 0:01:44 - generating
INFO - 09/06/25 15:49:32 - 0:01:44 - 50000 samples remaining
INFO - 09/06/25 16:22:43 - 0:34:55 - distribution of sample lengths: average: 156.89024 max: 417
INFO - 09/06/25 16:22:43 - 0:34:55 - printed 50000 samples
INFO - 09/06/25 16:22:43 - 0:34:55 - decoding
INFO - 09/06/25 16:22:44 - 0:34:55 - Decoding complete. Check the output in /home/yuebi/Project/dim11_run/dim11_run_10/7676/transformer-output-decoded.txt
INFO - 09/06/25 16:22:44 - 0:34:55 - Memory allocated:  41.84MB, reserved: 1854.00MB
INFO - 09/06/25 16:22:44 - 0:34:55 - ============ End of generation 1 ============
INFO - 09/06/25 16:22:44 - 0:34:55 - launching search.jl
INFO - 09/06/25 16:22:44 - 0:34:55 - JULIA_NUM_THREADS is set to 1
INFO - 09/06/25 16:24:49 - 0:37:01 - distribution of scores
INFO - 09/06/25 16:24:49 - 0:37:01 - Score: 1053.0, Count: 1
INFO - 09/06/25 16:24:49 - 0:37:01 - Score: 891.0, Count: 1
INFO - 09/06/25 16:24:49 - 0:37:01 - Score: 873.0, Count: 1
INFO - 09/06/25 16:24:49 - 0:37:01 - Score: 819.0, Count: 1
INFO - 09/06/25 16:24:49 - 0:37:01 - Score: 807.0, Count: 1
INFO - 09/06/25 16:24:49 - 0:37:01 - Score: 801.0, Count: 4
INFO - 09/06/25 16:24:49 - 0:37:01 - Score: 800.0, Count: 2
INFO - 09/06/25 16:24:49 - 0:37:01 - Score: 798.0, Count: 1
INFO - 09/06/25 16:24:49 - 0:37:01 - Score: 788.0, Count: 1
INFO - 09/06/25 16:24:49 - 0:37:01 - Score: 784.0, Count: 1
INFO - 09/06/25 16:24:49 - 0:37:01 - Score: 783.0, Count: 1
INFO - 09/06/25 16:24:49 - 0:37:01 - tokenizing
INFO - 09/06/25 16:24:49 - 0:37:01 - Loading tokenizer from /home/yuebi/Project/dim11_run/dim11_run_10/7676/tokenizer_data/tokenizer.json...
INFO - 09/06/25 16:24:49 - 0:37:01 - 0 / 15
INFO - 09/06/25 16:24:49 - 0:37:01 - number of examples in the dataset: 15
INFO - 09/06/25 16:24:49 - 0:37:01 - max word length: 53
INFO - 09/06/25 16:24:49 - 0:37:01 - number of unique characters in the vocabulary: 25
INFO - 09/06/25 16:24:49 - 0:37:01 - vocabulary:
INFO - 09/06/25 16:24:49 - 0:37:01 - ['V0', 'V1', 'V2', 'V3', 'V4', 'V5', 'V6', 'V7', 'V8', 'V9', 'V10', 'V11', 'V12', 'V13', 'V14', 'V15', 'V16', 'V17', 'V18', 'V19', 'V20', 'V21', 'V22', 'V23', 'V24']
INFO - 09/06/25 16:24:49 - 0:37:01 - split up the dataset into 14 training examples and 1 test examples
INFO - 09/06/25 16:24:49 - 0:37:01 - ============ Start of generation 2 ============
INFO - 09/06/25 16:24:49 - 0:37:01 - Memory allocated:  41.84MB, reserved: 1854.00MB
INFO - 09/06/25 16:24:49 - 0:37:01 - training
INFO - 09/06/25 16:24:49 - 0:37:01 - step 0 | loss 6.0207 | step time 99.23ms
INFO - 09/06/25 16:24:58 - 0:37:10 - step 100 | loss 0.0633 | step time 92.46ms
INFO - 09/06/25 16:25:08 - 0:37:20 - step 200 | loss 0.0593 | step time 92.47ms
INFO - 09/06/25 16:25:17 - 0:37:29 - step 300 | loss 0.0584 | step time 92.31ms
INFO - 09/06/25 16:25:26 - 0:37:38 - step 400 | loss 0.0564 | step time 92.73ms
INFO - 09/06/25 16:25:35 - 0:37:47 - step 500 | loss 0.0553 | step time 92.66ms
INFO - 09/06/25 16:25:35 - 0:37:47 - step 500 train loss: 0.05498720332980156 test loss: 5.90469217300415
INFO - 09/06/25 16:25:35 - 0:37:47 - test loss 5.90469217300415 is the best so far, saving model to /home/yuebi/Project/dim11_run/dim11_run_10/7676/model.pt
INFO - 09/06/25 16:25:45 - 0:37:57 - step 600 | loss 0.0545 | step time 92.64ms
INFO - 09/06/25 16:25:54 - 0:38:06 - step 700 | loss 0.0506 | step time 92.52ms
INFO - 09/06/25 16:26:03 - 0:38:15 - step 800 | loss 0.0556 | step time 92.43ms
INFO - 09/06/25 16:26:12 - 0:38:24 - step 900 | loss 0.0563 | step time 92.58ms
INFO - 09/06/25 16:26:22 - 0:38:33 - Memory allocated:  41.84MB, reserved: 1854.00MB
INFO - 09/06/25 16:26:22 - 0:38:33 - generating
INFO - 09/06/25 16:26:22 - 0:38:33 - 50000 samples remaining
INFO - 09/06/25 16:59:32 - 1:11:44 - distribution of sample lengths: average: 158.65976 max: 249
INFO - 09/06/25 16:59:32 - 1:11:44 - printed 50000 samples
INFO - 09/06/25 16:59:32 - 1:11:44 - decoding
INFO - 09/06/25 16:59:33 - 1:11:45 - Decoding complete. Check the output in /home/yuebi/Project/dim11_run/dim11_run_10/7676/transformer-output-decoded.txt
INFO - 09/06/25 16:59:33 - 1:11:45 - Memory allocated:  41.84MB, reserved: 1854.00MB
INFO - 09/06/25 16:59:33 - 1:11:45 - ============ End of generation 2 ============
INFO - 09/06/25 16:59:33 - 1:11:45 - launching search.jl
INFO - 09/06/25 16:59:33 - 1:11:45 - JULIA_NUM_THREADS is set to 1
INFO - 09/06/25 17:01:38 - 1:13:50 - distribution of scores
INFO - 09/06/25 17:01:38 - 1:13:50 - Score: 873.0, Count: 1
INFO - 09/06/25 17:01:38 - 1:13:50 - Score: 837.0, Count: 2
INFO - 09/06/25 17:01:38 - 1:13:50 - Score: 805.0, Count: 1
INFO - 09/06/25 17:01:38 - 1:13:50 - Score: 789.0, Count: 1
INFO - 09/06/25 17:01:38 - 1:13:50 - Score: 783.0, Count: 2
INFO - 09/06/25 17:01:38 - 1:13:50 - Score: 774.0, Count: 1
INFO - 09/06/25 17:01:38 - 1:13:50 - Score: 772.0, Count: 1
INFO - 09/06/25 17:01:38 - 1:13:50 - Score: 771.0, Count: 1
INFO - 09/06/25 17:01:38 - 1:13:50 - Score: 769.0, Count: 1
INFO - 09/06/25 17:01:38 - 1:13:50 - Score: 768.0, Count: 4
INFO - 09/06/25 17:01:38 - 1:13:50 - tokenizing
INFO - 09/06/25 17:01:38 - 1:13:50 - Loading tokenizer from /home/yuebi/Project/dim11_run/dim11_run_10/7676/tokenizer_data/tokenizer.json...
INFO - 09/06/25 17:01:38 - 1:13:50 - 0 / 15
INFO - 09/06/25 17:01:38 - 1:13:50 - number of examples in the dataset: 15
INFO - 09/06/25 17:01:38 - 1:13:50 - max word length: 53
INFO - 09/06/25 17:01:38 - 1:13:50 - number of unique characters in the vocabulary: 25
INFO - 09/06/25 17:01:38 - 1:13:50 - vocabulary:
INFO - 09/06/25 17:01:38 - 1:13:50 - ['V0', 'V1', 'V2', 'V3', 'V4', 'V5', 'V6', 'V7', 'V8', 'V9', 'V10', 'V11', 'V12', 'V13', 'V14', 'V15', 'V16', 'V17', 'V18', 'V19', 'V20', 'V21', 'V22', 'V23', 'V24']
INFO - 09/06/25 17:01:38 - 1:13:50 - split up the dataset into 14 training examples and 1 test examples
INFO - 09/06/25 17:01:38 - 1:13:50 - ============ Start of generation 3 ============
INFO - 09/06/25 17:01:38 - 1:13:50 - Memory allocated:  41.84MB, reserved: 1854.00MB
INFO - 09/06/25 17:01:38 - 1:13:50 - training
INFO - 09/06/25 17:01:39 - 1:13:51 - step 0 | loss 7.1109 | step time 99.24ms
INFO - 09/06/25 17:01:48 - 1:14:00 - step 100 | loss 0.0870 | step time 92.51ms
INFO - 09/06/25 17:01:57 - 1:14:09 - step 200 | loss 0.0577 | step time 92.43ms
INFO - 09/06/25 17:02:06 - 1:14:18 - step 300 | loss 0.0544 | step time 92.42ms
INFO - 09/06/25 17:02:16 - 1:14:28 - step 400 | loss 0.0545 | step time 92.34ms
INFO - 09/06/25 17:02:25 - 1:14:37 - step 500 | loss 0.0538 | step time 92.47ms
INFO - 09/06/25 17:02:25 - 1:14:37 - step 500 train loss: 0.054267916828393936 test loss: 6.9082417488098145
INFO - 09/06/25 17:02:25 - 1:14:37 - test loss 6.9082417488098145 is the best so far, saving model to /home/yuebi/Project/dim11_run/dim11_run_10/7676/model.pt
INFO - 09/06/25 17:02:34 - 1:14:46 - step 600 | loss 0.0526 | step time 92.50ms
INFO - 09/06/25 17:02:43 - 1:14:55 - step 700 | loss 0.0535 | step time 92.41ms
INFO - 09/06/25 17:02:53 - 1:15:05 - step 800 | loss 0.0546 | step time 92.43ms
INFO - 09/06/25 17:03:02 - 1:15:14 - step 900 | loss 0.0537 | step time 92.45ms
INFO - 09/06/25 17:03:11 - 1:15:23 - Memory allocated:  41.84MB, reserved: 1854.00MB
INFO - 09/06/25 17:03:11 - 1:15:23 - generating
INFO - 09/06/25 17:03:11 - 1:15:23 - 50000 samples remaining
INFO - 09/06/25 17:36:21 - 1:48:33 - distribution of sample lengths: average: 160.80874 max: 417
INFO - 09/06/25 17:36:21 - 1:48:33 - printed 50000 samples
INFO - 09/06/25 17:36:21 - 1:48:33 - decoding
INFO - 09/06/25 17:36:21 - 1:48:33 - Decoding complete. Check the output in /home/yuebi/Project/dim11_run/dim11_run_10/7676/transformer-output-decoded.txt
INFO - 09/06/25 17:36:21 - 1:48:33 - Memory allocated:  41.84MB, reserved: 1854.00MB
INFO - 09/06/25 17:36:21 - 1:48:33 - ============ End of generation 3 ============
INFO - 09/06/25 17:36:21 - 1:48:33 - launching search.jl
INFO - 09/06/25 17:36:21 - 1:48:33 - JULIA_NUM_THREADS is set to 1
INFO - 09/06/25 17:38:28 - 1:50:39 - distribution of scores
INFO - 09/06/25 17:38:28 - 1:50:39 - Score: 810.0, Count: 1
INFO - 09/06/25 17:38:28 - 1:50:39 - Score: 801.0, Count: 1
INFO - 09/06/25 17:38:28 - 1:50:39 - Score: 797.0, Count: 1
INFO - 09/06/25 17:38:28 - 1:50:39 - Score: 792.0, Count: 1
INFO - 09/06/25 17:38:28 - 1:50:39 - Score: 785.0, Count: 1
INFO - 09/06/25 17:38:28 - 1:50:39 - Score: 783.0, Count: 1
INFO - 09/06/25 17:38:28 - 1:50:39 - Score: 777.0, Count: 1
INFO - 09/06/25 17:38:28 - 1:50:39 - Score: 776.0, Count: 1
INFO - 09/06/25 17:38:28 - 1:50:39 - Score: 774.0, Count: 2
INFO - 09/06/25 17:38:28 - 1:50:39 - Score: 768.0, Count: 5
INFO - 09/06/25 17:38:28 - 1:50:39 - tokenizing
INFO - 09/06/25 17:38:28 - 1:50:39 - Loading tokenizer from /home/yuebi/Project/dim11_run/dim11_run_10/7676/tokenizer_data/tokenizer.json...
INFO - 09/06/25 17:38:28 - 1:50:39 - 0 / 15
INFO - 09/06/25 17:38:28 - 1:50:39 - number of examples in the dataset: 15
INFO - 09/06/25 17:38:28 - 1:50:39 - max word length: 53
INFO - 09/06/25 17:38:28 - 1:50:39 - number of unique characters in the vocabulary: 25
INFO - 09/06/25 17:38:28 - 1:50:39 - vocabulary:
INFO - 09/06/25 17:38:28 - 1:50:39 - ['V0', 'V1', 'V2', 'V3', 'V4', 'V5', 'V6', 'V7', 'V8', 'V9', 'V10', 'V11', 'V12', 'V13', 'V14', 'V15', 'V16', 'V17', 'V18', 'V19', 'V20', 'V21', 'V22', 'V23', 'V24']
INFO - 09/06/25 17:38:28 - 1:50:39 - split up the dataset into 14 training examples and 1 test examples
INFO - 09/06/25 17:38:28 - 1:50:39 - ============ Start of generation 4 ============
INFO - 09/06/25 17:38:28 - 1:50:39 - Memory allocated:  41.84MB, reserved: 1854.00MB
INFO - 09/06/25 17:38:28 - 1:50:39 - training
INFO - 09/06/25 17:38:28 - 1:50:40 - step 0 | loss 6.4357 | step time 98.51ms
INFO - 09/06/25 17:38:37 - 1:50:49 - step 100 | loss 0.0727 | step time 92.42ms
INFO - 09/06/25 17:38:46 - 1:50:58 - step 200 | loss 0.0564 | step time 92.36ms
INFO - 09/06/25 17:38:55 - 1:51:07 - step 300 | loss 0.0559 | step time 92.36ms
INFO - 09/06/25 17:39:05 - 1:51:17 - step 400 | loss 0.0543 | step time 92.56ms
INFO - 09/06/25 17:39:14 - 1:51:26 - step 500 | loss 0.0544 | step time 92.37ms
INFO - 09/06/25 17:39:14 - 1:51:26 - step 500 train loss: 0.053692422807216644 test loss: 6.896097183227539
INFO - 09/06/25 17:39:14 - 1:51:26 - test loss 6.896097183227539 is the best so far, saving model to /home/yuebi/Project/dim11_run/dim11_run_10/7676/model.pt
INFO - 09/06/25 17:39:23 - 1:51:35 - step 600 | loss 0.0539 | step time 92.44ms
INFO - 09/06/25 17:39:32 - 1:51:44 - step 700 | loss 0.0525 | step time 92.44ms
INFO - 09/06/25 17:39:42 - 1:51:54 - step 800 | loss 0.0548 | step time 92.40ms
INFO - 09/06/25 17:39:51 - 1:52:03 - step 900 | loss 0.0555 | step time 92.35ms
INFO - 09/06/25 17:40:00 - 1:52:12 - Memory allocated:  41.84MB, reserved: 1854.00MB
INFO - 09/06/25 17:40:00 - 1:52:12 - generating
INFO - 09/06/25 17:40:00 - 1:52:12 - 50000 samples remaining
INFO - 09/06/25 18:13:10 - 2:25:22 - distribution of sample lengths: average: 159.3611 max: 175
INFO - 09/06/25 18:13:10 - 2:25:22 - printed 50000 samples
INFO - 09/06/25 18:13:10 - 2:25:22 - decoding
INFO - 09/06/25 18:13:10 - 2:25:22 - Decoding complete. Check the output in /home/yuebi/Project/dim11_run/dim11_run_10/7676/transformer-output-decoded.txt
INFO - 09/06/25 18:13:10 - 2:25:22 - Memory allocated:  41.84MB, reserved: 1854.00MB
INFO - 09/06/25 18:13:10 - 2:25:22 - ============ End of generation 4 ============
INFO - 09/06/25 18:13:10 - 2:25:22 - launching search.jl
INFO - 09/06/25 18:13:10 - 2:25:22 - JULIA_NUM_THREADS is set to 1
INFO - 09/06/25 18:15:18 - 2:27:30 - distribution of scores
INFO - 09/06/25 18:15:18 - 2:27:30 - Score: 848.0, Count: 1
INFO - 09/06/25 18:15:18 - 2:27:30 - Score: 840.0, Count: 1
INFO - 09/06/25 18:15:18 - 2:27:30 - Score: 805.0, Count: 1
INFO - 09/06/25 18:15:18 - 2:27:30 - Score: 801.0, Count: 1
INFO - 09/06/25 18:15:18 - 2:27:30 - Score: 793.0, Count: 1
INFO - 09/06/25 18:15:18 - 2:27:30 - Score: 786.0, Count: 1
INFO - 09/06/25 18:15:18 - 2:27:30 - Score: 783.0, Count: 1
INFO - 09/06/25 18:15:18 - 2:27:30 - Score: 780.0, Count: 1
INFO - 09/06/25 18:15:18 - 2:27:30 - Score: 777.0, Count: 1
INFO - 09/06/25 18:15:18 - 2:27:30 - Score: 776.0, Count: 1
INFO - 09/06/25 18:15:18 - 2:27:30 - Score: 774.0, Count: 1
INFO - 09/06/25 18:15:18 - 2:27:30 - Score: 768.0, Count: 4
INFO - 09/06/25 18:15:18 - 2:27:30 - tokenizing
INFO - 09/06/25 18:15:18 - 2:27:30 - Loading tokenizer from /home/yuebi/Project/dim11_run/dim11_run_10/7676/tokenizer_data/tokenizer.json...
INFO - 09/06/25 18:15:18 - 2:27:30 - 0 / 15
INFO - 09/06/25 18:15:18 - 2:27:30 - number of examples in the dataset: 15
INFO - 09/06/25 18:15:18 - 2:27:30 - max word length: 51
INFO - 09/06/25 18:15:18 - 2:27:30 - number of unique characters in the vocabulary: 25
INFO - 09/06/25 18:15:18 - 2:27:30 - vocabulary:
INFO - 09/06/25 18:15:18 - 2:27:30 - ['V0', 'V1', 'V2', 'V3', 'V4', 'V5', 'V6', 'V7', 'V8', 'V9', 'V10', 'V11', 'V12', 'V13', 'V14', 'V15', 'V16', 'V17', 'V18', 'V19', 'V20', 'V21', 'V22', 'V23', 'V24']
INFO - 09/06/25 18:15:18 - 2:27:30 - split up the dataset into 14 training examples and 1 test examples
INFO - 09/06/25 18:15:18 - 2:27:30 - ============ Start of generation 5 ============
INFO - 09/06/25 18:15:18 - 2:27:30 - Memory allocated:  41.84MB, reserved: 1854.00MB
INFO - 09/06/25 18:15:18 - 2:27:30 - training
INFO - 09/06/25 18:15:18 - 2:27:30 - step 0 | loss 6.7479 | step time 99.08ms
INFO - 09/06/25 18:15:28 - 2:27:40 - step 100 | loss 0.0849 | step time 92.38ms
INFO - 09/06/25 18:15:37 - 2:27:49 - step 200 | loss 0.0571 | step time 92.45ms
INFO - 09/06/25 18:15:46 - 2:27:58 - step 300 | loss 0.0541 | step time 92.35ms
INFO - 09/06/25 18:15:55 - 2:28:07 - step 400 | loss 0.0548 | step time 92.42ms
INFO - 09/06/25 18:16:05 - 2:28:17 - step 500 | loss 0.0536 | step time 92.42ms
INFO - 09/06/25 18:16:05 - 2:28:17 - step 500 train loss: 0.05353140830993652 test loss: 6.261251449584961
INFO - 09/06/25 18:16:05 - 2:28:17 - test loss 6.261251449584961 is the best so far, saving model to /home/yuebi/Project/dim11_run/dim11_run_10/7676/model.pt
INFO - 09/06/25 18:16:14 - 2:28:26 - step 600 | loss 0.0531 | step time 92.41ms
INFO - 09/06/25 18:16:23 - 2:28:35 - step 700 | loss 0.0533 | step time 92.45ms
INFO - 09/06/25 18:16:32 - 2:28:44 - step 800 | loss 0.0537 | step time 92.47ms
INFO - 09/06/25 18:16:42 - 2:28:54 - step 900 | loss 0.0547 | step time 92.37ms
INFO - 09/06/25 18:16:51 - 2:29:03 - Memory allocated:  41.84MB, reserved: 1854.00MB
INFO - 09/06/25 18:16:51 - 2:29:03 - generating
INFO - 09/06/25 18:16:51 - 2:29:03 - 50000 samples remaining
INFO - 09/06/25 18:50:01 - 3:02:13 - distribution of sample lengths: average: 155.91898 max: 346
INFO - 09/06/25 18:50:01 - 3:02:13 - printed 50000 samples
INFO - 09/06/25 18:50:01 - 3:02:13 - decoding
INFO - 09/06/25 18:50:01 - 3:02:13 - Decoding complete. Check the output in /home/yuebi/Project/dim11_run/dim11_run_10/7676/transformer-output-decoded.txt
INFO - 09/06/25 18:50:01 - 3:02:13 - Memory allocated:  41.84MB, reserved: 1854.00MB
INFO - 09/06/25 18:50:01 - 3:02:13 - ============ End of generation 5 ============
INFO - 09/06/25 18:50:01 - 3:02:13 - launching search.jl
INFO - 09/06/25 18:50:01 - 3:02:13 - JULIA_NUM_THREADS is set to 1
INFO - 09/06/25 18:50:23 - 3:02:35 - distribution of scores
INFO - 09/06/25 18:50:23 - 3:02:35 - Score: 769.0, Count: 1
INFO - 09/06/25 18:50:23 - 3:02:35 - Score: 732.0, Count: 1
INFO - 09/06/25 18:50:23 - 3:02:35 - Score: 729.0, Count: 1
INFO - 09/06/25 18:50:23 - 3:02:35 - Score: 728.0, Count: 2
INFO - 09/06/25 18:50:23 - 3:02:35 - Score: 726.0, Count: 1
INFO - 09/06/25 18:50:23 - 3:02:35 - Score: 724.0, Count: 1
INFO - 09/06/25 18:50:23 - 3:02:35 - Score: 715.0, Count: 1
INFO - 09/06/25 18:50:23 - 3:02:35 - Score: 706.0, Count: 1
INFO - 09/06/25 18:50:23 - 3:02:35 - Score: 705.0, Count: 2
INFO - 09/06/25 18:50:23 - 3:02:35 - Score: 704.0, Count: 1
INFO - 09/06/25 18:50:23 - 3:02:35 - Score: 701.0, Count: 1
INFO - 09/06/25 18:50:23 - 3:02:35 - Score: 700.0, Count: 1
INFO - 09/06/25 18:50:23 - 3:02:35 - Score: 696.0, Count: 1
INFO - 09/06/25 18:50:23 - 3:02:35 - tokenizing
INFO - 09/06/25 18:50:23 - 3:02:35 - Loading tokenizer from /home/yuebi/Project/dim11_run/dim11_run_10/7676/tokenizer_data/tokenizer.json...
INFO - 09/06/25 18:50:23 - 3:02:35 - 0 / 15
INFO - 09/06/25 18:50:23 - 3:02:35 - number of examples in the dataset: 15
INFO - 09/06/25 18:50:23 - 3:02:35 - max word length: 53
INFO - 09/06/25 18:50:23 - 3:02:35 - number of unique characters in the vocabulary: 25
INFO - 09/06/25 18:50:23 - 3:02:35 - vocabulary:
INFO - 09/06/25 18:50:23 - 3:02:35 - ['V0', 'V1', 'V2', 'V3', 'V4', 'V5', 'V6', 'V7', 'V8', 'V9', 'V10', 'V11', 'V12', 'V13', 'V14', 'V15', 'V16', 'V17', 'V18', 'V19', 'V20', 'V21', 'V22', 'V23', 'V24']
INFO - 09/06/25 18:50:23 - 3:02:35 - split up the dataset into 14 training examples and 1 test examples
INFO - 09/06/25 18:50:23 - 3:02:35 - ============ Start of generation 6 ============
INFO - 09/06/25 18:50:23 - 3:02:35 - Memory allocated:  41.84MB, reserved: 1854.00MB
INFO - 09/06/25 18:50:23 - 3:02:35 - training
INFO - 09/06/25 18:50:24 - 3:02:35 - step 0 | loss 5.5243 | step time 98.54ms
INFO - 09/06/25 18:50:33 - 3:02:45 - step 100 | loss 0.0717 | step time 92.42ms
INFO - 09/06/25 18:50:42 - 3:02:54 - step 200 | loss 0.0559 | step time 92.44ms
INFO - 09/06/25 18:50:51 - 3:03:03 - step 300 | loss 0.0524 | step time 92.43ms
INFO - 09/06/25 18:51:01 - 3:03:12 - step 400 | loss 0.0523 | step time 92.47ms
INFO - 09/06/25 18:51:10 - 3:03:22 - step 500 | loss 0.0527 | step time 92.36ms
INFO - 09/06/25 18:51:10 - 3:03:22 - step 500 train loss: 0.05269014462828636 test loss: 6.818759918212891
INFO - 09/06/25 18:51:10 - 3:03:22 - test loss 6.818759918212891 is the best so far, saving model to /home/yuebi/Project/dim11_run/dim11_run_10/7676/model.pt
INFO - 09/06/25 18:51:19 - 3:03:31 - step 600 | loss 0.0529 | step time 92.44ms
INFO - 09/06/25 18:51:28 - 3:03:40 - step 700 | loss 0.0512 | step time 92.46ms
INFO - 09/06/25 18:51:38 - 3:03:49 - step 800 | loss 0.0534 | step time 92.37ms
INFO - 09/06/25 18:51:47 - 3:03:59 - step 900 | loss 0.0532 | step time 92.50ms
INFO - 09/06/25 18:51:56 - 3:04:08 - Memory allocated:  41.84MB, reserved: 1854.00MB
INFO - 09/06/25 18:51:56 - 3:04:08 - generating
INFO - 09/06/25 18:51:56 - 3:04:08 - 50000 samples remaining
INFO - 09/06/25 19:25:06 - 3:37:18 - distribution of sample lengths: average: 161.43338 max: 431
INFO - 09/06/25 19:25:06 - 3:37:18 - printed 50000 samples
INFO - 09/06/25 19:25:06 - 3:37:18 - decoding
INFO - 09/06/25 19:25:07 - 3:37:19 - Decoding complete. Check the output in /home/yuebi/Project/dim11_run/dim11_run_10/7676/transformer-output-decoded.txt
INFO - 09/06/25 19:25:07 - 3:37:19 - Memory allocated:  41.84MB, reserved: 1854.00MB
INFO - 09/06/25 19:25:07 - 3:37:19 - ============ End of generation 6 ============
INFO - 09/06/25 19:25:07 - 3:37:19 - launching search.jl
INFO - 09/06/25 19:25:07 - 3:37:19 - JULIA_NUM_THREADS is set to 1
INFO - 09/06/25 19:27:13 - 3:39:25 - distribution of scores
INFO - 09/06/25 19:27:13 - 3:39:25 - Score: 837.0, Count: 3
INFO - 09/06/25 19:27:13 - 3:39:25 - Score: 832.0, Count: 1
INFO - 09/06/25 19:27:13 - 3:39:25 - Score: 819.0, Count: 3
INFO - 09/06/25 19:27:13 - 3:39:25 - Score: 807.0, Count: 2
INFO - 09/06/25 19:27:13 - 3:39:25 - Score: 805.0, Count: 1
INFO - 09/06/25 19:27:13 - 3:39:25 - Score: 798.0, Count: 1
INFO - 09/06/25 19:27:13 - 3:39:25 - Score: 795.0, Count: 1
INFO - 09/06/25 19:27:13 - 3:39:25 - Score: 793.0, Count: 1
INFO - 09/06/25 19:27:13 - 3:39:25 - Score: 788.0, Count: 1
INFO - 09/06/25 19:27:13 - 3:39:25 - Score: 786.0, Count: 1
INFO - 09/06/25 19:27:13 - 3:39:25 - tokenizing
INFO - 09/06/25 19:27:13 - 3:39:25 - Loading tokenizer from /home/yuebi/Project/dim11_run/dim11_run_10/7676/tokenizer_data/tokenizer.json...
INFO - 09/06/25 19:27:13 - 3:39:25 - 0 / 15
INFO - 09/06/25 19:27:13 - 3:39:25 - number of examples in the dataset: 15
INFO - 09/06/25 19:27:13 - 3:39:25 - max word length: 52
INFO - 09/06/25 19:27:13 - 3:39:25 - number of unique characters in the vocabulary: 25
INFO - 09/06/25 19:27:13 - 3:39:25 - vocabulary:
INFO - 09/06/25 19:27:13 - 3:39:25 - ['V0', 'V1', 'V2', 'V3', 'V4', 'V5', 'V6', 'V7', 'V8', 'V9', 'V10', 'V11', 'V12', 'V13', 'V14', 'V15', 'V16', 'V17', 'V18', 'V19', 'V20', 'V21', 'V22', 'V23', 'V24']
INFO - 09/06/25 19:27:13 - 3:39:25 - split up the dataset into 14 training examples and 1 test examples
INFO - 09/06/25 19:27:13 - 3:39:25 - ============ Start of generation 7 ============
INFO - 09/06/25 19:27:13 - 3:39:25 - Memory allocated:  41.84MB, reserved: 1854.00MB
INFO - 09/06/25 19:27:13 - 3:39:25 - training
INFO - 09/06/25 19:27:14 - 3:39:26 - step 0 | loss 7.1124 | step time 98.29ms
INFO - 09/06/25 19:27:23 - 3:39:35 - step 100 | loss 0.0907 | step time 92.26ms
INFO - 09/06/25 19:27:32 - 3:39:44 - step 200 | loss 0.0603 | step time 92.40ms
INFO - 09/06/25 19:27:41 - 3:39:53 - step 300 | loss 0.0559 | step time 92.38ms
INFO - 09/06/25 19:27:51 - 3:40:03 - step 400 | loss 0.0544 | step time 92.45ms
INFO - 09/06/25 19:28:00 - 3:40:12 - step 500 | loss 0.0542 | step time 92.42ms
INFO - 09/06/25 19:28:00 - 3:40:12 - step 500 train loss: 0.053335607051849365 test loss: 6.251643180847168
INFO - 09/06/25 19:28:00 - 3:40:12 - test loss 6.251643180847168 is the best so far, saving model to /home/yuebi/Project/dim11_run/dim11_run_10/7676/model.pt
INFO - 09/06/25 19:28:09 - 3:40:21 - step 600 | loss 0.0524 | step time 92.37ms
INFO - 09/06/25 19:28:18 - 3:40:30 - step 700 | loss 0.0548 | step time 92.38ms
INFO - 09/06/25 19:28:28 - 3:40:40 - step 800 | loss 0.0555 | step time 92.77ms
INFO - 09/06/25 19:28:37 - 3:40:49 - step 900 | loss 0.0537 | step time 92.39ms
INFO - 09/06/25 19:28:46 - 3:40:58 - Memory allocated:  41.84MB, reserved: 1854.00MB
INFO - 09/06/25 19:28:46 - 3:40:58 - generating
INFO - 09/06/25 19:28:46 - 3:40:58 - 50000 samples remaining
