INFO - 10/08/25 03:03:30 - 0:00:00 - ============ Initialized logger ============
INFO - 10/08/25 03:03:30 - 0:00:00 - batch_size: 32
                                     command: python fc_loop.py --exp_name=dim11_run_30 --dump_path=/home/yuebi/Project/dim11_run --num_initial_empty_objects=500 --final_database_size=20 --target_db_size=20 --nb_local_searches=800 --max_epochs=20 --type=transformer --max-output-length=131 --sample-only=50000 --max-steps=1500 --n_tokens=15 --n-layer=8 --n-embd=128 --n-embd2=128 --exp_id=1234 --exp_id "1234"
                                     cpu: False
                                     debug: False
                                     debug_slurm: False
                                     dump_path: /home/yuebi/Project/dim11_run/dim11_run_30/1234
                                     exp_id: 1234
                                     exp_name: dim11_run_30
                                     final_database_size: 20
                                     gen_batch_size: 1000
                                     global_rank: 0
                                     is_master: True
                                     is_slurm_job: True
                                     learning_rate: 0.0005
                                     local_rank: 0
                                     master_addr: gpu-6
                                     master_port: -1
                                     max_epochs: 20
                                     max_output_length: 131
                                     max_steps: 1500
                                     multi_gpu: False
                                     multi_node: False
                                     n_embd: 128
                                     n_embd2: 128
                                     n_gpu_per_node: 1
                                     n_head: 8
                                     n_layer: 8
                                     n_nodes: 1
                                     n_tokens: 15
                                     nb_local_searches: 800
                                     nb_threads: 1
                                     node_id: 0
                                     num_initial_empty_objects: 500
                                     num_workers: 8
                                     sample_only: 50000
                                     seed: -1
                                     target_db_size: 20
                                     temperature: 1.0
                                     top_k: -1
                                     type: transformer
                                     weight_decay: 0.01
                                     world_size: 1
INFO - 10/08/25 03:03:30 - 0:00:00 - The experiment will be stored in /home/yuebi/Project/dim11_run/dim11_run_30/1234
                                     
INFO - 10/08/25 03:03:30 - 0:00:00 - Running command: python fc_loop.py --exp_name=dim11_run_30 --dump_path=/home/yuebi/Project/dim11_run --num_initial_empty_objects=500 --final_database_size=20 --target_db_size=20 --nb_local_searches=800 --max_epochs=20 --type=transformer --max-output-length=131 --sample-only=50000 --max-steps=1500 --n_tokens=15 --n-layer=8 --n-embd=128 --n-embd2=128 --exp_id=1234

WARNING - 10/08/25 03:03:30 - 0:00:00 - Signal handler installed.
INFO - 10/08/25 03:03:30 - 0:00:00 - seed: 965100183
INFO - 10/08/25 03:03:30 - 0:00:00 - JULIA_NUM_THREADS is set to 1
INFO - 10/08/25 03:03:37 - 0:00:07 - Created /home/yuebi/Project/dim11_run/dim11_run_30/1234/temp.txt and training tokenizer...
INFO - 10/08/25 03:03:37 - 0:00:07 - Directory '/home/yuebi/Project/dim11_run/dim11_run_30/1234/tokenizer_data' created.
INFO - 10/08/25 03:03:37 - 0:00:07 - File '/home/yuebi/Project/dim11_run/dim11_run_30/1234/temp.txt' has been deleted.
INFO - 10/08/25 03:03:37 - 0:00:07 - 0 / 20
INFO - 10/08/25 03:03:37 - 0:00:07 - initializing at generation: 1
INFO - 10/08/25 03:03:37 - 0:00:07 - number of examples in the dataset: 20
INFO - 10/08/25 03:03:37 - 0:00:07 - max word length: 58
INFO - 10/08/25 03:03:37 - 0:00:07 - number of unique characters in the vocabulary: 15
INFO - 10/08/25 03:03:37 - 0:00:07 - vocabulary:
INFO - 10/08/25 03:03:37 - 0:00:07 - ['V0', 'V1', 'V2', 'V3', 'V4', 'V5', 'V6', 'V7', 'V8', 'V9', 'V10', 'V11', 'V12', 'V13', 'V14']
INFO - 10/08/25 03:03:37 - 0:00:07 - split up the dataset into 18 training examples and 2 test examples
INFO - 10/08/25 03:03:37 - 0:00:07 - dataset determined that: vocab_size=16, block_size=132
INFO - 10/08/25 03:03:37 - 0:00:07 - model #params: 1607424
INFO - 10/08/25 03:03:37 - 0:00:07 - ============ Start of generation 1 ============
INFO - 10/08/25 03:03:37 - 0:00:07 - Memory allocated:  6.67MB, reserved: 8.00MB
INFO - 10/08/25 03:03:37 - 0:00:07 - training
INFO - 10/08/25 03:03:41 - 0:00:11 - step 0 | loss 2.9804 | step time 433.46ms
INFO - 10/08/25 03:03:51 - 0:00:21 - step 100 | loss 0.0721 | step time 92.58ms
INFO - 10/08/25 03:04:00 - 0:00:30 - step 200 | loss 0.0591 | step time 92.21ms
INFO - 10/08/25 03:04:09 - 0:00:39 - step 300 | loss 0.0581 | step time 92.19ms
INFO - 10/08/25 03:04:18 - 0:00:48 - step 400 | loss 0.0536 | step time 92.45ms
INFO - 10/08/25 03:04:27 - 0:00:57 - step 500 | loss 0.0541 | step time 92.15ms
INFO - 10/08/25 03:04:28 - 0:00:58 - step 500 train loss: 0.0545462965965271 test loss: 5.347503185272217
INFO - 10/08/25 03:04:28 - 0:00:58 - test loss 5.347503185272217 is the best so far, saving model to /home/yuebi/Project/dim11_run/dim11_run_30/1234/model.pt
INFO - 10/08/25 03:04:37 - 0:01:07 - step 600 | loss 0.0550 | step time 92.34ms
INFO - 10/08/25 03:04:46 - 0:01:16 - step 700 | loss 0.0546 | step time 92.10ms
INFO - 10/08/25 03:04:55 - 0:01:25 - step 800 | loss 0.0553 | step time 92.23ms
INFO - 10/08/25 03:05:04 - 0:01:34 - step 900 | loss 0.0634 | step time 92.08ms
INFO - 10/08/25 03:05:14 - 0:01:44 - step 1000 | loss 0.0538 | step time 92.17ms
INFO - 10/08/25 03:05:14 - 0:01:44 - step 1000 train loss: 0.053907040506601334 test loss: 5.7704033851623535
INFO - 10/08/25 03:05:23 - 0:01:53 - step 1100 | loss 0.0529 | step time 92.31ms
INFO - 10/08/25 03:05:32 - 0:02:02 - step 1200 | loss 0.0531 | step time 92.24ms
INFO - 10/08/25 03:05:41 - 0:02:11 - step 1300 | loss 0.0539 | step time 92.33ms
INFO - 10/08/25 03:05:51 - 0:02:21 - step 1400 | loss 0.0535 | step time 92.20ms
INFO - 10/08/25 03:06:00 - 0:02:30 - Memory allocated:  41.64MB, reserved: 742.00MB
INFO - 10/08/25 03:06:00 - 0:02:30 - generating
INFO - 10/08/25 03:06:00 - 0:02:30 - 50000 samples remaining
INFO - 10/08/25 03:39:12 - 0:35:42 - distribution of sample lengths: average: 169.78518 max: 404
INFO - 10/08/25 03:39:12 - 0:35:42 - printed 50000 samples
INFO - 10/08/25 03:39:12 - 0:35:42 - decoding
INFO - 10/08/25 03:39:12 - 0:35:42 - Decoding complete. Check the output in /home/yuebi/Project/dim11_run/dim11_run_30/1234/transformer-output-decoded.txt
INFO - 10/08/25 03:39:12 - 0:35:42 - Memory allocated:  41.64MB, reserved: 1854.00MB
INFO - 10/08/25 03:39:12 - 0:35:42 - ============ End of generation 1 ============
INFO - 10/08/25 03:39:12 - 0:35:42 - launching search.jl
INFO - 10/08/25 03:39:12 - 0:35:42 - JULIA_NUM_THREADS is set to 1
INFO - 10/08/25 03:41:20 - 0:37:50 - distribution of scores(all rounds)
INFO - 10/08/25 03:41:20 - 0:37:50 - Score:1458.0, Count:1
                                     
INFO - 10/08/25 03:41:20 - 0:37:50 - Score:945.0, Count:1
                                     
INFO - 10/08/25 03:41:20 - 0:37:50 - Score:891.0, Count:1
                                     
INFO - 10/08/25 03:41:20 - 0:37:50 - Score:882.0, Count:1
                                     
INFO - 10/08/25 03:41:20 - 0:37:50 - Score:840.0, Count:1
                                     
INFO - 10/08/25 03:41:20 - 0:37:50 - Score:837.0, Count:2
                                     
INFO - 10/08/25 03:41:20 - 0:37:50 - Score:819.0, Count:1
                                     
INFO - 10/08/25 03:41:20 - 0:37:50 - Score:810.0, Count:1
                                     
INFO - 10/08/25 03:41:20 - 0:37:50 - Score:800.0, Count:2
                                     
INFO - 10/08/25 03:41:20 - 0:37:50 - Score:795.0, Count:1
                                     
INFO - 10/08/25 03:41:20 - 0:37:50 - Score:784.0, Count:3
                                     
INFO - 10/08/25 03:41:20 - 0:37:50 - Score:783.0, Count:2
                                     
INFO - 10/08/25 03:41:20 - 0:37:50 - Score:777.0, Count:1
                                     
INFO - 10/08/25 03:41:20 - 0:37:50 - Score:776.0, Count:2
                                     
INFO - 10/08/25 03:41:20 - 0:37:50 - tokenizing
INFO - 10/08/25 03:41:20 - 0:37:50 - Loading tokenizer from /home/yuebi/Project/dim11_run/dim11_run_30/1234/tokenizer_data/tokenizer.json...
INFO - 10/08/25 03:41:20 - 0:37:50 - 0 / 20
INFO - 10/08/25 03:41:20 - 0:37:50 - number of examples in the dataset: 20
INFO - 10/08/25 03:41:20 - 0:37:50 - max word length: 59
INFO - 10/08/25 03:41:20 - 0:37:50 - number of unique characters in the vocabulary: 15
INFO - 10/08/25 03:41:20 - 0:37:50 - vocabulary:
INFO - 10/08/25 03:41:20 - 0:37:50 - ['V0', 'V1', 'V2', 'V3', 'V4', 'V5', 'V6', 'V7', 'V8', 'V9', 'V10', 'V11', 'V12', 'V13', 'V14']
INFO - 10/08/25 03:41:20 - 0:37:50 - split up the dataset into 18 training examples and 2 test examples
INFO - 10/08/25 03:41:20 - 0:37:50 - ============ Start of generation 2 ============
INFO - 10/08/25 03:41:20 - 0:37:50 - Memory allocated:  41.64MB, reserved: 1854.00MB
INFO - 10/08/25 03:41:20 - 0:37:50 - training
INFO - 10/08/25 03:41:21 - 0:37:51 - step 0 | loss 6.2097 | step time 99.47ms
INFO - 10/08/25 03:41:30 - 0:38:00 - step 100 | loss 0.0680 | step time 92.28ms
INFO - 10/08/25 03:41:39 - 0:38:09 - step 200 | loss 0.0552 | step time 92.38ms
INFO - 10/08/25 03:41:48 - 0:38:18 - step 300 | loss 0.0540 | step time 92.36ms
INFO - 10/08/25 03:41:58 - 0:38:28 - step 400 | loss 0.0526 | step time 92.38ms
INFO - 10/08/25 03:42:07 - 0:38:37 - step 500 | loss 0.0530 | step time 92.47ms
INFO - 10/08/25 03:42:07 - 0:38:37 - step 500 train loss: 0.05201366916298866 test loss: 6.21646785736084
INFO - 10/08/25 03:42:07 - 0:38:37 - test loss 6.21646785736084 is the best so far, saving model to /home/yuebi/Project/dim11_run/dim11_run_30/1234/model.pt
INFO - 10/08/25 03:42:16 - 0:38:46 - step 600 | loss 0.0511 | step time 92.32ms
INFO - 10/08/25 03:42:25 - 0:38:55 - step 700 | loss 0.0522 | step time 92.65ms
INFO - 10/08/25 03:42:35 - 0:39:05 - step 800 | loss 0.0506 | step time 92.48ms
INFO - 10/08/25 03:42:44 - 0:39:14 - step 900 | loss 0.0514 | step time 92.65ms
INFO - 10/08/25 03:42:53 - 0:39:23 - step 1000 | loss 0.1155 | step time 92.18ms
INFO - 10/08/25 03:42:53 - 0:39:23 - step 1000 train loss: 0.0940331444144249 test loss: 5.543293476104736
INFO - 10/08/25 03:42:53 - 0:39:23 - test loss 5.543293476104736 is the best so far, saving model to /home/yuebi/Project/dim11_run/dim11_run_30/1234/model.pt
INFO - 10/08/25 03:43:02 - 0:39:32 - step 1100 | loss 0.0519 | step time 92.31ms
INFO - 10/08/25 03:43:12 - 0:39:42 - step 1200 | loss 0.0502 | step time 92.24ms
INFO - 10/08/25 03:43:21 - 0:39:51 - step 1300 | loss 0.0520 | step time 92.24ms
INFO - 10/08/25 03:43:30 - 0:40:00 - step 1400 | loss 0.0518 | step time 92.42ms
INFO - 10/08/25 03:43:39 - 0:40:09 - Memory allocated:  41.64MB, reserved: 1854.00MB
INFO - 10/08/25 03:43:39 - 0:40:09 - generating
INFO - 10/08/25 03:43:39 - 0:40:09 - 50000 samples remaining
INFO - 10/08/25 04:16:52 - 1:13:22 - distribution of sample lengths: average: 174.52526 max: 373
INFO - 10/08/25 04:16:52 - 1:13:22 - printed 50000 samples
INFO - 10/08/25 04:16:52 - 1:13:22 - decoding
INFO - 10/08/25 04:16:53 - 1:13:23 - Decoding complete. Check the output in /home/yuebi/Project/dim11_run/dim11_run_30/1234/transformer-output-decoded.txt
INFO - 10/08/25 04:16:53 - 1:13:23 - Memory allocated:  41.64MB, reserved: 1854.00MB
INFO - 10/08/25 04:16:53 - 1:13:23 - ============ End of generation 2 ============
INFO - 10/08/25 04:16:53 - 1:13:23 - launching search.jl
INFO - 10/08/25 04:16:53 - 1:13:23 - JULIA_NUM_THREADS is set to 1
INFO - 10/08/25 04:18:59 - 1:15:29 - distribution of scores(all rounds)
INFO - 10/08/25 04:18:59 - 1:15:29 - Score:1458.0, Count:2
                                     
INFO - 10/08/25 04:18:59 - 1:15:29 - Score:1053.0, Count:1
                                     
INFO - 10/08/25 04:18:59 - 1:15:29 - Score:945.0, Count:1
                                     
INFO - 10/08/25 04:18:59 - 1:15:29 - Score:891.0, Count:1
                                     
INFO - 10/08/25 04:18:59 - 1:15:29 - Score:882.0, Count:2
                                     
INFO - 10/08/25 04:18:59 - 1:15:29 - Score:840.0, Count:2
                                     
INFO - 10/08/25 04:18:59 - 1:15:29 - Score:837.0, Count:3
                                     
INFO - 10/08/25 04:18:59 - 1:15:29 - Score:819.0, Count:1
                                     
INFO - 10/08/25 04:18:59 - 1:15:29 - Score:810.0, Count:2
                                     
INFO - 10/08/25 04:18:59 - 1:15:29 - Score:805.0, Count:1
                                     
INFO - 10/08/25 04:18:59 - 1:15:29 - Score:800.0, Count:2
                                     
INFO - 10/08/25 04:18:59 - 1:15:29 - Score:798.0, Count:1
                                     
INFO - 10/08/25 04:18:59 - 1:15:29 - Score:795.0, Count:1
                                     
INFO - 10/08/25 04:18:59 - 1:15:29 - Score:786.0, Count:0
                                     
INFO - 10/08/25 04:18:59 - 1:15:29 - tokenizing
INFO - 10/08/25 04:18:59 - 1:15:29 - Loading tokenizer from /home/yuebi/Project/dim11_run/dim11_run_30/1234/tokenizer_data/tokenizer.json...
INFO - 10/08/25 04:18:59 - 1:15:29 - 0 / 20
INFO - 10/08/25 04:18:59 - 1:15:29 - number of examples in the dataset: 20
INFO - 10/08/25 04:18:59 - 1:15:29 - max word length: 60
INFO - 10/08/25 04:18:59 - 1:15:29 - number of unique characters in the vocabulary: 15
INFO - 10/08/25 04:18:59 - 1:15:29 - vocabulary:
INFO - 10/08/25 04:18:59 - 1:15:29 - ['V0', 'V1', 'V2', 'V3', 'V4', 'V5', 'V6', 'V7', 'V8', 'V9', 'V10', 'V11', 'V12', 'V13', 'V14']
INFO - 10/08/25 04:18:59 - 1:15:29 - split up the dataset into 18 training examples and 2 test examples
INFO - 10/08/25 04:18:59 - 1:15:29 - ============ Start of generation 3 ============
INFO - 10/08/25 04:18:59 - 1:15:29 - Memory allocated:  41.64MB, reserved: 1854.00MB
INFO - 10/08/25 04:18:59 - 1:15:29 - training
INFO - 10/08/25 04:18:59 - 1:15:29 - step 0 | loss 6.4492 | step time 100.27ms
INFO - 10/08/25 04:19:08 - 1:15:38 - step 100 | loss 0.0697 | step time 92.45ms
INFO - 10/08/25 04:19:17 - 1:15:47 - step 200 | loss 0.0544 | step time 92.22ms
INFO - 10/08/25 04:19:27 - 1:15:57 - step 300 | loss 0.0528 | step time 92.46ms
INFO - 10/08/25 04:19:36 - 1:16:06 - step 400 | loss 0.0547 | step time 92.30ms
INFO - 10/08/25 04:19:45 - 1:16:15 - step 500 | loss 0.0515 | step time 92.40ms
INFO - 10/08/25 04:19:45 - 1:16:15 - step 500 train loss: 0.05350874364376068 test loss: 5.970712184906006
INFO - 10/08/25 04:19:45 - 1:16:15 - test loss 5.970712184906006 is the best so far, saving model to /home/yuebi/Project/dim11_run/dim11_run_30/1234/model.pt
INFO - 10/08/25 04:19:54 - 1:16:24 - step 600 | loss 0.0518 | step time 92.34ms
INFO - 10/08/25 04:20:03 - 1:16:34 - step 700 | loss 0.0525 | step time 92.61ms
INFO - 10/08/25 04:20:13 - 1:16:43 - step 800 | loss 0.0527 | step time 92.26ms
INFO - 10/08/25 04:20:22 - 1:16:52 - step 900 | loss 0.0508 | step time 92.51ms
INFO - 10/08/25 04:20:31 - 1:17:01 - step 1000 | loss 0.0539 | step time 92.53ms
INFO - 10/08/25 04:20:31 - 1:17:01 - step 1000 train loss: 0.0528179407119751 test loss: 6.423640251159668
INFO - 10/08/25 04:20:40 - 1:17:10 - step 1100 | loss 0.0507 | step time 92.31ms
INFO - 10/08/25 04:20:50 - 1:17:20 - step 1200 | loss 0.0534 | step time 92.40ms
INFO - 10/08/25 04:20:59 - 1:17:29 - step 1300 | loss 0.0514 | step time 92.28ms
INFO - 10/08/25 04:21:08 - 1:17:38 - step 1400 | loss 0.0529 | step time 92.34ms
INFO - 10/08/25 04:21:17 - 1:17:47 - Memory allocated:  41.64MB, reserved: 1854.00MB
INFO - 10/08/25 04:21:17 - 1:17:47 - generating
INFO - 10/08/25 04:21:17 - 1:17:47 - 50000 samples remaining
INFO - 10/08/25 04:54:29 - 1:50:59 - distribution of sample lengths: average: 172.27602 max: 404
INFO - 10/08/25 04:54:29 - 1:50:59 - printed 50000 samples
INFO - 10/08/25 04:54:29 - 1:50:59 - decoding
INFO - 10/08/25 04:54:29 - 1:51:00 - Decoding complete. Check the output in /home/yuebi/Project/dim11_run/dim11_run_30/1234/transformer-output-decoded.txt
INFO - 10/08/25 04:54:30 - 1:51:00 - Memory allocated:  41.64MB, reserved: 1854.00MB
INFO - 10/08/25 04:54:30 - 1:51:00 - ============ End of generation 3 ============
INFO - 10/08/25 04:54:30 - 1:51:00 - launching search.jl
INFO - 10/08/25 04:54:30 - 1:51:00 - JULIA_NUM_THREADS is set to 1
INFO - 10/08/25 04:56:38 - 1:53:08 - distribution of scores(all rounds)
INFO - 10/08/25 04:56:38 - 1:53:08 - Score:1458.0, Count:3
                                     
INFO - 10/08/25 04:56:38 - 1:53:08 - Score:1053.0, Count:1
                                     
INFO - 10/08/25 04:56:38 - 1:53:08 - Score:945.0, Count:1
                                     
INFO - 10/08/25 04:56:38 - 1:53:08 - Score:891.0, Count:1
                                     
INFO - 10/08/25 04:56:38 - 1:53:08 - Score:882.0, Count:2
                                     
INFO - 10/08/25 04:56:38 - 1:53:08 - Score:840.0, Count:2
                                     
INFO - 10/08/25 04:56:38 - 1:53:08 - Score:837.0, Count:3
                                     
INFO - 10/08/25 04:56:38 - 1:53:08 - Score:819.0, Count:1
                                     
INFO - 10/08/25 04:56:38 - 1:53:08 - Score:810.0, Count:2
                                     
INFO - 10/08/25 04:56:38 - 1:53:08 - Score:805.0, Count:1
                                     
INFO - 10/08/25 04:56:38 - 1:53:08 - Score:800.0, Count:3
                                     
INFO - 10/08/25 04:56:38 - 1:53:08 - tokenizing
INFO - 10/08/25 04:56:38 - 1:53:08 - Loading tokenizer from /home/yuebi/Project/dim11_run/dim11_run_30/1234/tokenizer_data/tokenizer.json...
INFO - 10/08/25 04:56:38 - 1:53:08 - 0 / 20
INFO - 10/08/25 04:56:38 - 1:53:08 - number of examples in the dataset: 20
INFO - 10/08/25 04:56:38 - 1:53:08 - max word length: 57
INFO - 10/08/25 04:56:38 - 1:53:08 - number of unique characters in the vocabulary: 15
INFO - 10/08/25 04:56:38 - 1:53:08 - vocabulary:
INFO - 10/08/25 04:56:38 - 1:53:08 - ['V0', 'V1', 'V2', 'V3', 'V4', 'V5', 'V6', 'V7', 'V8', 'V9', 'V10', 'V11', 'V12', 'V13', 'V14']
INFO - 10/08/25 04:56:38 - 1:53:08 - split up the dataset into 18 training examples and 2 test examples
INFO - 10/08/25 04:56:38 - 1:53:08 - ============ Start of generation 4 ============
INFO - 10/08/25 04:56:38 - 1:53:08 - Memory allocated:  41.64MB, reserved: 1854.00MB
INFO - 10/08/25 04:56:38 - 1:53:08 - training
INFO - 10/08/25 04:56:39 - 1:53:09 - step 0 | loss 6.1768 | step time 98.86ms
INFO - 10/08/25 04:56:48 - 1:53:18 - step 100 | loss 0.0931 | step time 92.62ms
INFO - 10/08/25 04:56:57 - 1:53:27 - step 200 | loss 0.0593 | step time 92.28ms
INFO - 10/08/25 04:57:06 - 1:53:36 - step 300 | loss 0.0542 | step time 92.29ms
INFO - 10/08/25 04:57:16 - 1:53:46 - step 400 | loss 0.0538 | step time 92.58ms
INFO - 10/08/25 04:57:25 - 1:53:55 - step 500 | loss 0.0525 | step time 92.50ms
INFO - 10/08/25 04:57:25 - 1:53:55 - step 500 train loss: 0.05397645756602287 test loss: 6.722811698913574
INFO - 10/08/25 04:57:25 - 1:53:55 - test loss 6.722811698913574 is the best so far, saving model to /home/yuebi/Project/dim11_run/dim11_run_30/1234/model.pt
INFO - 10/08/25 04:57:34 - 1:54:04 - step 600 | loss 0.0537 | step time 92.49ms
INFO - 10/08/25 04:57:43 - 1:54:13 - step 700 | loss 0.0558 | step time 92.40ms
INFO - 10/08/25 04:57:53 - 1:54:23 - step 800 | loss 0.0560 | step time 92.44ms
INFO - 10/08/25 04:58:02 - 1:54:32 - step 900 | loss 0.0515 | step time 92.37ms
INFO - 10/08/25 04:58:11 - 1:54:41 - step 1000 | loss 0.0547 | step time 92.75ms
INFO - 10/08/25 04:58:11 - 1:54:41 - step 1000 train loss: 0.05298088118433952 test loss: 7.268774032592773
INFO - 10/08/25 04:58:20 - 1:54:50 - step 1100 | loss 0.0521 | step time 92.29ms
INFO - 10/08/25 04:58:30 - 1:55:00 - step 1200 | loss 0.0525 | step time 92.30ms
INFO - 10/08/25 04:58:39 - 1:55:09 - step 1300 | loss 0.0537 | step time 92.45ms
INFO - 10/08/25 04:58:48 - 1:55:18 - step 1400 | loss 0.0529 | step time 92.26ms
INFO - 10/08/25 04:58:57 - 1:55:27 - Memory allocated:  41.64MB, reserved: 1854.00MB
INFO - 10/08/25 04:58:57 - 1:55:27 - generating
INFO - 10/08/25 04:58:57 - 1:55:27 - 50000 samples remaining
INFO - 10/08/25 05:32:09 - 2:28:39 - distribution of sample lengths: average: 169.80944 max: 416
INFO - 10/08/25 05:32:09 - 2:28:39 - printed 50000 samples
INFO - 10/08/25 05:32:09 - 2:28:39 - decoding
INFO - 10/08/25 05:32:09 - 2:28:39 - Decoding complete. Check the output in /home/yuebi/Project/dim11_run/dim11_run_30/1234/transformer-output-decoded.txt
INFO - 10/08/25 05:32:09 - 2:28:39 - Memory allocated:  41.64MB, reserved: 1854.00MB
INFO - 10/08/25 05:32:09 - 2:28:39 - ============ End of generation 4 ============
INFO - 10/08/25 05:32:09 - 2:28:39 - launching search.jl
INFO - 10/08/25 05:32:09 - 2:28:39 - JULIA_NUM_THREADS is set to 1
INFO - 10/08/25 05:34:16 - 2:30:46 - distribution of scores(all rounds)
INFO - 10/08/25 05:34:16 - 2:30:46 - Score:1458.0, Count:4
                                     
INFO - 10/08/25 05:34:16 - 2:30:46 - Score:1053.0, Count:1
                                     
INFO - 10/08/25 05:34:16 - 2:30:46 - Score:945.0, Count:1
                                     
INFO - 10/08/25 05:34:16 - 2:30:46 - Score:891.0, Count:1
                                     
INFO - 10/08/25 05:34:16 - 2:30:46 - Score:882.0, Count:2
                                     
INFO - 10/08/25 05:34:16 - 2:30:46 - Score:873.0, Count:1
                                     
INFO - 10/08/25 05:34:16 - 2:30:46 - Score:864.0, Count:1
                                     
INFO - 10/08/25 05:34:16 - 2:30:46 - Score:840.0, Count:2
                                     
INFO - 10/08/25 05:34:16 - 2:30:46 - Score:837.0, Count:3
                                     
INFO - 10/08/25 05:34:16 - 2:30:46 - Score:819.0, Count:1
                                     
INFO - 10/08/25 05:34:16 - 2:30:46 - Score:810.0, Count:2
                                     
INFO - 10/08/25 05:34:16 - 2:30:46 - Score:805.0, Count:1
                                     
INFO - 10/08/25 05:34:16 - 2:30:46 - Score:801.0, Count:0
                                     
INFO - 10/08/25 05:34:16 - 2:30:46 - tokenizing
INFO - 10/08/25 05:34:16 - 2:30:46 - Loading tokenizer from /home/yuebi/Project/dim11_run/dim11_run_30/1234/tokenizer_data/tokenizer.json...
INFO - 10/08/25 05:34:16 - 2:30:46 - 0 / 20
INFO - 10/08/25 05:34:16 - 2:30:46 - number of examples in the dataset: 20
INFO - 10/08/25 05:34:16 - 2:30:46 - max word length: 59
INFO - 10/08/25 05:34:16 - 2:30:46 - number of unique characters in the vocabulary: 15
INFO - 10/08/25 05:34:16 - 2:30:46 - vocabulary:
INFO - 10/08/25 05:34:16 - 2:30:46 - ['V0', 'V1', 'V2', 'V3', 'V4', 'V5', 'V6', 'V7', 'V8', 'V9', 'V10', 'V11', 'V12', 'V13', 'V14']
INFO - 10/08/25 05:34:16 - 2:30:46 - split up the dataset into 18 training examples and 2 test examples
INFO - 10/08/25 05:34:16 - 2:30:46 - ============ Start of generation 5 ============
INFO - 10/08/25 05:34:16 - 2:30:46 - Memory allocated:  41.64MB, reserved: 1854.00MB
INFO - 10/08/25 05:34:16 - 2:30:46 - training
INFO - 10/08/25 05:34:17 - 2:30:47 - step 0 | loss 6.8272 | step time 98.80ms
INFO - 10/08/25 05:34:26 - 2:30:56 - step 100 | loss 0.0781 | step time 92.29ms
INFO - 10/08/25 05:34:35 - 2:31:05 - step 200 | loss 0.0592 | step time 92.47ms
INFO - 10/08/25 05:34:44 - 2:31:14 - step 300 | loss 0.0523 | step time 92.37ms
INFO - 10/08/25 05:34:54 - 2:31:24 - step 400 | loss 0.0534 | step time 92.33ms
INFO - 10/08/25 05:35:03 - 2:31:33 - step 500 | loss 0.0506 | step time 92.31ms
INFO - 10/08/25 05:35:03 - 2:31:33 - step 500 train loss: 0.052497465163469315 test loss: 4.140374660491943
INFO - 10/08/25 05:35:03 - 2:31:33 - test loss 4.140374660491943 is the best so far, saving model to /home/yuebi/Project/dim11_run/dim11_run_30/1234/model.pt
INFO - 10/08/25 05:35:12 - 2:31:42 - step 600 | loss 0.0545 | step time 92.29ms
INFO - 10/08/25 05:35:21 - 2:31:51 - step 700 | loss 0.0540 | step time 92.41ms
INFO - 10/08/25 05:35:31 - 2:32:01 - step 800 | loss 0.0534 | step time 92.28ms
INFO - 10/08/25 05:35:40 - 2:32:10 - step 900 | loss 0.0546 | step time 92.35ms
INFO - 10/08/25 05:35:49 - 2:32:19 - step 1000 | loss 0.0509 | step time 92.36ms
INFO - 10/08/25 05:35:49 - 2:32:19 - step 1000 train loss: 0.052512846887111664 test loss: 4.698159694671631
INFO - 10/08/25 05:35:58 - 2:32:28 - step 1100 | loss 0.0529 | step time 92.82ms
INFO - 10/08/25 05:36:08 - 2:32:38 - step 1200 | loss 0.0532 | step time 92.50ms
INFO - 10/08/25 05:36:17 - 2:32:47 - step 1300 | loss 0.0518 | step time 92.35ms
INFO - 10/08/25 05:36:26 - 2:32:56 - step 1400 | loss 0.0531 | step time 92.55ms
INFO - 10/08/25 05:36:35 - 2:33:05 - Memory allocated:  41.64MB, reserved: 1854.00MB
INFO - 10/08/25 05:36:35 - 2:33:05 - generating
INFO - 10/08/25 05:36:35 - 2:33:05 - 50000 samples remaining
INFO - 10/08/25 06:09:46 - 3:06:16 - distribution of sample lengths: average: 170.9991 max: 416
INFO - 10/08/25 06:09:46 - 3:06:16 - printed 50000 samples
INFO - 10/08/25 06:09:46 - 3:06:16 - decoding
INFO - 10/08/25 06:09:46 - 3:06:16 - Decoding complete. Check the output in /home/yuebi/Project/dim11_run/dim11_run_30/1234/transformer-output-decoded.txt
INFO - 10/08/25 06:09:46 - 3:06:16 - Memory allocated:  41.64MB, reserved: 1854.00MB
INFO - 10/08/25 06:09:46 - 3:06:16 - ============ End of generation 5 ============
INFO - 10/08/25 06:09:46 - 3:06:16 - launching search.jl
INFO - 10/08/25 06:09:46 - 3:06:16 - JULIA_NUM_THREADS is set to 1
INFO - 10/08/25 06:11:53 - 3:08:23 - distribution of scores(all rounds)
INFO - 10/08/25 06:11:53 - 3:08:23 - Score:1458.0, Count:5
                                     
INFO - 10/08/25 06:11:53 - 3:08:23 - Score:1053.0, Count:1
                                     
INFO - 10/08/25 06:11:53 - 3:08:23 - Score:945.0, Count:1
                                     
INFO - 10/08/25 06:11:53 - 3:08:23 - Score:891.0, Count:1
                                     
INFO - 10/08/25 06:11:53 - 3:08:23 - Score:882.0, Count:2
                                     
INFO - 10/08/25 06:11:53 - 3:08:23 - Score:873.0, Count:1
                                     
INFO - 10/08/25 06:11:53 - 3:08:23 - Score:864.0, Count:1
                                     
INFO - 10/08/25 06:11:53 - 3:08:23 - Score:840.0, Count:2
                                     
INFO - 10/08/25 06:11:53 - 3:08:23 - Score:837.0, Count:4
                                     
INFO - 10/08/25 06:11:53 - 3:08:23 - Score:832.0, Count:1
                                     
INFO - 10/08/25 06:11:53 - 3:08:23 - Score:819.0, Count:1
                                     
INFO - 10/08/25 06:11:53 - 3:08:23 - Score:810.0, Count:0
                                     
INFO - 10/08/25 06:11:53 - 3:08:23 - tokenizing
INFO - 10/08/25 06:11:53 - 3:08:23 - Loading tokenizer from /home/yuebi/Project/dim11_run/dim11_run_30/1234/tokenizer_data/tokenizer.json...
INFO - 10/08/25 06:11:53 - 3:08:23 - 0 / 20
INFO - 10/08/25 06:11:53 - 3:08:23 - number of examples in the dataset: 20
INFO - 10/08/25 06:11:53 - 3:08:23 - max word length: 58
INFO - 10/08/25 06:11:53 - 3:08:23 - number of unique characters in the vocabulary: 15
INFO - 10/08/25 06:11:53 - 3:08:23 - vocabulary:
INFO - 10/08/25 06:11:53 - 3:08:23 - ['V0', 'V1', 'V2', 'V3', 'V4', 'V5', 'V6', 'V7', 'V8', 'V9', 'V10', 'V11', 'V12', 'V13', 'V14']
INFO - 10/08/25 06:11:53 - 3:08:23 - split up the dataset into 18 training examples and 2 test examples
INFO - 10/08/25 06:11:53 - 3:08:23 - ============ Start of generation 6 ============
INFO - 10/08/25 06:11:53 - 3:08:23 - Memory allocated:  41.64MB, reserved: 1854.00MB
INFO - 10/08/25 06:11:53 - 3:08:23 - training
INFO - 10/08/25 06:11:54 - 3:08:24 - step 0 | loss 6.9886 | step time 99.51ms
INFO - 10/08/25 06:12:03 - 3:08:33 - step 100 | loss 0.0719 | step time 92.33ms
INFO - 10/08/25 06:12:12 - 3:08:42 - step 200 | loss 0.0636 | step time 92.65ms
INFO - 10/08/25 06:12:21 - 3:08:51 - step 300 | loss 0.0552 | step time 92.40ms
INFO - 10/08/25 06:12:31 - 3:09:01 - step 400 | loss 0.0529 | step time 92.30ms
INFO - 10/08/25 06:12:40 - 3:09:10 - step 500 | loss 0.0528 | step time 92.75ms
INFO - 10/08/25 06:12:40 - 3:09:10 - step 500 train loss: 0.052655864506959915 test loss: 5.784181118011475
INFO - 10/08/25 06:12:40 - 3:09:10 - test loss 5.784181118011475 is the best so far, saving model to /home/yuebi/Project/dim11_run/dim11_run_30/1234/model.pt
INFO - 10/08/25 06:12:49 - 3:09:19 - step 600 | loss 0.0538 | step time 92.36ms
INFO - 10/08/25 06:12:58 - 3:09:28 - step 700 | loss 0.0520 | step time 92.44ms
INFO - 10/08/25 06:13:08 - 3:09:38 - step 800 | loss 0.0538 | step time 92.27ms
INFO - 10/08/25 06:13:17 - 3:09:47 - step 900 | loss 0.0528 | step time 92.29ms
INFO - 10/08/25 06:13:26 - 3:09:56 - step 1000 | loss 0.0527 | step time 92.30ms
INFO - 10/08/25 06:13:26 - 3:09:56 - step 1000 train loss: 0.052536509931087494 test loss: 6.398978233337402
INFO - 10/08/25 06:13:35 - 3:10:05 - step 1100 | loss 0.1840 | step time 92.39ms
INFO - 10/08/25 06:13:45 - 3:10:15 - step 1200 | loss 0.0539 | step time 92.48ms
INFO - 10/08/25 06:13:54 - 3:10:24 - step 1300 | loss 0.0531 | step time 92.57ms
INFO - 10/08/25 06:14:03 - 3:10:33 - step 1400 | loss 0.0520 | step time 92.38ms
INFO - 10/08/25 06:14:12 - 3:10:42 - Memory allocated:  41.64MB, reserved: 1854.00MB
INFO - 10/08/25 06:14:12 - 3:10:42 - generating
INFO - 10/08/25 06:14:12 - 3:10:42 - 50000 samples remaining
INFO - 10/08/25 06:47:24 - 3:43:54 - distribution of sample lengths: average: 170.33826 max: 374
INFO - 10/08/25 06:47:24 - 3:43:54 - printed 50000 samples
INFO - 10/08/25 06:47:24 - 3:43:54 - decoding
INFO - 10/08/25 06:47:24 - 3:43:54 - Decoding complete. Check the output in /home/yuebi/Project/dim11_run/dim11_run_30/1234/transformer-output-decoded.txt
INFO - 10/08/25 06:47:24 - 3:43:54 - Memory allocated:  41.64MB, reserved: 1854.00MB
INFO - 10/08/25 06:47:24 - 3:43:54 - ============ End of generation 6 ============
INFO - 10/08/25 06:47:24 - 3:43:54 - launching search.jl
INFO - 10/08/25 06:47:24 - 3:43:54 - JULIA_NUM_THREADS is set to 1
INFO - 10/08/25 06:49:31 - 3:46:01 - distribution of scores(all rounds)
INFO - 10/08/25 06:49:31 - 3:46:01 - Score:1458.0, Count:6
                                     
INFO - 10/08/25 06:49:31 - 3:46:01 - Score:1053.0, Count:1
                                     
INFO - 10/08/25 06:49:31 - 3:46:01 - Score:945.0, Count:2
                                     
INFO - 10/08/25 06:49:31 - 3:46:01 - Score:891.0, Count:1
                                     
INFO - 10/08/25 06:49:31 - 3:46:01 - Score:882.0, Count:2
                                     
INFO - 10/08/25 06:49:31 - 3:46:01 - Score:873.0, Count:1
                                     
INFO - 10/08/25 06:49:31 - 3:46:01 - Score:864.0, Count:1
                                     
INFO - 10/08/25 06:49:31 - 3:46:01 - Score:840.0, Count:2
                                     
INFO - 10/08/25 06:49:31 - 3:46:01 - Score:837.0, Count:4
                                     
INFO - 10/08/25 06:49:31 - 3:46:01 - tokenizing
INFO - 10/08/25 06:49:31 - 3:46:01 - Loading tokenizer from /home/yuebi/Project/dim11_run/dim11_run_30/1234/tokenizer_data/tokenizer.json...
INFO - 10/08/25 06:49:31 - 3:46:01 - 0 / 20
INFO - 10/08/25 06:49:31 - 3:46:01 - number of examples in the dataset: 20
INFO - 10/08/25 06:49:31 - 3:46:01 - max word length: 59
INFO - 10/08/25 06:49:31 - 3:46:01 - number of unique characters in the vocabulary: 15
INFO - 10/08/25 06:49:31 - 3:46:01 - vocabulary:
INFO - 10/08/25 06:49:31 - 3:46:01 - ['V0', 'V1', 'V2', 'V3', 'V4', 'V5', 'V6', 'V7', 'V8', 'V9', 'V10', 'V11', 'V12', 'V13', 'V14']
INFO - 10/08/25 06:49:31 - 3:46:01 - split up the dataset into 18 training examples and 2 test examples
INFO - 10/08/25 06:49:31 - 3:46:01 - ============ Start of generation 7 ============
INFO - 10/08/25 06:49:31 - 3:46:01 - Memory allocated:  41.64MB, reserved: 1854.00MB
INFO - 10/08/25 06:49:31 - 3:46:01 - training
INFO - 10/08/25 06:49:31 - 3:46:01 - step 0 | loss 6.8506 | step time 98.68ms
INFO - 10/08/25 06:49:40 - 3:46:10 - step 100 | loss 0.0718 | step time 92.63ms
INFO - 10/08/25 06:49:50 - 3:46:20 - step 200 | loss 0.0573 | step time 92.30ms
INFO - 10/08/25 06:49:59 - 3:46:29 - step 300 | loss 0.0527 | step time 92.30ms
INFO - 10/08/25 06:50:08 - 3:46:38 - step 400 | loss 0.0508 | step time 92.32ms
INFO - 10/08/25 06:50:17 - 3:46:47 - step 500 | loss 0.0511 | step time 92.35ms
INFO - 10/08/25 06:50:17 - 3:46:47 - step 500 train loss: 0.0525943748652935 test loss: 6.713929176330566
INFO - 10/08/25 06:50:17 - 3:46:47 - test loss 6.713929176330566 is the best so far, saving model to /home/yuebi/Project/dim11_run/dim11_run_30/1234/model.pt
INFO - 10/08/25 06:50:27 - 3:46:57 - step 600 | loss 0.0510 | step time 92.19ms
INFO - 10/08/25 06:50:36 - 3:47:06 - step 700 | loss 0.0512 | step time 92.31ms
INFO - 10/08/25 06:50:45 - 3:47:15 - step 800 | loss 0.0529 | step time 92.82ms
INFO - 10/08/25 06:50:54 - 3:47:24 - step 900 | loss 0.0521 | step time 92.38ms
INFO - 10/08/25 06:51:04 - 3:47:34 - step 1000 | loss 0.0525 | step time 92.33ms
INFO - 10/08/25 06:51:04 - 3:47:34 - step 1000 train loss: 0.05227258801460266 test loss: 7.240869522094727
INFO - 10/08/25 06:51:13 - 3:47:43 - step 1100 | loss 0.0505 | step time 92.51ms
INFO - 10/08/25 06:51:22 - 3:47:52 - step 1200 | loss 0.0507 | step time 92.39ms
INFO - 10/08/25 06:51:31 - 3:48:01 - step 1300 | loss 0.0577 | step time 92.28ms
INFO - 10/08/25 06:51:40 - 3:48:10 - step 1400 | loss 0.0517 | step time 92.31ms
INFO - 10/08/25 06:51:50 - 3:48:20 - Memory allocated:  41.64MB, reserved: 1854.00MB
INFO - 10/08/25 06:51:50 - 3:48:20 - generating
INFO - 10/08/25 06:51:50 - 3:48:20 - 50000 samples remaining
INFO - 10/08/25 14:29:45 - 0:00:00 - ============ Initialized logger ============
INFO - 10/08/25 14:29:45 - 0:00:00 - batch_size: 32
                                     command: python fc_loop.py --exp_name=dim11_run_30 --dump_path=/home/yuebi/Project/dim11_run --num_initial_empty_objects=500 --final_database_size=20 --target_db_size=20 --nb_local_searches=800 --max_epochs=20 --type=transformer --max-output-length=131 --sample-only=50000 --max-steps=1500 --n_tokens=15 --n-layer=8 --n-embd=128 --n-embd2=128 --exp_id=1234 --exp_id "1234"
                                     cpu: False
                                     debug: False
                                     debug_slurm: False
                                     dump_path: /home/yuebi/Project/dim11_run/dim11_run_30/1234
                                     exp_id: 1234
                                     exp_name: dim11_run_30
                                     final_database_size: 20
                                     gen_batch_size: 1000
                                     global_rank: 0
                                     is_master: True
                                     is_slurm_job: True
                                     learning_rate: 0.0005
                                     local_rank: 0
                                     master_addr: gpu-6
                                     master_port: -1
                                     max_epochs: 20
                                     max_output_length: 131
                                     max_steps: 1500
                                     multi_gpu: False
                                     multi_node: False
                                     n_embd: 128
                                     n_embd2: 128
                                     n_gpu_per_node: 1
                                     n_head: 8
                                     n_layer: 8
                                     n_nodes: 1
                                     n_tokens: 15
                                     nb_local_searches: 800
                                     nb_threads: 1
                                     node_id: 0
                                     num_initial_empty_objects: 500
                                     num_workers: 8
                                     sample_only: 50000
                                     seed: -1
                                     target_db_size: 20
                                     temperature: 1.0
                                     top_k: -1
                                     type: transformer
                                     weight_decay: 0.01
                                     world_size: 1
INFO - 10/08/25 14:29:45 - 0:00:00 - The experiment will be stored in /home/yuebi/Project/dim11_run/dim11_run_30/1234
                                     
INFO - 10/08/25 14:29:45 - 0:00:00 - Running command: python fc_loop.py --exp_name=dim11_run_30 --dump_path=/home/yuebi/Project/dim11_run --num_initial_empty_objects=500 --final_database_size=20 --target_db_size=20 --nb_local_searches=800 --max_epochs=20 --type=transformer --max-output-length=131 --sample-only=50000 --max-steps=1500 --n_tokens=15 --n-layer=8 --n-embd=128 --n-embd2=128 --exp_id=1234

WARNING - 10/08/25 14:29:45 - 0:00:00 - Signal handler installed.
INFO - 10/08/25 14:29:45 - 0:00:00 - seed: 392177616
INFO - 10/08/25 14:29:45 - 0:00:00 - initializing at generation: 7
INFO - 10/08/25 14:29:45 - 0:00:00 - number of examples in the dataset: 20
INFO - 10/08/25 14:29:45 - 0:00:00 - max word length: 59
INFO - 10/08/25 14:29:45 - 0:00:00 - number of unique characters in the vocabulary: 15
INFO - 10/08/25 14:29:45 - 0:00:00 - vocabulary:
INFO - 10/08/25 14:29:45 - 0:00:00 - ['V0', 'V1', 'V2', 'V3', 'V4', 'V5', 'V6', 'V7', 'V8', 'V9', 'V10', 'V11', 'V12', 'V13', 'V14']
INFO - 10/08/25 14:29:45 - 0:00:00 - split up the dataset into 18 training examples and 2 test examples
INFO - 10/08/25 14:29:45 - 0:00:00 - dataset determined that: vocab_size=16, block_size=132
INFO - 10/08/25 14:29:45 - 0:00:00 - model #params: 1607424
INFO - 10/08/25 14:29:45 - 0:00:00 - resuming from existing model
INFO - 10/08/25 14:29:45 - 0:00:00 - ============ Start of generation 7 ============
INFO - 10/08/25 14:29:45 - 0:00:00 - Memory allocated:  6.67MB, reserved: 14.00MB
INFO - 10/08/25 14:29:45 - 0:00:00 - training
INFO - 10/08/25 14:29:49 - 0:00:05 - step 0 | loss 0.4377 | step time 416.31ms
INFO - 10/08/25 14:29:59 - 0:00:14 - step 100 | loss 0.0537 | step time 92.20ms
INFO - 10/08/25 14:30:08 - 0:00:23 - step 200 | loss 0.0518 | step time 92.17ms
INFO - 10/08/25 14:30:17 - 0:00:33 - step 300 | loss 0.0532 | step time 92.16ms
INFO - 10/08/25 14:30:26 - 0:00:42 - step 400 | loss 0.0527 | step time 92.19ms
INFO - 10/08/25 14:30:36 - 0:00:51 - step 500 | loss 0.0512 | step time 92.11ms
INFO - 10/08/25 14:30:36 - 0:00:51 - step 500 train loss: 0.05356699973344803 test loss: 4.044950008392334
INFO - 10/08/25 14:30:36 - 0:00:51 - test loss 4.044950008392334 is the best so far, saving model to /home/yuebi/Project/dim11_run/dim11_run_30/1234/model.pt
INFO - 10/08/25 14:30:45 - 0:01:00 - step 600 | loss 0.0524 | step time 92.12ms
INFO - 10/08/25 14:30:54 - 0:01:10 - step 700 | loss 0.0529 | step time 92.13ms
INFO - 10/08/25 14:31:03 - 0:01:19 - step 800 | loss 0.0525 | step time 92.12ms
INFO - 10/08/25 14:31:13 - 0:01:28 - step 900 | loss 0.0503 | step time 92.04ms
INFO - 10/08/25 14:31:22 - 0:01:37 - step 1000 | loss 0.0509 | step time 92.08ms
INFO - 10/08/25 14:31:22 - 0:01:37 - step 1000 train loss: 0.051874954253435135 test loss: 4.838921546936035
INFO - 10/08/25 14:31:31 - 0:01:46 - step 1100 | loss 0.0528 | step time 92.18ms
INFO - 10/08/25 14:31:40 - 0:01:56 - step 1200 | loss 0.0532 | step time 92.06ms
INFO - 10/08/25 14:31:49 - 0:02:05 - step 1300 | loss 0.0518 | step time 92.07ms
INFO - 10/08/25 14:31:59 - 0:02:14 - step 1400 | loss 0.0517 | step time 92.13ms
INFO - 10/08/25 14:32:08 - 0:02:23 - Memory allocated:  41.64MB, reserved: 742.00MB
INFO - 10/08/25 14:32:08 - 0:02:23 - generating
INFO - 10/08/25 14:32:08 - 0:02:23 - 50000 samples remaining
INFO - 10/08/25 15:05:19 - 0:35:34 - distribution of sample lengths: average: 172.1213 max: 403
INFO - 10/08/25 15:05:19 - 0:35:34 - printed 50000 samples
INFO - 10/08/25 15:05:19 - 0:35:34 - decoding
INFO - 10/08/25 15:05:19 - 0:35:35 - Decoding complete. Check the output in /home/yuebi/Project/dim11_run/dim11_run_30/1234/transformer-output-decoded.txt
INFO - 10/08/25 15:05:19 - 0:35:35 - Memory allocated:  41.64MB, reserved: 1854.00MB
INFO - 10/08/25 15:05:19 - 0:35:35 - ============ End of generation 7 ============
INFO - 10/08/25 15:05:19 - 0:35:35 - launching search.jl
INFO - 10/08/25 15:05:19 - 0:35:35 - JULIA_NUM_THREADS is set to 1
INFO - 10/08/25 15:07:26 - 0:37:41 - distribution of scores(all rounds)
INFO - 10/08/25 15:07:26 - 0:37:41 - Score:1458.0, Count:7
                                     
INFO - 10/08/25 15:07:26 - 0:37:41 - Score:1053.0, Count:1
                                     
INFO - 10/08/25 15:07:26 - 0:37:41 - Score:945.0, Count:2
                                     
INFO - 10/08/25 15:07:26 - 0:37:41 - Score:891.0, Count:1
                                     
INFO - 10/08/25 15:07:26 - 0:37:41 - Score:882.0, Count:3
                                     
INFO - 10/08/25 15:07:26 - 0:37:41 - Score:873.0, Count:1
                                     
INFO - 10/08/25 15:07:26 - 0:37:41 - Score:864.0, Count:1
                                     
INFO - 10/08/25 15:07:26 - 0:37:41 - Score:848.0, Count:1
                                     
INFO - 10/08/25 15:07:26 - 0:37:41 - Score:840.0, Count:2
                                     
INFO - 10/08/25 15:07:26 - 0:37:41 - Score:837.0, Count:1
                                     
INFO - 10/08/25 15:07:26 - 0:37:41 - tokenizing
INFO - 10/08/25 15:07:26 - 0:37:41 - Loading tokenizer from /home/yuebi/Project/dim11_run/dim11_run_30/1234/tokenizer_data/tokenizer.json...
INFO - 10/08/25 15:07:26 - 0:37:41 - 0 / 20
INFO - 10/08/25 15:07:26 - 0:37:41 - number of examples in the dataset: 20
INFO - 10/08/25 15:07:26 - 0:37:41 - max word length: 58
INFO - 10/08/25 15:07:26 - 0:37:41 - number of unique characters in the vocabulary: 15
INFO - 10/08/25 15:07:26 - 0:37:41 - vocabulary:
INFO - 10/08/25 15:07:26 - 0:37:41 - ['V0', 'V1', 'V2', 'V3', 'V4', 'V5', 'V6', 'V7', 'V8', 'V9', 'V10', 'V11', 'V12', 'V13', 'V14']
INFO - 10/08/25 15:07:26 - 0:37:41 - split up the dataset into 18 training examples and 2 test examples
INFO - 10/08/25 15:07:26 - 0:37:41 - ============ Start of generation 8 ============
INFO - 10/08/25 15:07:26 - 0:37:41 - Memory allocated:  41.64MB, reserved: 1854.00MB
INFO - 10/08/25 15:07:26 - 0:37:41 - training
INFO - 10/08/25 15:07:26 - 0:37:41 - step 0 | loss 7.0315 | step time 99.38ms
INFO - 10/08/25 15:07:35 - 0:37:51 - step 100 | loss 0.1074 | step time 92.30ms
INFO - 10/08/25 15:07:44 - 0:38:00 - step 200 | loss 0.0548 | step time 92.38ms
INFO - 10/08/25 15:07:54 - 0:38:09 - step 300 | loss 0.0531 | step time 92.26ms
INFO - 10/08/25 15:08:03 - 0:38:18 - step 400 | loss 0.0532 | step time 92.29ms
INFO - 10/08/25 15:08:12 - 0:38:28 - step 500 | loss 0.0532 | step time 92.40ms
INFO - 10/08/25 15:08:12 - 0:38:28 - step 500 train loss: 0.051982294768095016 test loss: 6.194393157958984
INFO - 10/08/25 15:08:12 - 0:38:28 - test loss 6.194393157958984 is the best so far, saving model to /home/yuebi/Project/dim11_run/dim11_run_30/1234/model.pt
INFO - 10/08/25 15:08:21 - 0:38:37 - step 600 | loss 0.0543 | step time 92.29ms
INFO - 10/08/25 15:08:31 - 0:38:46 - step 700 | loss 0.0524 | step time 92.31ms
INFO - 10/08/25 15:08:40 - 0:38:55 - step 800 | loss 0.0513 | step time 92.30ms
INFO - 10/08/25 15:08:49 - 0:39:04 - step 900 | loss 0.0536 | step time 92.34ms
INFO - 10/08/25 15:08:58 - 0:39:14 - step 1000 | loss 0.0544 | step time 92.24ms
INFO - 10/08/25 15:08:58 - 0:39:14 - step 1000 train loss: 0.05278391018509865 test loss: 6.453882217407227
INFO - 10/08/25 15:09:08 - 0:39:23 - step 1100 | loss 0.0524 | step time 92.26ms
INFO - 10/08/25 15:09:17 - 0:39:32 - step 1200 | loss 0.1923 | step time 92.26ms
INFO - 10/08/25 15:09:26 - 0:39:41 - step 1300 | loss 0.0518 | step time 92.26ms
INFO - 10/08/25 15:09:35 - 0:39:51 - step 1400 | loss 0.0517 | step time 92.27ms
INFO - 10/08/25 15:09:44 - 0:40:00 - Memory allocated:  41.64MB, reserved: 1854.00MB
INFO - 10/08/25 15:09:44 - 0:40:00 - generating
INFO - 10/08/25 15:09:44 - 0:40:00 - 50000 samples remaining
INFO - 10/08/25 15:42:55 - 1:13:10 - distribution of sample lengths: average: 173.16934 max: 404
INFO - 10/08/25 15:42:55 - 1:13:10 - printed 50000 samples
INFO - 10/08/25 15:42:55 - 1:13:10 - decoding
INFO - 10/08/25 15:42:55 - 1:13:11 - Decoding complete. Check the output in /home/yuebi/Project/dim11_run/dim11_run_30/1234/transformer-output-decoded.txt
INFO - 10/08/25 15:42:55 - 1:13:11 - Memory allocated:  41.64MB, reserved: 1854.00MB
INFO - 10/08/25 15:42:55 - 1:13:11 - ============ End of generation 8 ============
INFO - 10/08/25 15:42:55 - 1:13:11 - launching search.jl
INFO - 10/08/25 15:42:55 - 1:13:11 - JULIA_NUM_THREADS is set to 1
INFO - 10/08/25 15:45:01 - 1:15:17 - distribution of scores(all rounds)
INFO - 10/08/25 15:45:01 - 1:15:17 - Score:1458.0, Count:8
                                     
INFO - 10/08/25 15:45:01 - 1:15:17 - Score:1053.0, Count:2
                                     
INFO - 10/08/25 15:45:01 - 1:15:17 - Score:945.0, Count:2
                                     
INFO - 10/08/25 15:45:01 - 1:15:17 - Score:891.0, Count:1
                                     
INFO - 10/08/25 15:45:01 - 1:15:17 - Score:882.0, Count:3
                                     
INFO - 10/08/25 15:45:01 - 1:15:17 - Score:873.0, Count:1
                                     
INFO - 10/08/25 15:45:01 - 1:15:17 - Score:864.0, Count:1
                                     
INFO - 10/08/25 15:45:01 - 1:15:17 - Score:848.0, Count:1
                                     
INFO - 10/08/25 15:45:01 - 1:15:17 - Score:840.0, Count:1
                                     
INFO - 10/08/25 15:45:01 - 1:15:17 - tokenizing
INFO - 10/08/25 15:45:01 - 1:15:17 - Loading tokenizer from /home/yuebi/Project/dim11_run/dim11_run_30/1234/tokenizer_data/tokenizer.json...
INFO - 10/08/25 15:45:01 - 1:15:17 - 0 / 20
INFO - 10/08/25 15:45:01 - 1:15:17 - number of examples in the dataset: 20
INFO - 10/08/25 15:45:01 - 1:15:17 - max word length: 57
INFO - 10/08/25 15:45:01 - 1:15:17 - number of unique characters in the vocabulary: 15
INFO - 10/08/25 15:45:01 - 1:15:17 - vocabulary:
INFO - 10/08/25 15:45:01 - 1:15:17 - ['V0', 'V1', 'V2', 'V3', 'V4', 'V5', 'V6', 'V7', 'V8', 'V9', 'V10', 'V11', 'V12', 'V13', 'V14']
INFO - 10/08/25 15:45:01 - 1:15:17 - split up the dataset into 18 training examples and 2 test examples
INFO - 10/08/25 15:45:01 - 1:15:17 - ============ Start of generation 9 ============
INFO - 10/08/25 15:45:01 - 1:15:17 - Memory allocated:  41.64MB, reserved: 1854.00MB
INFO - 10/08/25 15:45:01 - 1:15:17 - training
INFO - 10/08/25 15:45:01 - 1:15:17 - step 0 | loss 6.6564 | step time 99.16ms
INFO - 10/08/25 15:45:11 - 1:15:26 - step 100 | loss 0.0827 | step time 92.54ms
INFO - 10/08/25 15:45:20 - 1:15:35 - step 200 | loss 0.0615 | step time 92.37ms
INFO - 10/08/25 15:45:29 - 1:15:45 - step 300 | loss 0.0528 | step time 92.55ms
INFO - 10/08/25 15:45:38 - 1:15:54 - step 400 | loss 0.0526 | step time 92.26ms
INFO - 10/08/25 15:45:48 - 1:16:03 - step 500 | loss 0.0519 | step time 92.30ms
INFO - 10/08/25 15:45:48 - 1:16:03 - step 500 train loss: 0.05320947244763374 test loss: 5.865882873535156
INFO - 10/08/25 15:45:48 - 1:16:03 - test loss 5.865882873535156 is the best so far, saving model to /home/yuebi/Project/dim11_run/dim11_run_30/1234/model.pt
INFO - 10/08/25 15:45:57 - 1:16:12 - step 600 | loss 0.0534 | step time 92.34ms
INFO - 10/08/25 15:46:06 - 1:16:22 - step 700 | loss 0.0523 | step time 92.23ms
INFO - 10/08/25 15:46:15 - 1:16:31 - step 800 | loss 0.0522 | step time 92.78ms
INFO - 10/08/25 15:46:25 - 1:16:40 - step 900 | loss 0.0536 | step time 92.29ms
INFO - 10/08/25 15:46:34 - 1:16:49 - step 1000 | loss 0.0508 | step time 92.32ms
INFO - 10/08/25 15:46:34 - 1:16:49 - step 1000 train loss: 0.05219376087188721 test loss: 6.335956573486328
INFO - 10/08/25 15:46:43 - 1:16:59 - step 1100 | loss 0.0519 | step time 92.32ms
INFO - 10/08/25 15:46:52 - 1:17:08 - step 1200 | loss 0.0519 | step time 92.33ms
INFO - 10/08/25 15:47:02 - 1:17:17 - step 1300 | loss 0.0540 | step time 92.46ms
INFO - 10/08/25 15:47:11 - 1:17:26 - step 1400 | loss 0.0517 | step time 92.33ms
INFO - 10/08/25 15:47:20 - 1:17:35 - Memory allocated:  41.64MB, reserved: 1854.00MB
INFO - 10/08/25 15:47:20 - 1:17:35 - generating
INFO - 10/08/25 15:47:20 - 1:17:35 - 50000 samples remaining
INFO - 10/08/25 16:20:32 - 1:50:47 - distribution of sample lengths: average: 172.03624 max: 419
INFO - 10/08/25 16:20:32 - 1:50:47 - printed 50000 samples
INFO - 10/08/25 16:20:32 - 1:50:47 - decoding
INFO - 10/08/25 16:20:33 - 1:50:48 - Decoding complete. Check the output in /home/yuebi/Project/dim11_run/dim11_run_30/1234/transformer-output-decoded.txt
INFO - 10/08/25 16:20:33 - 1:50:48 - Memory allocated:  41.64MB, reserved: 1854.00MB
INFO - 10/08/25 16:20:33 - 1:50:48 - ============ End of generation 9 ============
INFO - 10/08/25 16:20:33 - 1:50:48 - launching search.jl
INFO - 10/08/25 16:20:33 - 1:50:48 - JULIA_NUM_THREADS is set to 1
INFO - 10/08/25 16:22:19 - 1:52:35 - distribution of scores(all rounds)
INFO - 10/08/25 16:22:19 - 1:52:35 - Score:1458.0, Count:9
                                     
INFO - 10/08/25 16:22:19 - 1:52:35 - Score:1053.0, Count:2
                                     
INFO - 10/08/25 16:22:19 - 1:52:35 - Score:945.0, Count:2
                                     
INFO - 10/08/25 16:22:19 - 1:52:35 - Score:891.0, Count:1
                                     
INFO - 10/08/25 16:22:19 - 1:52:35 - Score:882.0, Count:3
                                     
INFO - 10/08/25 16:22:19 - 1:52:35 - Score:873.0, Count:1
                                     
INFO - 10/08/25 16:22:19 - 1:52:35 - Score:864.0, Count:1
                                     
INFO - 10/08/25 16:22:19 - 1:52:35 - Score:848.0, Count:1
                                     
INFO - 10/08/25 16:22:19 - 1:52:35 - Score:840.0, Count:0
                                     
INFO - 10/08/25 16:22:19 - 1:52:35 - tokenizing
INFO - 10/08/25 16:22:19 - 1:52:35 - Loading tokenizer from /home/yuebi/Project/dim11_run/dim11_run_30/1234/tokenizer_data/tokenizer.json...
INFO - 10/08/25 16:22:19 - 1:52:35 - 0 / 20
INFO - 10/08/25 16:22:19 - 1:52:35 - number of examples in the dataset: 20
INFO - 10/08/25 16:22:19 - 1:52:35 - max word length: 59
INFO - 10/08/25 16:22:19 - 1:52:35 - number of unique characters in the vocabulary: 15
INFO - 10/08/25 16:22:19 - 1:52:35 - vocabulary:
INFO - 10/08/25 16:22:19 - 1:52:35 - ['V0', 'V1', 'V2', 'V3', 'V4', 'V5', 'V6', 'V7', 'V8', 'V9', 'V10', 'V11', 'V12', 'V13', 'V14']
INFO - 10/08/25 16:22:19 - 1:52:35 - split up the dataset into 18 training examples and 2 test examples
INFO - 10/08/25 16:22:19 - 1:52:35 - ============ Start of generation 10 ============
INFO - 10/08/25 16:22:19 - 1:52:35 - Memory allocated:  41.64MB, reserved: 1854.00MB
INFO - 10/08/25 16:22:19 - 1:52:35 - training
INFO - 10/08/25 16:22:19 - 1:52:35 - step 0 | loss 5.2156 | step time 98.43ms
INFO - 10/08/25 16:22:29 - 1:52:44 - step 100 | loss 0.0773 | step time 92.30ms
INFO - 10/08/25 16:22:38 - 1:52:53 - step 200 | loss 0.0542 | step time 92.31ms
INFO - 10/08/25 16:22:47 - 1:53:02 - step 300 | loss 0.0529 | step time 92.50ms
INFO - 10/08/25 16:22:56 - 1:53:12 - step 400 | loss 0.0514 | step time 92.28ms
INFO - 10/08/25 16:23:05 - 1:53:21 - step 500 | loss 0.0520 | step time 92.27ms
INFO - 10/08/25 16:23:06 - 1:53:21 - step 500 train loss: 0.05217844620347023 test loss: 6.506678104400635
INFO - 10/08/25 16:23:06 - 1:53:21 - test loss 6.506678104400635 is the best so far, saving model to /home/yuebi/Project/dim11_run/dim11_run_30/1234/model.pt
INFO - 10/08/25 16:23:15 - 1:53:30 - step 600 | loss 0.0515 | step time 92.23ms
INFO - 10/08/25 16:23:24 - 1:53:39 - step 700 | loss 0.0517 | step time 92.29ms
INFO - 10/08/25 16:23:33 - 1:53:49 - step 800 | loss 0.0528 | step time 92.38ms
INFO - 10/08/25 16:23:42 - 1:53:58 - step 900 | loss 0.0512 | step time 92.21ms
INFO - 10/08/25 16:23:52 - 1:54:07 - step 1000 | loss 0.0513 | step time 92.31ms
INFO - 10/08/25 16:23:52 - 1:54:07 - step 1000 train loss: 0.051564283668994904 test loss: 7.199379920959473
INFO - 10/08/25 16:24:01 - 1:54:16 - step 1100 | loss 0.0509 | step time 92.22ms
INFO - 10/08/25 16:24:10 - 1:54:26 - step 1200 | loss 0.0517 | step time 92.27ms
INFO - 10/08/25 16:24:19 - 1:54:35 - step 1300 | loss 0.0521 | step time 92.34ms
INFO - 10/08/25 16:24:29 - 1:54:44 - step 1400 | loss 0.0519 | step time 92.30ms
INFO - 10/08/25 16:24:38 - 1:54:53 - Memory allocated:  41.64MB, reserved: 1854.00MB
INFO - 10/08/25 16:24:38 - 1:54:53 - generating
INFO - 10/08/25 16:24:38 - 1:54:53 - 50000 samples remaining
INFO - 10/08/25 16:57:49 - 2:28:05 - distribution of sample lengths: average: 173.23146 max: 185
INFO - 10/08/25 16:57:49 - 2:28:05 - printed 50000 samples
INFO - 10/08/25 16:57:49 - 2:28:05 - decoding
INFO - 10/08/25 16:57:50 - 2:28:05 - Decoding complete. Check the output in /home/yuebi/Project/dim11_run/dim11_run_30/1234/transformer-output-decoded.txt
INFO - 10/08/25 16:57:50 - 2:28:05 - Memory allocated:  41.64MB, reserved: 1854.00MB
INFO - 10/08/25 16:57:50 - 2:28:05 - ============ End of generation 10 ============
INFO - 10/08/25 16:57:50 - 2:28:05 - launching search.jl
INFO - 10/08/25 16:57:50 - 2:28:05 - JULIA_NUM_THREADS is set to 1
INFO - 10/08/25 16:59:57 - 2:30:12 - distribution of scores(all rounds)
INFO - 10/08/25 16:59:57 - 2:30:12 - Score:1458.0, Count:10
                                     
INFO - 10/08/25 16:59:57 - 2:30:12 - Score:1053.0, Count:2
                                     
INFO - 10/08/25 16:59:57 - 2:30:12 - Score:945.0, Count:2
                                     
INFO - 10/08/25 16:59:57 - 2:30:12 - Score:896.0, Count:1
                                     
INFO - 10/08/25 16:59:57 - 2:30:12 - Score:891.0, Count:1
                                     
INFO - 10/08/25 16:59:57 - 2:30:12 - Score:882.0, Count:3
                                     
INFO - 10/08/25 16:59:57 - 2:30:12 - Score:873.0, Count:1
                                     
INFO - 10/08/25 16:59:57 - 2:30:12 - Score:864.0, Count:0
                                     
INFO - 10/08/25 16:59:57 - 2:30:12 - tokenizing
INFO - 10/08/25 16:59:57 - 2:30:12 - Loading tokenizer from /home/yuebi/Project/dim11_run/dim11_run_30/1234/tokenizer_data/tokenizer.json...
INFO - 10/08/25 16:59:57 - 2:30:12 - 0 / 20
INFO - 10/08/25 16:59:57 - 2:30:12 - number of examples in the dataset: 20
INFO - 10/08/25 16:59:57 - 2:30:12 - max word length: 58
INFO - 10/08/25 16:59:57 - 2:30:12 - number of unique characters in the vocabulary: 15
INFO - 10/08/25 16:59:57 - 2:30:12 - vocabulary:
INFO - 10/08/25 16:59:57 - 2:30:12 - ['V0', 'V1', 'V2', 'V3', 'V4', 'V5', 'V6', 'V7', 'V8', 'V9', 'V10', 'V11', 'V12', 'V13', 'V14']
INFO - 10/08/25 16:59:57 - 2:30:12 - split up the dataset into 18 training examples and 2 test examples
INFO - 10/08/25 16:59:57 - 2:30:12 - ============ Start of generation 11 ============
INFO - 10/08/25 16:59:57 - 2:30:12 - Memory allocated:  41.64MB, reserved: 1854.00MB
INFO - 10/08/25 16:59:57 - 2:30:12 - training
INFO - 10/08/25 16:59:57 - 2:30:13 - step 0 | loss 6.8023 | step time 99.13ms
INFO - 10/08/25 17:00:06 - 2:30:22 - step 100 | loss 0.0807 | step time 92.45ms
INFO - 10/08/25 17:00:16 - 2:30:31 - step 200 | loss 0.0629 | step time 92.28ms
INFO - 10/08/25 17:00:25 - 2:30:40 - step 300 | loss 0.0558 | step time 92.28ms
INFO - 10/08/25 17:00:34 - 2:30:50 - step 400 | loss 0.0532 | step time 92.30ms
INFO - 10/08/25 17:00:43 - 2:30:59 - step 500 | loss 0.0522 | step time 92.28ms
INFO - 10/08/25 17:00:43 - 2:30:59 - step 500 train loss: 0.053346313536167145 test loss: 6.220254421234131
INFO - 10/08/25 17:00:43 - 2:30:59 - test loss 6.220254421234131 is the best so far, saving model to /home/yuebi/Project/dim11_run/dim11_run_30/1234/model.pt
INFO - 10/08/25 17:00:53 - 2:31:08 - step 600 | loss 0.0524 | step time 92.55ms
INFO - 10/08/25 17:01:02 - 2:31:17 - step 700 | loss 0.0538 | step time 92.30ms
INFO - 10/08/25 17:01:11 - 2:31:27 - step 800 | loss 0.0558 | step time 92.20ms
INFO - 10/08/25 17:01:20 - 2:31:36 - step 900 | loss 0.0523 | step time 92.33ms
INFO - 10/08/25 17:01:30 - 2:31:45 - step 1000 | loss 0.0535 | step time 92.26ms
INFO - 10/08/25 17:01:30 - 2:31:45 - step 1000 train loss: 0.052493445575237274 test loss: 6.69939661026001
INFO - 10/08/25 17:01:39 - 2:31:54 - step 1100 | loss 0.0516 | step time 92.68ms
INFO - 10/08/25 17:01:48 - 2:32:04 - step 1200 | loss 0.0532 | step time 92.27ms
INFO - 10/08/25 17:01:57 - 2:32:13 - step 1300 | loss 0.0519 | step time 92.39ms
INFO - 10/08/25 17:02:07 - 2:32:22 - step 1400 | loss 0.0532 | step time 92.30ms
INFO - 10/08/25 17:02:16 - 2:32:31 - Memory allocated:  41.64MB, reserved: 1854.00MB
INFO - 10/08/25 17:02:16 - 2:32:31 - generating
INFO - 10/08/25 17:02:16 - 2:32:31 - 50000 samples remaining
INFO - 10/08/25 17:35:28 - 3:05:44 - distribution of sample lengths: average: 171.94784 max: 403
INFO - 10/08/25 17:35:28 - 3:05:44 - printed 50000 samples
INFO - 10/08/25 17:35:28 - 3:05:44 - decoding
INFO - 10/08/25 17:35:29 - 3:05:44 - Decoding complete. Check the output in /home/yuebi/Project/dim11_run/dim11_run_30/1234/transformer-output-decoded.txt
INFO - 10/08/25 17:35:29 - 3:05:44 - Memory allocated:  41.64MB, reserved: 1854.00MB
INFO - 10/08/25 17:35:29 - 3:05:44 - ============ End of generation 11 ============
INFO - 10/08/25 17:35:29 - 3:05:44 - launching search.jl
INFO - 10/08/25 17:35:29 - 3:05:44 - JULIA_NUM_THREADS is set to 1
INFO - 10/08/25 17:37:36 - 3:07:52 - distribution of scores(all rounds)
INFO - 10/08/25 17:37:36 - 3:07:52 - Score:1458.0, Count:11
                                     
INFO - 10/08/25 17:37:36 - 3:07:52 - Score:1053.0, Count:2
                                     
INFO - 10/08/25 17:37:36 - 3:07:52 - Score:945.0, Count:3
                                     
INFO - 10/08/25 17:37:36 - 3:07:52 - Score:896.0, Count:1
                                     
INFO - 10/08/25 17:37:36 - 3:07:52 - Score:891.0, Count:1
                                     
INFO - 10/08/25 17:37:36 - 3:07:52 - Score:882.0, Count:2
                                     
INFO - 10/08/25 17:37:36 - 3:07:52 - tokenizing
INFO - 10/08/25 17:37:36 - 3:07:52 - Loading tokenizer from /home/yuebi/Project/dim11_run/dim11_run_30/1234/tokenizer_data/tokenizer.json...
INFO - 10/08/25 17:37:36 - 3:07:52 - 0 / 20
INFO - 10/08/25 17:37:36 - 3:07:52 - number of examples in the dataset: 20
INFO - 10/08/25 17:37:36 - 3:07:52 - max word length: 58
INFO - 10/08/25 17:37:36 - 3:07:52 - number of unique characters in the vocabulary: 15
INFO - 10/08/25 17:37:36 - 3:07:52 - vocabulary:
INFO - 10/08/25 17:37:36 - 3:07:52 - ['V0', 'V1', 'V2', 'V3', 'V4', 'V5', 'V6', 'V7', 'V8', 'V9', 'V10', 'V11', 'V12', 'V13', 'V14']
INFO - 10/08/25 17:37:36 - 3:07:52 - split up the dataset into 18 training examples and 2 test examples
INFO - 10/08/25 17:37:36 - 3:07:52 - ============ Start of generation 12 ============
INFO - 10/08/25 17:37:36 - 3:07:52 - Memory allocated:  41.64MB, reserved: 1854.00MB
INFO - 10/08/25 17:37:36 - 3:07:52 - training
INFO - 10/08/25 17:37:36 - 3:07:52 - step 0 | loss 6.5330 | step time 98.93ms
INFO - 10/08/25 17:37:46 - 3:08:01 - step 100 | loss 0.0728 | step time 92.28ms
INFO - 10/08/25 17:37:55 - 3:08:10 - step 200 | loss 0.0647 | step time 92.41ms
INFO - 10/08/25 17:38:04 - 3:08:20 - step 300 | loss 0.0534 | step time 92.33ms
INFO - 10/08/25 17:38:13 - 3:08:29 - step 400 | loss 0.0563 | step time 92.38ms
INFO - 10/08/25 17:38:23 - 3:08:38 - step 500 | loss 0.0528 | step time 92.50ms
INFO - 10/08/25 17:38:23 - 3:08:38 - step 500 train loss: 0.05273854732513428 test loss: 6.509369850158691
INFO - 10/08/25 17:38:23 - 3:08:38 - test loss 6.509369850158691 is the best so far, saving model to /home/yuebi/Project/dim11_run/dim11_run_30/1234/model.pt
INFO - 10/08/25 17:38:32 - 3:08:47 - step 600 | loss 0.0539 | step time 92.26ms
INFO - 10/08/25 17:38:41 - 3:08:57 - step 700 | loss 0.0552 | step time 92.35ms
INFO - 10/08/25 17:38:50 - 3:09:06 - step 800 | loss 0.0533 | step time 92.54ms
INFO - 10/08/25 17:39:00 - 3:09:15 - step 900 | loss 0.0525 | step time 92.32ms
INFO - 10/08/25 17:39:09 - 3:09:24 - step 1000 | loss 0.0521 | step time 92.19ms
INFO - 10/08/25 17:39:09 - 3:09:24 - step 1000 train loss: 0.052113115787506104 test loss: 6.706007957458496
INFO - 10/08/25 17:39:18 - 3:09:34 - step 1100 | loss 0.0523 | step time 92.35ms
INFO - 10/08/25 17:39:27 - 3:09:43 - step 1200 | loss 0.2718 | step time 92.26ms
INFO - 10/08/25 17:39:37 - 3:09:52 - step 1300 | loss 0.0518 | step time 92.31ms
INFO - 10/08/25 17:39:46 - 3:10:01 - step 1400 | loss 0.0523 | step time 92.65ms
INFO - 10/08/25 17:39:55 - 3:10:10 - Memory allocated:  41.64MB, reserved: 1854.00MB
INFO - 10/08/25 17:39:55 - 3:10:10 - generating
INFO - 10/08/25 17:39:55 - 3:10:10 - 50000 samples remaining
INFO - 10/08/25 18:13:07 - 3:43:23 - distribution of sample lengths: average: 172.09096 max: 414
INFO - 10/08/25 18:13:07 - 3:43:23 - printed 50000 samples
INFO - 10/08/25 18:13:07 - 3:43:23 - decoding
INFO - 10/08/25 18:13:08 - 3:43:23 - Decoding complete. Check the output in /home/yuebi/Project/dim11_run/dim11_run_30/1234/transformer-output-decoded.txt
INFO - 10/08/25 18:13:08 - 3:43:23 - Memory allocated:  41.64MB, reserved: 1854.00MB
INFO - 10/08/25 18:13:08 - 3:43:23 - ============ End of generation 12 ============
INFO - 10/08/25 18:13:08 - 3:43:23 - launching search.jl
INFO - 10/08/25 18:13:08 - 3:43:23 - JULIA_NUM_THREADS is set to 1
INFO - 10/08/25 18:15:14 - 3:45:30 - distribution of scores(all rounds)
INFO - 10/08/25 18:15:14 - 3:45:30 - Score:1458.0, Count:12
                                     
INFO - 10/08/25 18:15:14 - 3:45:30 - Score:1053.0, Count:2
                                     
INFO - 10/08/25 18:15:14 - 3:45:30 - Score:945.0, Count:3
                                     
INFO - 10/08/25 18:15:14 - 3:45:30 - Score:896.0, Count:1
                                     
INFO - 10/08/25 18:15:14 - 3:45:30 - Score:891.0, Count:1
                                     
INFO - 10/08/25 18:15:14 - 3:45:30 - Score:882.0, Count:1
                                     
INFO - 10/08/25 18:15:14 - 3:45:30 - tokenizing
INFO - 10/08/25 18:15:14 - 3:45:30 - Loading tokenizer from /home/yuebi/Project/dim11_run/dim11_run_30/1234/tokenizer_data/tokenizer.json...
INFO - 10/08/25 18:15:14 - 3:45:30 - 0 / 20
INFO - 10/08/25 18:15:14 - 3:45:30 - number of examples in the dataset: 20
INFO - 10/08/25 18:15:14 - 3:45:30 - max word length: 59
INFO - 10/08/25 18:15:14 - 3:45:30 - number of unique characters in the vocabulary: 15
INFO - 10/08/25 18:15:14 - 3:45:30 - vocabulary:
INFO - 10/08/25 18:15:14 - 3:45:30 - ['V0', 'V1', 'V2', 'V3', 'V4', 'V5', 'V6', 'V7', 'V8', 'V9', 'V10', 'V11', 'V12', 'V13', 'V14']
INFO - 10/08/25 18:15:14 - 3:45:30 - split up the dataset into 18 training examples and 2 test examples
INFO - 10/08/25 18:15:14 - 3:45:30 - ============ Start of generation 13 ============
INFO - 10/08/25 18:15:14 - 3:45:30 - Memory allocated:  41.64MB, reserved: 1854.00MB
INFO - 10/08/25 18:15:14 - 3:45:30 - training
INFO - 10/08/25 18:15:14 - 3:45:30 - step 0 | loss 6.6053 | step time 98.44ms
INFO - 10/08/25 18:15:24 - 3:45:39 - step 100 | loss 0.0877 | step time 92.47ms
INFO - 10/08/25 18:15:33 - 3:45:48 - step 200 | loss 0.0580 | step time 92.60ms
INFO - 10/08/25 18:15:42 - 3:45:58 - step 300 | loss 0.0541 | step time 92.33ms
INFO - 10/08/25 18:15:51 - 3:46:07 - step 400 | loss 0.0550 | step time 92.74ms
INFO - 10/08/25 18:16:01 - 3:46:16 - step 500 | loss 0.0523 | step time 92.22ms
INFO - 10/08/25 18:16:01 - 3:46:16 - step 500 train loss: 0.0543452613055706 test loss: 5.802396297454834
INFO - 10/08/25 18:16:01 - 3:46:16 - test loss 5.802396297454834 is the best so far, saving model to /home/yuebi/Project/dim11_run/dim11_run_30/1234/model.pt
INFO - 10/08/25 18:16:10 - 3:46:25 - step 600 | loss 0.0514 | step time 92.44ms
INFO - 10/08/25 18:16:19 - 3:46:35 - step 700 | loss 0.0524 | step time 92.38ms
INFO - 10/08/25 18:16:28 - 3:46:44 - step 800 | loss 0.0512 | step time 92.34ms
INFO - 10/08/25 18:16:38 - 3:46:53 - step 900 | loss 0.0528 | step time 92.64ms
INFO - 10/08/25 18:16:47 - 3:47:02 - step 1000 | loss 0.0540 | step time 92.60ms
INFO - 10/08/25 18:16:47 - 3:47:02 - step 1000 train loss: 0.05274052917957306 test loss: 6.309840202331543
INFO - 10/08/25 18:16:56 - 3:47:12 - step 1100 | loss 0.0516 | step time 92.24ms
INFO - 10/08/25 18:17:05 - 3:47:21 - step 1200 | loss 0.0530 | step time 92.67ms
INFO - 10/08/25 18:17:15 - 3:47:30 - step 1300 | loss 0.0522 | step time 92.35ms
INFO - 10/08/25 18:17:24 - 3:47:39 - step 1400 | loss 0.0522 | step time 92.27ms
INFO - 10/08/25 18:17:33 - 3:47:48 - Memory allocated:  41.64MB, reserved: 1854.00MB
INFO - 10/08/25 18:17:33 - 3:47:48 - generating
INFO - 10/08/25 18:17:33 - 3:47:48 - 50000 samples remaining
