INFO - 09/02/25 02:41:24 - 0:00:00 - ============ Initialized logger ============
INFO - 09/02/25 02:41:24 - 0:00:00 - batch_size: 32
                                     command: python fc_loop.py --exp_name=dim11_run_full --dump_path=/home/yuebi/Project/dim11_run --num_initial_empty_objects=300 --final_database_size=50 --target_db_size=50 --nb_local_searches=600 --max_epochs=20 --type=transformer --max-output-length=250 --sample-only=50000 --max-steps=1000 --n_tokens=3 --exp_id "7647"
                                     cpu: False
                                     debug: False
                                     debug_slurm: False
                                     dump_path: /home/yuebi/Project/dim11_run/dim11_run_full/7647
                                     exp_id: 7647
                                     exp_name: dim11_run_full
                                     final_database_size: 50
                                     gen_batch_size: 1000
                                     global_rank: 0
                                     is_master: True
                                     is_slurm_job: True
                                     learning_rate: 0.0005
                                     local_rank: 0
                                     master_addr: gpu-6
                                     master_port: -1
                                     max_epochs: 20
                                     max_output_length: 250
                                     max_steps: 1000
                                     multi_gpu: False
                                     multi_node: False
                                     n_embd: 64
                                     n_embd2: 32
                                     n_gpu_per_node: 1
                                     n_head: 8
                                     n_layer: 4
                                     n_nodes: 1
                                     n_tokens: 3
                                     nb_local_searches: 600
                                     nb_threads: 1
                                     node_id: 0
                                     num_initial_empty_objects: 300
                                     num_workers: 8
                                     sample_only: 50000
                                     seed: -1
                                     target_db_size: 50
                                     temperature: 1.0
                                     top_k: -1
                                     type: transformer
                                     weight_decay: 0.01
                                     world_size: 1
INFO - 09/02/25 02:41:24 - 0:00:00 - The experiment will be stored in /home/yuebi/Project/dim11_run/dim11_run_full/7647
                                     
INFO - 09/02/25 02:41:24 - 0:00:00 - Running command: python fc_loop.py --exp_name=dim11_run_full --dump_path=/home/yuebi/Project/dim11_run --num_initial_empty_objects=300 --final_database_size=50 --target_db_size=50 --nb_local_searches=600 --max_epochs=20 --type=transformer --max-output-length=250 --sample-only=50000 --max-steps=1000 --n_tokens=3

WARNING - 09/02/25 02:41:24 - 0:00:00 - Signal handler installed.
INFO - 09/02/25 02:41:24 - 0:00:00 - seed: 786572196
INFO - 09/02/25 02:41:24 - 0:00:00 - JULIA_NUM_THREADS is set to 1
INFO - 09/02/25 02:41:30 - 0:00:06 - Created /home/yuebi/Project/dim11_run/dim11_run_full/7647/temp.txt and training tokenizer...
INFO - 09/02/25 02:41:30 - 0:00:06 - Directory '/home/yuebi/Project/dim11_run/dim11_run_full/7647/tokenizer_data' created.
INFO - 09/02/25 02:41:30 - 0:00:06 - File '/home/yuebi/Project/dim11_run/dim11_run_full/7647/temp.txt' has been deleted.
INFO - 09/02/25 02:41:30 - 0:00:06 - 0 / 50
INFO - 09/02/25 02:41:30 - 0:00:06 - initializing at generation: 1
INFO - 09/02/25 02:41:30 - 0:00:06 - number of examples in the dataset: 50
INFO - 09/02/25 02:41:30 - 0:00:06 - max word length: 131
INFO - 09/02/25 02:41:30 - 0:00:06 - number of unique characters in the vocabulary: 3
INFO - 09/02/25 02:41:30 - 0:00:06 - vocabulary:
INFO - 09/02/25 02:41:30 - 0:00:06 - ['V0', 'V1', 'V2']
INFO - 09/02/25 02:41:30 - 0:00:06 - split up the dataset into 45 training examples and 5 test examples
INFO - 09/02/25 02:41:30 - 0:00:06 - dataset determined that: vocab_size=4, block_size=251
INFO - 09/02/25 02:41:30 - 0:00:06 - model #params: 216640
INFO - 09/02/25 02:41:30 - 0:00:06 - ============ Start of generation 1 ============
INFO - 09/02/25 02:41:30 - 0:00:06 - Memory allocated:  1.80MB, reserved: 2.00MB
INFO - 09/02/25 02:41:30 - 0:00:06 - training
INFO - 09/02/25 02:41:35 - 0:00:11 - step 0 | loss 1.4998 | step time 364.79ms
INFO - 09/02/25 02:41:38 - 0:00:14 - step 100 | loss 0.6288 | step time 30.37ms
INFO - 09/02/25 02:41:41 - 0:00:17 - step 200 | loss 0.6071 | step time 30.36ms
INFO - 09/02/25 02:41:44 - 0:00:20 - step 300 | loss 0.5190 | step time 30.38ms
INFO - 09/02/25 02:41:47 - 0:00:23 - step 400 | loss 0.3404 | step time 30.31ms
INFO - 09/02/25 02:41:50 - 0:00:26 - step 500 | loss 0.2058 | step time 30.44ms
INFO - 09/02/25 02:41:50 - 0:00:26 - step 500 train loss: 0.20720751583576202 test loss: 1.7682569026947021
INFO - 09/02/25 02:41:50 - 0:00:26 - test loss 1.7682569026947021 is the best so far, saving model to /home/yuebi/Project/dim11_run/dim11_run_full/7647/model.pt
INFO - 09/02/25 02:41:53 - 0:00:29 - step 600 | loss 0.1280 | step time 30.28ms
INFO - 09/02/25 02:41:56 - 0:00:32 - step 700 | loss 0.0781 | step time 30.25ms
INFO - 09/02/25 02:41:59 - 0:00:35 - step 800 | loss 0.0587 | step time 30.33ms
INFO - 09/02/25 02:42:02 - 0:00:38 - step 900 | loss 0.1638 | step time 30.43ms
INFO - 09/02/25 02:42:05 - 0:00:41 - Memory allocated:  20.90MB, reserved: 908.00MB
INFO - 09/02/25 02:42:05 - 0:00:41 - generating
INFO - 09/02/25 02:42:05 - 0:00:41 - 50000 samples remaining
INFO - 09/02/25 03:02:55 - 0:21:31 - distribution of sample lengths: average: 391.32506 max: 749
INFO - 09/02/25 03:02:55 - 0:21:31 - decoding
INFO - 09/02/25 03:02:56 - 0:21:32 - Decoding complete. Check the output in /home/yuebi/Project/dim11_run/dim11_run_full/7647/transformer-output-decoded.txt
INFO - 09/02/25 03:02:56 - 0:21:32 - Memory allocated:  20.90MB, reserved: 15892.00MB
INFO - 09/02/25 03:02:56 - 0:21:32 - ============ End of generation 1 ============
INFO - 09/02/25 03:02:56 - 0:21:32 - launching search.jl
INFO - 09/02/25 03:02:56 - 0:21:32 - JULIA_NUM_THREADS is set to 1
INFO - 09/02/25 03:04:57 - 0:23:33 - distribution of scores
INFO - 09/02/25 03:04:57 - 0:23:33 - Score: 891.0, Count: 1
INFO - 09/02/25 03:04:57 - 0:23:33 - Score: 837.0, Count: 2
INFO - 09/02/25 03:04:57 - 0:23:33 - Score: 819.0, Count: 2
INFO - 09/02/25 03:04:57 - 0:23:33 - Score: 801.0, Count: 2
INFO - 09/02/25 03:04:57 - 0:23:33 - Score: 800.0, Count: 3
INFO - 09/02/25 03:04:57 - 0:23:33 - Score: 797.0, Count: 1
INFO - 09/02/25 03:04:57 - 0:23:33 - Score: 795.0, Count: 1
INFO - 09/02/25 03:04:57 - 0:23:33 - Score: 786.0, Count: 1
INFO - 09/02/25 03:04:57 - 0:23:33 - Score: 785.0, Count: 1
INFO - 09/02/25 03:04:57 - 0:23:33 - Score: 783.0, Count: 1
INFO - 09/02/25 03:04:57 - 0:23:33 - Score: 780.0, Count: 1
INFO - 09/02/25 03:04:57 - 0:23:33 - Score: 772.0, Count: 1
INFO - 09/02/25 03:04:57 - 0:23:33 - Score: 768.0, Count: 4
INFO - 09/02/25 03:04:57 - 0:23:33 - Score: 767.0, Count: 1
INFO - 09/02/25 03:04:57 - 0:23:33 - Score: 765.0, Count: 4
INFO - 09/02/25 03:04:57 - 0:23:33 - Score: 764.0, Count: 1
INFO - 09/02/25 03:04:57 - 0:23:33 - Score: 763.0, Count: 1
INFO - 09/02/25 03:04:57 - 0:23:33 - Score: 760.0, Count: 2
INFO - 09/02/25 03:04:57 - 0:23:33 - Score: 759.0, Count: 2
INFO - 09/02/25 03:04:57 - 0:23:33 - Score: 757.0, Count: 1
INFO - 09/02/25 03:04:57 - 0:23:33 - Score: 756.0, Count: 2
INFO - 09/02/25 03:04:57 - 0:23:33 - Score: 753.0, Count: 2
INFO - 09/02/25 03:04:57 - 0:23:33 - Score: 752.0, Count: 3
INFO - 09/02/25 03:04:57 - 0:23:33 - Score: 750.0, Count: 3
INFO - 09/02/25 03:04:57 - 0:23:33 - Score: 747.0, Count: 1
INFO - 09/02/25 03:04:57 - 0:23:33 - Score: 744.0, Count: 3
INFO - 09/02/25 03:04:57 - 0:23:33 - Score: 740.0, Count: 1
INFO - 09/02/25 03:04:57 - 0:23:33 - Score: 738.0, Count: 2
INFO - 09/02/25 03:04:57 - 0:23:33 - tokenizing
INFO - 09/02/25 03:04:57 - 0:23:33 - Loading tokenizer from /home/yuebi/Project/dim11_run/dim11_run_full/7647/tokenizer_data/tokenizer.json...
INFO - 09/02/25 03:04:57 - 0:23:33 - 0 / 50
INFO - 09/02/25 03:04:57 - 0:23:33 - number of examples in the dataset: 50
INFO - 09/02/25 03:04:57 - 0:23:33 - max word length: 131
INFO - 09/02/25 03:04:57 - 0:23:33 - number of unique characters in the vocabulary: 3
INFO - 09/02/25 03:04:57 - 0:23:33 - vocabulary:
INFO - 09/02/25 03:04:57 - 0:23:33 - ['V0', 'V1', 'V2']
INFO - 09/02/25 03:04:57 - 0:23:33 - split up the dataset into 45 training examples and 5 test examples
INFO - 09/02/25 03:04:57 - 0:23:33 - ============ Start of generation 2 ============
INFO - 09/02/25 03:04:57 - 0:23:33 - Memory allocated:  20.90MB, reserved: 15892.00MB
INFO - 09/02/25 03:04:57 - 0:23:33 - training
INFO - 09/02/25 03:04:57 - 0:23:33 - step 0 | loss 2.4030 | step time 38.19ms
INFO - 09/02/25 03:05:00 - 0:23:36 - step 100 | loss 0.5921 | step time 30.55ms
INFO - 09/02/25 03:05:03 - 0:23:39 - step 200 | loss 0.4285 | step time 30.44ms
INFO - 09/02/25 03:05:06 - 0:23:42 - step 300 | loss 0.1438 | step time 30.66ms
INFO - 09/02/25 03:05:09 - 0:23:45 - step 400 | loss 0.0750 | step time 30.38ms
INFO - 09/02/25 03:05:13 - 0:23:48 - step 500 | loss 0.0750 | step time 30.58ms
INFO - 09/02/25 03:05:13 - 0:23:49 - step 500 train loss: 0.07371531426906586 test loss: 1.7702690362930298
INFO - 09/02/25 03:05:13 - 0:23:49 - test loss 1.7702690362930298 is the best so far, saving model to /home/yuebi/Project/dim11_run/dim11_run_full/7647/model.pt
INFO - 09/02/25 03:05:16 - 0:23:52 - step 600 | loss 0.0513 | step time 30.50ms
INFO - 09/02/25 03:05:19 - 0:23:55 - step 700 | loss 0.0407 | step time 30.40ms
INFO - 09/02/25 03:05:22 - 0:23:58 - step 800 | loss 0.0408 | step time 30.45ms
INFO - 09/02/25 03:05:25 - 0:24:01 - step 900 | loss 0.0356 | step time 30.48ms
INFO - 09/02/25 03:05:28 - 0:24:04 - Memory allocated:  20.90MB, reserved: 15892.00MB
INFO - 09/02/25 03:05:28 - 0:24:04 - generating
INFO - 09/02/25 03:05:28 - 0:24:04 - 50000 samples remaining
INFO - 09/02/25 03:26:17 - 0:44:53 - distribution of sample lengths: average: 391.67144 max: 413
INFO - 09/02/25 03:26:17 - 0:44:53 - decoding
INFO - 09/02/25 03:26:18 - 0:44:54 - Decoding complete. Check the output in /home/yuebi/Project/dim11_run/dim11_run_full/7647/transformer-output-decoded.txt
INFO - 09/02/25 03:26:18 - 0:44:54 - Memory allocated:  20.90MB, reserved: 15892.00MB
INFO - 09/02/25 03:26:18 - 0:44:54 - ============ End of generation 2 ============
INFO - 09/02/25 03:26:18 - 0:44:54 - launching search.jl
INFO - 09/02/25 03:26:18 - 0:44:54 - JULIA_NUM_THREADS is set to 1
INFO - 09/02/25 03:28:25 - 0:47:01 - distribution of scores
INFO - 09/02/25 03:28:25 - 0:47:01 - Score: 832.0, Count: 1
INFO - 09/02/25 03:28:25 - 0:47:01 - Score: 819.0, Count: 1
INFO - 09/02/25 03:28:25 - 0:47:01 - Score: 800.0, Count: 1
INFO - 09/02/25 03:28:25 - 0:47:01 - Score: 785.0, Count: 1
INFO - 09/02/25 03:28:25 - 0:47:01 - Score: 784.0, Count: 2
INFO - 09/02/25 03:28:25 - 0:47:01 - Score: 783.0, Count: 2
INFO - 09/02/25 03:28:25 - 0:47:01 - Score: 779.0, Count: 1
INFO - 09/02/25 03:28:25 - 0:47:01 - Score: 774.0, Count: 2
INFO - 09/02/25 03:28:25 - 0:47:01 - Score: 768.0, Count: 5
INFO - 09/02/25 03:28:25 - 0:47:01 - Score: 765.0, Count: 1
INFO - 09/02/25 03:28:25 - 0:47:01 - Score: 760.0, Count: 1
INFO - 09/02/25 03:28:25 - 0:47:01 - Score: 756.0, Count: 1
INFO - 09/02/25 03:28:25 - 0:47:01 - Score: 754.0, Count: 1
INFO - 09/02/25 03:28:25 - 0:47:01 - Score: 750.0, Count: 2
INFO - 09/02/25 03:28:25 - 0:47:01 - Score: 748.0, Count: 1
INFO - 09/02/25 03:28:25 - 0:47:01 - Score: 747.0, Count: 2
INFO - 09/02/25 03:28:25 - 0:47:01 - Score: 744.0, Count: 4
INFO - 09/02/25 03:28:25 - 0:47:01 - Score: 741.0, Count: 1
INFO - 09/02/25 03:28:25 - 0:47:01 - Score: 740.0, Count: 1
INFO - 09/02/25 03:28:25 - 0:47:01 - Score: 738.0, Count: 4
INFO - 09/02/25 03:28:25 - 0:47:01 - Score: 736.0, Count: 2
INFO - 09/02/25 03:28:25 - 0:47:01 - Score: 735.0, Count: 4
INFO - 09/02/25 03:28:25 - 0:47:01 - Score: 734.0, Count: 1
INFO - 09/02/25 03:28:25 - 0:47:01 - Score: 733.0, Count: 1
INFO - 09/02/25 03:28:25 - 0:47:01 - Score: 732.0, Count: 7
INFO - 09/02/25 03:28:25 - 0:47:01 - tokenizing
INFO - 09/02/25 03:28:25 - 0:47:01 - Loading tokenizer from /home/yuebi/Project/dim11_run/dim11_run_full/7647/tokenizer_data/tokenizer.json...
INFO - 09/02/25 03:28:25 - 0:47:01 - 0 / 50
INFO - 09/02/25 03:28:25 - 0:47:01 - number of examples in the dataset: 50
INFO - 09/02/25 03:28:25 - 0:47:01 - max word length: 131
INFO - 09/02/25 03:28:25 - 0:47:01 - number of unique characters in the vocabulary: 3
INFO - 09/02/25 03:28:25 - 0:47:01 - vocabulary:
INFO - 09/02/25 03:28:25 - 0:47:01 - ['V0', 'V1', 'V2']
INFO - 09/02/25 03:28:25 - 0:47:01 - split up the dataset into 45 training examples and 5 test examples
INFO - 09/02/25 03:28:25 - 0:47:01 - ============ Start of generation 3 ============
INFO - 09/02/25 03:28:25 - 0:47:01 - Memory allocated:  20.90MB, reserved: 15892.00MB
INFO - 09/02/25 03:28:25 - 0:47:01 - training
INFO - 09/02/25 03:28:25 - 0:47:01 - step 0 | loss 2.7259 | step time 34.82ms
INFO - 09/02/25 03:28:28 - 0:47:04 - step 100 | loss 0.5849 | step time 30.45ms
INFO - 09/02/25 03:28:31 - 0:47:07 - step 200 | loss 0.4275 | step time 30.53ms
INFO - 09/02/25 03:28:34 - 0:47:10 - step 300 | loss 0.1036 | step time 30.56ms
INFO - 09/02/25 03:28:37 - 0:47:13 - step 400 | loss 0.0366 | step time 30.50ms
INFO - 09/02/25 03:28:40 - 0:47:16 - step 500 | loss 0.0794 | step time 30.53ms
INFO - 09/02/25 03:28:40 - 0:47:16 - step 500 train loss: 0.24310702085494995 test loss: 3.0662548542022705
INFO - 09/02/25 03:28:40 - 0:47:16 - test loss 3.0662548542022705 is the best so far, saving model to /home/yuebi/Project/dim11_run/dim11_run_full/7647/model.pt
INFO - 09/02/25 03:28:43 - 0:47:19 - step 600 | loss 0.0300 | step time 30.36ms
INFO - 09/02/25 03:28:46 - 0:47:22 - step 700 | loss 0.0318 | step time 30.46ms
INFO - 09/02/25 03:28:49 - 0:47:25 - step 800 | loss 0.0303 | step time 30.40ms
INFO - 09/02/25 03:28:52 - 0:47:28 - step 900 | loss 0.1006 | step time 30.47ms
INFO - 09/02/25 03:28:55 - 0:47:31 - Memory allocated:  20.90MB, reserved: 15892.00MB
INFO - 09/02/25 03:28:55 - 0:47:31 - generating
INFO - 09/02/25 03:28:55 - 0:47:31 - 50000 samples remaining
INFO - 09/02/25 03:49:44 - 1:08:20 - distribution of sample lengths: average: 391.95938 max: 749
INFO - 09/02/25 03:49:44 - 1:08:20 - decoding
INFO - 09/02/25 03:49:46 - 1:08:22 - Decoding complete. Check the output in /home/yuebi/Project/dim11_run/dim11_run_full/7647/transformer-output-decoded.txt
INFO - 09/02/25 03:49:46 - 1:08:22 - Memory allocated:  20.90MB, reserved: 15892.00MB
INFO - 09/02/25 03:49:46 - 1:08:22 - ============ End of generation 3 ============
INFO - 09/02/25 03:49:46 - 1:08:22 - launching search.jl
INFO - 09/02/25 03:49:46 - 1:08:22 - JULIA_NUM_THREADS is set to 1
INFO - 09/02/25 03:51:52 - 1:10:28 - distribution of scores
INFO - 09/02/25 03:51:52 - 1:10:28 - Score: 819.0, Count: 1
INFO - 09/02/25 03:51:52 - 1:10:28 - Score: 801.0, Count: 2
INFO - 09/02/25 03:51:52 - 1:10:28 - Score: 800.0, Count: 1
INFO - 09/02/25 03:51:52 - 1:10:28 - Score: 793.0, Count: 1
INFO - 09/02/25 03:51:52 - 1:10:28 - Score: 784.0, Count: 3
INFO - 09/02/25 03:51:52 - 1:10:28 - Score: 783.0, Count: 2
INFO - 09/02/25 03:51:52 - 1:10:28 - Score: 777.0, Count: 1
INFO - 09/02/25 03:51:52 - 1:10:28 - Score: 776.0, Count: 2
INFO - 09/02/25 03:51:52 - 1:10:28 - Score: 774.0, Count: 1
INFO - 09/02/25 03:51:52 - 1:10:28 - Score: 768.0, Count: 1
INFO - 09/02/25 03:51:52 - 1:10:28 - Score: 765.0, Count: 5
INFO - 09/02/25 03:51:52 - 1:10:28 - Score: 764.0, Count: 1
INFO - 09/02/25 03:51:52 - 1:10:28 - Score: 752.0, Count: 4
INFO - 09/02/25 03:51:52 - 1:10:28 - Score: 750.0, Count: 1
INFO - 09/02/25 03:51:52 - 1:10:28 - Score: 744.0, Count: 2
INFO - 09/02/25 03:51:52 - 1:10:28 - Score: 743.0, Count: 1
INFO - 09/02/25 03:51:52 - 1:10:28 - Score: 742.0, Count: 1
INFO - 09/02/25 03:51:52 - 1:10:28 - Score: 740.0, Count: 2
INFO - 09/02/25 03:51:52 - 1:10:28 - Score: 738.0, Count: 3
INFO - 09/02/25 03:51:52 - 1:10:28 - Score: 736.0, Count: 2
INFO - 09/02/25 03:51:52 - 1:10:28 - Score: 735.0, Count: 5
INFO - 09/02/25 03:51:52 - 1:10:28 - Score: 734.0, Count: 1
INFO - 09/02/25 03:51:52 - 1:10:28 - Score: 732.0, Count: 4
INFO - 09/02/25 03:51:52 - 1:10:28 - Score: 731.0, Count: 1
INFO - 09/02/25 03:51:52 - 1:10:28 - Score: 730.0, Count: 2
INFO - 09/02/25 03:51:52 - 1:10:28 - tokenizing
INFO - 09/02/25 03:51:52 - 1:10:28 - Loading tokenizer from /home/yuebi/Project/dim11_run/dim11_run_full/7647/tokenizer_data/tokenizer.json...
INFO - 09/02/25 03:51:52 - 1:10:28 - 0 / 50
INFO - 09/02/25 03:51:52 - 1:10:28 - number of examples in the dataset: 50
INFO - 09/02/25 03:51:52 - 1:10:28 - max word length: 131
INFO - 09/02/25 03:51:52 - 1:10:28 - number of unique characters in the vocabulary: 3
INFO - 09/02/25 03:51:52 - 1:10:28 - vocabulary:
INFO - 09/02/25 03:51:52 - 1:10:28 - ['V0', 'V1', 'V2']
INFO - 09/02/25 03:51:52 - 1:10:28 - split up the dataset into 45 training examples and 5 test examples
INFO - 09/02/25 03:51:52 - 1:10:28 - ============ Start of generation 4 ============
INFO - 09/02/25 03:51:52 - 1:10:28 - Memory allocated:  20.90MB, reserved: 15892.00MB
INFO - 09/02/25 03:51:52 - 1:10:28 - training
INFO - 09/02/25 03:51:52 - 1:10:28 - step 0 | loss 2.8573 | step time 35.19ms
INFO - 09/02/25 03:51:55 - 1:10:31 - step 100 | loss 0.5392 | step time 30.49ms
INFO - 09/02/25 03:51:58 - 1:10:34 - step 200 | loss 0.1655 | step time 30.63ms
INFO - 09/02/25 03:52:01 - 1:10:37 - step 300 | loss 0.0395 | step time 30.46ms
INFO - 09/02/25 03:52:04 - 1:10:40 - step 400 | loss 0.0309 | step time 30.42ms
INFO - 09/02/25 03:52:07 - 1:10:43 - step 500 | loss 0.0304 | step time 30.48ms
INFO - 09/02/25 03:52:07 - 1:10:43 - step 500 train loss: 0.03124379925429821 test loss: 3.075221061706543
INFO - 09/02/25 03:52:07 - 1:10:43 - test loss 3.075221061706543 is the best so far, saving model to /home/yuebi/Project/dim11_run/dim11_run_full/7647/model.pt
INFO - 09/02/25 03:52:10 - 1:10:46 - step 600 | loss 0.0324 | step time 30.48ms
INFO - 09/02/25 03:52:13 - 1:10:49 - step 700 | loss 0.0306 | step time 30.36ms
INFO - 09/02/25 03:52:16 - 1:10:52 - step 800 | loss 0.0311 | step time 30.38ms
INFO - 09/02/25 03:52:19 - 1:10:55 - step 900 | loss 0.0323 | step time 30.42ms
INFO - 09/02/25 03:52:22 - 1:10:58 - Memory allocated:  20.90MB, reserved: 15892.00MB
INFO - 09/02/25 03:52:22 - 1:10:58 - generating
INFO - 09/02/25 03:52:23 - 1:10:58 - 50000 samples remaining
INFO - 09/02/25 04:13:12 - 1:31:48 - distribution of sample lengths: average: 391.94486 max: 749
INFO - 09/02/25 04:13:12 - 1:31:48 - decoding
INFO - 09/02/25 04:13:13 - 1:31:49 - Decoding complete. Check the output in /home/yuebi/Project/dim11_run/dim11_run_full/7647/transformer-output-decoded.txt
INFO - 09/02/25 04:13:13 - 1:31:49 - Memory allocated:  20.90MB, reserved: 15892.00MB
INFO - 09/02/25 04:13:13 - 1:31:49 - ============ End of generation 4 ============
INFO - 09/02/25 04:13:13 - 1:31:49 - launching search.jl
INFO - 09/02/25 04:13:13 - 1:31:49 - JULIA_NUM_THREADS is set to 1
INFO - 09/02/25 04:15:20 - 1:33:56 - distribution of scores
INFO - 09/02/25 04:15:20 - 1:33:56 - Score: 840.0, Count: 1
INFO - 09/02/25 04:15:20 - 1:33:56 - Score: 798.0, Count: 2
INFO - 09/02/25 04:15:20 - 1:33:56 - Score: 792.0, Count: 1
INFO - 09/02/25 04:15:20 - 1:33:56 - Score: 783.0, Count: 1
INFO - 09/02/25 04:15:20 - 1:33:56 - Score: 780.0, Count: 1
INFO - 09/02/25 04:15:20 - 1:33:56 - Score: 777.0, Count: 1
INFO - 09/02/25 04:15:20 - 1:33:56 - Score: 776.0, Count: 1
INFO - 09/02/25 04:15:20 - 1:33:56 - Score: 771.0, Count: 1
INFO - 09/02/25 04:15:20 - 1:33:56 - Score: 768.0, Count: 7
INFO - 09/02/25 04:15:20 - 1:33:56 - Score: 765.0, Count: 2
INFO - 09/02/25 04:15:20 - 1:33:56 - Score: 762.0, Count: 3
INFO - 09/02/25 04:15:20 - 1:33:56 - Score: 761.0, Count: 2
INFO - 09/02/25 04:15:20 - 1:33:56 - Score: 760.0, Count: 1
INFO - 09/02/25 04:15:20 - 1:33:56 - Score: 759.0, Count: 2
INFO - 09/02/25 04:15:20 - 1:33:56 - Score: 756.0, Count: 5
INFO - 09/02/25 04:15:20 - 1:33:56 - Score: 750.0, Count: 3
INFO - 09/02/25 04:15:20 - 1:33:56 - Score: 747.0, Count: 1
INFO - 09/02/25 04:15:20 - 1:33:56 - Score: 744.0, Count: 2
INFO - 09/02/25 04:15:20 - 1:33:56 - Score: 740.0, Count: 3
INFO - 09/02/25 04:15:20 - 1:33:56 - Score: 738.0, Count: 2
INFO - 09/02/25 04:15:20 - 1:33:56 - Score: 736.0, Count: 2
INFO - 09/02/25 04:15:20 - 1:33:56 - Score: 735.0, Count: 2
INFO - 09/02/25 04:15:20 - 1:33:56 - Score: 732.0, Count: 1
INFO - 09/02/25 04:15:20 - 1:33:56 - Score: 730.0, Count: 1
INFO - 09/02/25 04:15:20 - 1:33:56 - Score: 729.0, Count: 2
INFO - 09/02/25 04:15:20 - 1:33:56 - tokenizing
INFO - 09/02/25 04:15:20 - 1:33:56 - Loading tokenizer from /home/yuebi/Project/dim11_run/dim11_run_full/7647/tokenizer_data/tokenizer.json...
INFO - 09/02/25 04:15:20 - 1:33:56 - 0 / 50
INFO - 09/02/25 04:15:20 - 1:33:56 - number of examples in the dataset: 50
INFO - 09/02/25 04:15:20 - 1:33:56 - max word length: 131
INFO - 09/02/25 04:15:20 - 1:33:56 - number of unique characters in the vocabulary: 3
INFO - 09/02/25 04:15:20 - 1:33:56 - vocabulary:
INFO - 09/02/25 04:15:20 - 1:33:56 - ['V0', 'V1', 'V2']
INFO - 09/02/25 04:15:20 - 1:33:56 - split up the dataset into 45 training examples and 5 test examples
INFO - 09/02/25 04:15:20 - 1:33:56 - ============ Start of generation 5 ============
INFO - 09/02/25 04:15:20 - 1:33:56 - Memory allocated:  20.90MB, reserved: 15892.00MB
INFO - 09/02/25 04:15:20 - 1:33:56 - training
INFO - 09/02/25 04:15:20 - 1:33:56 - step 0 | loss 3.0081 | step time 37.27ms
INFO - 09/02/25 04:15:23 - 1:33:59 - step 100 | loss 0.4715 | step time 30.44ms
INFO - 09/02/25 04:15:26 - 1:34:02 - step 200 | loss 0.0734 | step time 30.52ms
INFO - 09/02/25 04:15:29 - 1:34:05 - step 300 | loss 0.0388 | step time 30.51ms
INFO - 09/02/25 04:15:32 - 1:34:08 - step 400 | loss 0.0311 | step time 30.65ms
INFO - 09/02/25 04:15:35 - 1:34:11 - step 500 | loss 0.0594 | step time 30.54ms
INFO - 09/02/25 04:15:35 - 1:34:11 - step 500 train loss: 0.053024496883153915 test loss: 1.966727375984192
INFO - 09/02/25 04:15:35 - 1:34:11 - test loss 1.966727375984192 is the best so far, saving model to /home/yuebi/Project/dim11_run/dim11_run_full/7647/model.pt
INFO - 09/02/25 04:15:38 - 1:34:14 - step 600 | loss 0.0309 | step time 30.52ms
INFO - 09/02/25 04:15:41 - 1:34:17 - step 700 | loss 0.0302 | step time 30.34ms
INFO - 09/02/25 04:15:44 - 1:34:20 - step 800 | loss 0.0316 | step time 30.47ms
INFO - 09/02/25 04:15:47 - 1:34:23 - step 900 | loss 0.0300 | step time 30.51ms
INFO - 09/02/25 04:15:50 - 1:34:26 - Memory allocated:  20.90MB, reserved: 15892.00MB
INFO - 09/02/25 04:15:50 - 1:34:26 - generating
INFO - 09/02/25 04:15:50 - 1:34:26 - 50000 samples remaining
INFO - 09/02/25 04:36:40 - 1:55:16 - distribution of sample lengths: average: 391.98854 max: 749
INFO - 09/02/25 04:36:40 - 1:55:16 - decoding
INFO - 09/02/25 04:36:41 - 1:55:17 - Decoding complete. Check the output in /home/yuebi/Project/dim11_run/dim11_run_full/7647/transformer-output-decoded.txt
INFO - 09/02/25 04:36:41 - 1:55:17 - Memory allocated:  20.90MB, reserved: 15892.00MB
INFO - 09/02/25 04:36:41 - 1:55:17 - ============ End of generation 5 ============
INFO - 09/02/25 04:36:41 - 1:55:17 - launching search.jl
INFO - 09/02/25 04:36:41 - 1:55:17 - JULIA_NUM_THREADS is set to 1
INFO - 09/02/25 04:38:48 - 1:57:24 - distribution of scores
INFO - 09/02/25 04:38:48 - 1:57:24 - Score: 864.0, Count: 1
INFO - 09/02/25 04:38:48 - 1:57:24 - Score: 837.0, Count: 1
INFO - 09/02/25 04:38:48 - 1:57:24 - Score: 819.0, Count: 2
INFO - 09/02/25 04:38:48 - 1:57:24 - Score: 786.0, Count: 2
INFO - 09/02/25 04:38:48 - 1:57:24 - Score: 776.0, Count: 1
INFO - 09/02/25 04:38:48 - 1:57:24 - Score: 774.0, Count: 1
INFO - 09/02/25 04:38:48 - 1:57:24 - Score: 771.0, Count: 1
INFO - 09/02/25 04:38:48 - 1:57:24 - Score: 769.0, Count: 2
INFO - 09/02/25 04:38:48 - 1:57:24 - Score: 768.0, Count: 2
INFO - 09/02/25 04:38:48 - 1:57:24 - Score: 765.0, Count: 2
INFO - 09/02/25 04:38:48 - 1:57:24 - Score: 760.0, Count: 4
INFO - 09/02/25 04:38:48 - 1:57:24 - Score: 756.0, Count: 2
INFO - 09/02/25 04:38:48 - 1:57:24 - Score: 753.0, Count: 1
INFO - 09/02/25 04:38:48 - 1:57:24 - Score: 752.0, Count: 1
INFO - 09/02/25 04:38:48 - 1:57:24 - Score: 750.0, Count: 2
INFO - 09/02/25 04:38:48 - 1:57:24 - Score: 744.0, Count: 3
INFO - 09/02/25 04:38:48 - 1:57:24 - Score: 741.0, Count: 3
INFO - 09/02/25 04:38:48 - 1:57:24 - Score: 740.0, Count: 1
INFO - 09/02/25 04:38:48 - 1:57:24 - Score: 738.0, Count: 2
INFO - 09/02/25 04:38:48 - 1:57:24 - Score: 737.0, Count: 1
INFO - 09/02/25 04:38:48 - 1:57:24 - Score: 736.0, Count: 3
INFO - 09/02/25 04:38:48 - 1:57:24 - Score: 735.0, Count: 4
INFO - 09/02/25 04:38:48 - 1:57:24 - Score: 732.0, Count: 3
INFO - 09/02/25 04:38:48 - 1:57:24 - Score: 729.0, Count: 2
INFO - 09/02/25 04:38:48 - 1:57:24 - Score: 728.0, Count: 3
INFO - 09/02/25 04:38:48 - 1:57:24 - tokenizing
INFO - 09/02/25 04:38:48 - 1:57:24 - Loading tokenizer from /home/yuebi/Project/dim11_run/dim11_run_full/7647/tokenizer_data/tokenizer.json...
INFO - 09/02/25 04:38:48 - 1:57:24 - 0 / 50
INFO - 09/02/25 04:38:48 - 1:57:24 - number of examples in the dataset: 50
INFO - 09/02/25 04:38:48 - 1:57:24 - max word length: 131
INFO - 09/02/25 04:38:48 - 1:57:24 - number of unique characters in the vocabulary: 3
INFO - 09/02/25 04:38:48 - 1:57:24 - vocabulary:
INFO - 09/02/25 04:38:48 - 1:57:24 - ['V0', 'V1', 'V2']
INFO - 09/02/25 04:38:48 - 1:57:24 - split up the dataset into 45 training examples and 5 test examples
INFO - 09/02/25 04:38:48 - 1:57:24 - ============ Start of generation 6 ============
INFO - 09/02/25 04:38:48 - 1:57:24 - Memory allocated:  20.90MB, reserved: 15892.00MB
INFO - 09/02/25 04:38:48 - 1:57:24 - training
INFO - 09/02/25 04:38:48 - 1:57:24 - step 0 | loss 2.4862 | step time 34.85ms
INFO - 09/02/25 04:38:51 - 1:57:27 - step 100 | loss 0.3138 | step time 30.42ms
INFO - 09/02/25 04:38:54 - 1:57:30 - step 200 | loss 0.0423 | step time 30.43ms
INFO - 09/02/25 04:38:57 - 1:57:33 - step 300 | loss 0.0351 | step time 30.38ms
INFO - 09/02/25 04:39:00 - 1:57:36 - step 400 | loss 0.0321 | step time 30.39ms
INFO - 09/02/25 04:39:03 - 1:57:39 - step 500 | loss 0.0768 | step time 30.46ms
INFO - 09/02/25 04:39:03 - 1:57:39 - step 500 train loss: 0.08851991593837738 test loss: 2.4821057319641113
INFO - 09/02/25 04:39:03 - 1:57:39 - test loss 2.4821057319641113 is the best so far, saving model to /home/yuebi/Project/dim11_run/dim11_run_full/7647/model.pt
INFO - 09/02/25 04:39:06 - 1:57:42 - step 600 | loss 0.0306 | step time 30.58ms
INFO - 09/02/25 04:39:09 - 1:57:45 - step 700 | loss 0.0308 | step time 30.36ms
INFO - 09/02/25 04:39:12 - 1:57:48 - step 800 | loss 0.0365 | step time 30.45ms
INFO - 09/02/25 04:39:15 - 1:57:51 - step 900 | loss 0.0318 | step time 30.37ms
INFO - 09/02/25 04:39:18 - 1:57:54 - Memory allocated:  20.90MB, reserved: 15892.00MB
INFO - 09/02/25 04:39:18 - 1:57:54 - generating
INFO - 09/02/25 04:39:18 - 1:57:54 - 50000 samples remaining
INFO - 09/02/25 05:00:08 - 2:18:44 - distribution of sample lengths: average: 391.97066 max: 749
INFO - 09/02/25 05:00:08 - 2:18:44 - decoding
INFO - 09/02/25 05:00:09 - 2:18:45 - Decoding complete. Check the output in /home/yuebi/Project/dim11_run/dim11_run_full/7647/transformer-output-decoded.txt
INFO - 09/02/25 05:00:09 - 2:18:45 - Memory allocated:  20.90MB, reserved: 15892.00MB
INFO - 09/02/25 05:00:09 - 2:18:45 - ============ End of generation 6 ============
INFO - 09/02/25 05:00:09 - 2:18:45 - launching search.jl
INFO - 09/02/25 05:00:09 - 2:18:45 - JULIA_NUM_THREADS is set to 1
INFO - 09/02/25 05:02:17 - 2:20:53 - distribution of scores
INFO - 09/02/25 05:02:17 - 2:20:53 - Score: 873.0, Count: 1
INFO - 09/02/25 05:02:17 - 2:20:53 - Score: 837.0, Count: 1
INFO - 09/02/25 05:02:17 - 2:20:53 - Score: 805.0, Count: 1
INFO - 09/02/25 05:02:17 - 2:20:53 - Score: 800.0, Count: 1
INFO - 09/02/25 05:02:17 - 2:20:53 - Score: 795.0, Count: 1
INFO - 09/02/25 05:02:17 - 2:20:53 - Score: 792.0, Count: 1
INFO - 09/02/25 05:02:17 - 2:20:53 - Score: 784.0, Count: 1
INFO - 09/02/25 05:02:17 - 2:20:53 - Score: 783.0, Count: 1
INFO - 09/02/25 05:02:17 - 2:20:53 - Score: 776.0, Count: 2
INFO - 09/02/25 05:02:17 - 2:20:53 - Score: 768.0, Count: 10
INFO - 09/02/25 05:02:17 - 2:20:53 - Score: 765.0, Count: 2
INFO - 09/02/25 05:02:17 - 2:20:53 - Score: 761.0, Count: 1
INFO - 09/02/25 05:02:17 - 2:20:53 - Score: 756.0, Count: 2
INFO - 09/02/25 05:02:17 - 2:20:53 - Score: 752.0, Count: 1
INFO - 09/02/25 05:02:17 - 2:20:53 - Score: 744.0, Count: 4
INFO - 09/02/25 05:02:17 - 2:20:53 - Score: 741.0, Count: 2
INFO - 09/02/25 05:02:17 - 2:20:53 - Score: 740.0, Count: 4
INFO - 09/02/25 05:02:17 - 2:20:53 - Score: 738.0, Count: 2
INFO - 09/02/25 05:02:17 - 2:20:53 - Score: 736.0, Count: 4
INFO - 09/02/25 05:02:17 - 2:20:53 - Score: 735.0, Count: 1
INFO - 09/02/25 05:02:17 - 2:20:53 - Score: 732.0, Count: 3
INFO - 09/02/25 05:02:17 - 2:20:53 - Score: 730.0, Count: 2
INFO - 09/02/25 05:02:17 - 2:20:53 - Score: 729.0, Count: 2
INFO - 09/02/25 05:02:17 - 2:20:53 - tokenizing
INFO - 09/02/25 05:02:17 - 2:20:53 - Loading tokenizer from /home/yuebi/Project/dim11_run/dim11_run_full/7647/tokenizer_data/tokenizer.json...
INFO - 09/02/25 05:02:17 - 2:20:53 - 0 / 50
INFO - 09/02/25 05:02:17 - 2:20:53 - number of examples in the dataset: 50
INFO - 09/02/25 05:02:17 - 2:20:53 - max word length: 131
INFO - 09/02/25 05:02:17 - 2:20:53 - number of unique characters in the vocabulary: 3
INFO - 09/02/25 05:02:17 - 2:20:53 - vocabulary:
INFO - 09/02/25 05:02:17 - 2:20:53 - ['V0', 'V1', 'V2']
INFO - 09/02/25 05:02:17 - 2:20:53 - split up the dataset into 45 training examples and 5 test examples
INFO - 09/02/25 05:02:17 - 2:20:53 - ============ Start of generation 7 ============
INFO - 09/02/25 05:02:17 - 2:20:53 - Memory allocated:  20.90MB, reserved: 15892.00MB
INFO - 09/02/25 05:02:17 - 2:20:53 - training
INFO - 09/02/25 05:02:18 - 2:20:54 - step 0 | loss 3.1191 | step time 34.91ms
INFO - 09/02/25 05:02:21 - 2:20:57 - step 100 | loss 0.3708 | step time 30.58ms
INFO - 09/02/25 05:02:24 - 2:21:00 - step 200 | loss 0.0669 | step time 30.45ms
INFO - 09/02/25 05:02:27 - 2:21:03 - step 300 | loss 0.0318 | step time 30.37ms
INFO - 09/02/25 05:02:30 - 2:21:06 - step 400 | loss 0.1637 | step time 30.33ms
INFO - 09/02/25 05:02:33 - 2:21:09 - step 500 | loss 0.0305 | step time 30.47ms
INFO - 09/02/25 05:02:33 - 2:21:09 - step 500 train loss: 0.03117360919713974 test loss: 2.965456247329712
INFO - 09/02/25 05:02:33 - 2:21:09 - test loss 2.965456247329712 is the best so far, saving model to /home/yuebi/Project/dim11_run/dim11_run_full/7647/model.pt
INFO - 09/02/25 05:02:36 - 2:21:12 - step 600 | loss 0.0297 | step time 30.45ms
INFO - 09/02/25 05:02:39 - 2:21:15 - step 700 | loss 0.0334 | step time 30.37ms
INFO - 09/02/25 05:02:42 - 2:21:18 - step 800 | loss 0.0310 | step time 30.59ms
INFO - 09/02/25 05:02:45 - 2:21:21 - step 900 | loss 0.0301 | step time 30.59ms
INFO - 09/02/25 05:02:48 - 2:21:24 - Memory allocated:  20.90MB, reserved: 15892.00MB
INFO - 09/02/25 05:02:48 - 2:21:24 - generating
INFO - 09/02/25 05:02:48 - 2:21:24 - 50000 samples remaining
