INFO - 10/12/25 15:20:19 - 0:00:00 - ============ Initialized logger ============
INFO - 10/12/25 15:20:19 - 0:00:00 - batch_size: 32
                                     command: python fc_loop.py --exp_name=dim11_run_30 --dump_path=/home/yuebi/Project/dim11_run --num_initial_empty_objects=800 --final_database_size=100 --target_db_size=100 --nb_local_searches=800 --max_epochs=20 --type=transformer --max-output-length=131 --sample-only=50000 --max-steps=1500 --n_tokens=15 --n-layer=8 --n-embd=128 --n-embd2=128 --exp_id=1111 --exp_id "1111"
                                     cpu: False
                                     debug: False
                                     debug_slurm: False
                                     dump_path: /home/yuebi/Project/dim11_run/dim11_run_30/1111
                                     exp_id: 1111
                                     exp_name: dim11_run_30
                                     final_database_size: 100
                                     gen_batch_size: 1000
                                     global_rank: 0
                                     is_master: True
                                     is_slurm_job: True
                                     learning_rate: 0.0005
                                     local_rank: 0
                                     master_addr: gpu-6
                                     master_port: -1
                                     max_epochs: 20
                                     max_output_length: 131
                                     max_steps: 1500
                                     multi_gpu: False
                                     multi_node: False
                                     n_embd: 128
                                     n_embd2: 128
                                     n_gpu_per_node: 1
                                     n_head: 8
                                     n_layer: 8
                                     n_nodes: 1
                                     n_tokens: 15
                                     nb_local_searches: 800
                                     nb_threads: 1
                                     node_id: 0
                                     num_initial_empty_objects: 800
                                     num_workers: 8
                                     sample_only: 50000
                                     seed: -1
                                     target_db_size: 100
                                     temperature: 1.0
                                     top_k: -1
                                     type: transformer
                                     weight_decay: 0.01
                                     world_size: 1
INFO - 10/12/25 15:20:19 - 0:00:00 - The experiment will be stored in /home/yuebi/Project/dim11_run/dim11_run_30/1111
                                     
INFO - 10/12/25 15:20:19 - 0:00:00 - Running command: python fc_loop.py --exp_name=dim11_run_30 --dump_path=/home/yuebi/Project/dim11_run --num_initial_empty_objects=800 --final_database_size=100 --target_db_size=100 --nb_local_searches=800 --max_epochs=20 --type=transformer --max-output-length=131 --sample-only=50000 --max-steps=1500 --n_tokens=15 --n-layer=8 --n-embd=128 --n-embd2=128 --exp_id=1111

WARNING - 10/12/25 15:20:19 - 0:00:00 - Signal handler installed.
INFO - 10/12/25 15:20:19 - 0:00:00 - seed: 445231347
INFO - 10/12/25 15:20:19 - 0:00:00 - JULIA_NUM_THREADS is set to 1
INFO - 10/12/25 15:20:26 - 0:00:07 - Created /home/yuebi/Project/dim11_run/dim11_run_30/1111/temp.txt and training tokenizer...
INFO - 10/12/25 15:20:26 - 0:00:07 - Directory '/home/yuebi/Project/dim11_run/dim11_run_30/1111/tokenizer_data' created.
INFO - 10/12/25 15:20:26 - 0:00:07 - File '/home/yuebi/Project/dim11_run/dim11_run_30/1111/temp.txt' has been deleted.
INFO - 10/12/25 15:20:26 - 0:00:07 - 0 / 2
INFO - 10/12/25 15:20:26 - 0:00:07 - initializing at generation: 1
INFO - 10/12/25 15:20:26 - 0:00:07 - number of examples in the dataset: 2
INFO - 10/12/25 15:20:26 - 0:00:07 - max word length: 58
INFO - 10/12/25 15:20:26 - 0:00:07 - number of unique characters in the vocabulary: 14
INFO - 10/12/25 15:20:26 - 0:00:07 - vocabulary:
INFO - 10/12/25 15:20:26 - 0:00:07 - ['V0', 'V1', 'V2', 'V3', 'V4', 'V5', 'V6', 'V7', 'V9', 'V10', 'V11', 'V12', 'V13', 'V14']
INFO - 10/12/25 15:20:26 - 0:00:07 - split up the dataset into 0 training examples and 2 test examples
INFO - 10/12/25 15:20:26 - 0:00:07 - dataset determined that: vocab_size=16, block_size=132
INFO - 10/12/25 15:20:26 - 0:00:07 - model #params: 1607424
INFO - 10/12/25 15:20:26 - 0:00:07 - ============ Start of generation 1 ============
INFO - 10/12/25 15:20:26 - 0:00:07 - Memory allocated:  6.67MB, reserved: 8.00MB
INFO - 10/12/25 15:20:26 - 0:00:07 - training
