INFO - 07/17/25 18:18:11 - 0:00:00 - ============ Initialized logger ============
INFO - 07/17/25 18:18:11 - 0:00:00 - batch_size: 32
                                     command: python fc_loop.py --exp_name=run1 --dump_path=C:/Users/123li/Downloads/Project/dim9_run --num_initial_empty_objects=80 --final_database_size=20 --target_db_size=20 --nb_local_searches=300 --sample-only=10000 --max_epochs=1 --type=transformer --cpu true --exp_id "8biya2oqyg"
                                     cpu: True
                                     debug: False
                                     debug_slurm: False
                                     dump_path: C:/Users/123li/Downloads/Project/dim9_run\run1\8biya2oqyg
                                     exp_id: 8biya2oqyg
                                     exp_name: run1
                                     final_database_size: 20
                                     gen_batch_size: 1000
                                     global_rank: 0
                                     is_master: True
                                     is_slurm_job: False
                                     learning_rate: 0.0005
                                     local_rank: 0
                                     master_port: -1
                                     max_epochs: 1
                                     max_output_length: 160
                                     max_steps: 20000
                                     multi_gpu: False
                                     multi_node: False
                                     n_embd: 64
                                     n_embd2: 32
                                     n_gpu_per_node: 1
                                     n_head: 8
                                     n_layer: 4
                                     n_nodes: 1
                                     n_tokens: 100
                                     nb_local_searches: 300
                                     nb_threads: 1
                                     node_id: 0
                                     num_initial_empty_objects: 80
                                     num_workers: 8
                                     sample_only: 10000
                                     seed: -1
                                     target_db_size: 20
                                     temperature: 1.0
                                     top_k: -1
                                     type: transformer
                                     weight_decay: 0.01
                                     world_size: 1
INFO - 07/17/25 18:18:11 - 0:00:00 - The experiment will be stored in C:/Users/123li/Downloads/Project/dim9_run\run1\8biya2oqyg
                                     
INFO - 07/17/25 18:18:11 - 0:00:00 - Running command: python fc_loop.py --exp_name=run1 --dump_path=C:/Users/123li/Downloads/Project/dim9_run --num_initial_empty_objects=80 --final_database_size=20 --target_db_size=20 --nb_local_searches=300 --sample-only=10000 --max_epochs=1 --type=transformer --cpu true

INFO - 07/17/25 18:18:11 - 0:00:00 - seed: 252937218
INFO - 07/17/25 18:18:11 - 0:00:00 - JULIA_NUM_THREADS is set to 1
INFO - 07/17/25 18:18:24 - 0:00:13 - Created C:/Users/123li/Downloads/Project/dim9_run\run1\8biya2oqyg/temp.txt and training tokenizer...
INFO - 07/17/25 18:18:24 - 0:00:13 - Directory 'C:/Users/123li/Downloads/Project/dim9_run\run1\8biya2oqyg/tokenizer_data' created.
INFO - 07/17/25 18:18:24 - 0:00:14 - File 'C:/Users/123li/Downloads/Project/dim9_run\run1\8biya2oqyg/temp.txt' has been deleted.
INFO - 07/17/25 18:18:24 - 0:00:14 - 0 / 20
INFO - 07/17/25 18:18:24 - 0:00:14 - initializing at generation: 1
INFO - 07/17/25 18:18:24 - 0:00:14 - number of examples in the dataset: 20
INFO - 07/17/25 18:18:24 - 0:00:14 - max word length: 161
INFO - 07/17/25 18:18:24 - 0:00:14 - number of unique characters in the vocabulary: 3
INFO - 07/17/25 18:18:24 - 0:00:14 - vocabulary:
INFO - 07/17/25 18:18:24 - 0:00:14 - ['V0', 'V1', 'V2']
