INFO - 10/08/25 01:01:18 - 0:00:00 - ============ Initialized logger ============
INFO - 10/08/25 01:01:18 - 0:00:00 - batch_size: 32
                                     command: python fc_loop.py --exp_name=dim11_newrun --dump_path=C:\Users\123li\Downloads\Project --num_initial_empty_objects=300 --final_database_size=15 --target_db_size=15 --nb_local_searches=500 --max_epochs=20 --type=transformer --max-output-length=131 --sample-only=5000 --max-steps=500 --n_tokens=15 --n-layer=8 --n-embd=128 --n-embd2=128 --cpu=true --exp_id "ykks9j414n"
                                     cpu: True
                                     debug: False
                                     debug_slurm: False
                                     dump_path: C:\Users\123li\Downloads\Project\dim11_newrun\ykks9j414n
                                     exp_id: ykks9j414n
                                     exp_name: dim11_newrun
                                     final_database_size: 15
                                     gen_batch_size: 1000
                                     global_rank: 0
                                     is_master: True
                                     is_slurm_job: False
                                     learning_rate: 0.0005
                                     local_rank: 0
                                     master_port: -1
                                     max_epochs: 20
                                     max_output_length: 131
                                     max_steps: 500
                                     multi_gpu: False
                                     multi_node: False
                                     n_embd: 128
                                     n_embd2: 128
                                     n_gpu_per_node: 1
                                     n_head: 8
                                     n_layer: 8
                                     n_nodes: 1
                                     n_tokens: 15
                                     nb_local_searches: 500
                                     nb_threads: 1
                                     node_id: 0
                                     num_initial_empty_objects: 300
                                     num_workers: 8
                                     sample_only: 5000
                                     seed: -1
                                     target_db_size: 15
                                     temperature: 1.0
                                     top_k: -1
                                     type: transformer
                                     weight_decay: 0.01
                                     world_size: 1
INFO - 10/08/25 01:01:18 - 0:00:00 - The experiment will be stored in C:\Users\123li\Downloads\Project\dim11_newrun\ykks9j414n
                                     
INFO - 10/08/25 01:01:18 - 0:00:00 - Running command: python fc_loop.py --exp_name=dim11_newrun --dump_path=C:\Users\123li\Downloads\Project --num_initial_empty_objects=300 --final_database_size=15 --target_db_size=15 --nb_local_searches=500 --max_epochs=20 --type=transformer --max-output-length=131 --sample-only=5000 --max-steps=500 --n_tokens=15 --n-layer=8 --n-embd=128 --n-embd2=128 --cpu=true

INFO - 10/08/25 01:01:18 - 0:00:00 - seed: 900985714
INFO - 10/08/25 01:01:19 - 0:00:00 - JULIA_NUM_THREADS is set to 1
INFO - 10/08/25 01:01:57 - 0:00:39 - Created C:\Users\123li\Downloads\Project\dim11_newrun\ykks9j414n/temp.txt and training tokenizer...
INFO - 10/08/25 01:01:57 - 0:00:39 - Directory 'C:\Users\123li\Downloads\Project\dim11_newrun\ykks9j414n/tokenizer_data' created.
INFO - 10/08/25 01:01:57 - 0:00:39 - File 'C:\Users\123li\Downloads\Project\dim11_newrun\ykks9j414n/temp.txt' has been deleted.
INFO - 10/08/25 01:01:57 - 0:00:39 - 0 / 15
INFO - 10/08/25 01:01:57 - 0:00:39 - initializing at generation: 1
INFO - 10/08/25 01:01:57 - 0:00:39 - number of examples in the dataset: 15
INFO - 10/08/25 01:01:57 - 0:00:39 - max word length: 59
INFO - 10/08/25 01:01:57 - 0:00:39 - number of unique characters in the vocabulary: 15
INFO - 10/08/25 01:01:57 - 0:00:39 - vocabulary:
INFO - 10/08/25 01:01:57 - 0:00:39 - ['V0', 'V1', 'V2', 'V3', 'V4', 'V5', 'V6', 'V7', 'V8', 'V9', 'V10', 'V11', 'V12', 'V13', 'V14']
INFO - 10/08/25 01:01:57 - 0:00:39 - split up the dataset into 14 training examples and 1 test examples
INFO - 10/08/25 01:01:57 - 0:00:39 - dataset determined that: vocab_size=16, block_size=132
INFO - 10/08/25 01:01:57 - 0:00:39 - model #params: 1607424
INFO - 10/08/25 01:01:57 - 0:00:39 - ============ Start of generation 1 ============
INFO - 10/08/25 01:01:57 - 0:00:39 - Memory allocated:  0.00MB, reserved: 0.00MB
INFO - 10/08/25 01:01:57 - 0:00:39 - training
INFO - 10/08/25 01:02:24 - 0:01:06 - step 0 | loss 2.9228 | step time 11516.34ms
INFO - 10/08/25 01:03:30 - 0:02:12 - step 100 | loss 0.0605 | step time 635.04ms
INFO - 10/08/25 01:04:36 - 0:03:17 - step 200 | loss 0.0525 | step time 674.59ms
INFO - 10/08/25 01:05:41 - 0:04:23 - step 300 | loss 0.0566 | step time 652.36ms
INFO - 10/08/25 01:06:47 - 0:05:28 - step 400 | loss 0.0500 | step time 636.09ms
INFO - 10/08/25 01:07:51 - 0:06:33 - Memory allocated:  0.00MB, reserved: 0.00MB
INFO - 10/08/25 01:07:51 - 0:06:33 - generating
