INFO - 10/26/25 16:27:23 - 0:00:00 - ============ Initialized logger ============
INFO - 10/26/25 16:27:23 - 0:00:00 - batch_size: 32
                                     command: python fc_loop.py --exp_name=dim16_run_4 --dump_path=/home/yuebi/Project/dim16_run --num_initial_empty_objects=800 --final_database_size=100 --target_db_size=100 --nb_local_searches=800 --max_epochs=20 --type=transformer --max-output-length=271 --sample-only=30000 --max-steps=1500 --n_tokens=15 --n-layer=8 --n-embd=128 --n-embd2=128 --exp_id=1111 --exp_id "1111"
                                     cpu: False
                                     debug: False
                                     debug_slurm: False
                                     dump_path: /home/yuebi/Project/dim16_run/dim16_run_4/1111
                                     exp_id: 1111
                                     exp_name: dim16_run_4
                                     final_database_size: 100
                                     gen_batch_size: 1000
                                     global_rank: 0
                                     is_master: True
                                     is_slurm_job: True
                                     learning_rate: 0.0005
                                     local_rank: 0
                                     master_addr: gpu-6
                                     master_port: -1
                                     max_epochs: 20
                                     max_output_length: 271
                                     max_steps: 1500
                                     multi_gpu: False
                                     multi_node: False
                                     n_embd: 128
                                     n_embd2: 128
                                     n_gpu_per_node: 1
                                     n_head: 8
                                     n_layer: 8
                                     n_nodes: 1
                                     n_tokens: 15
                                     nb_local_searches: 800
                                     nb_threads: 1
                                     node_id: 0
                                     num_initial_empty_objects: 800
                                     num_workers: 8
                                     sample_only: 30000
                                     seed: -1
                                     target_db_size: 100
                                     temperature: 1.0
                                     top_k: -1
                                     type: transformer
                                     weight_decay: 0.01
                                     world_size: 1
INFO - 10/26/25 16:27:23 - 0:00:00 - The experiment will be stored in /home/yuebi/Project/dim16_run/dim16_run_4/1111
                                     
INFO - 10/26/25 16:27:23 - 0:00:00 - Running command: python fc_loop.py --exp_name=dim16_run_4 --dump_path=/home/yuebi/Project/dim16_run --num_initial_empty_objects=800 --final_database_size=100 --target_db_size=100 --nb_local_searches=800 --max_epochs=20 --type=transformer --max-output-length=271 --sample-only=30000 --max-steps=1500 --n_tokens=15 --n-layer=8 --n-embd=128 --n-embd2=128 --exp_id=1111

WARNING - 10/26/25 16:27:23 - 0:00:00 - Signal handler installed.
INFO - 10/26/25 16:27:23 - 0:00:00 - seed: 639745297
INFO - 10/26/25 16:27:23 - 0:00:00 - JULIA_NUM_THREADS is set to 1
INFO - 10/26/25 16:28:11 - 0:00:48 - Created /home/yuebi/Project/dim16_run/dim16_run_4/1111/temp.txt and training tokenizer...
INFO - 10/26/25 16:28:11 - 0:00:48 - Directory '/home/yuebi/Project/dim16_run/dim16_run_4/1111/tokenizer_data' created.
INFO - 10/26/25 16:28:11 - 0:00:48 - File '/home/yuebi/Project/dim16_run/dim16_run_4/1111/temp.txt' has been deleted.
INFO - 10/26/25 16:28:11 - 0:00:48 - 0 / 100
INFO - 10/26/25 16:28:11 - 0:00:48 - initializing at generation: 1
INFO - 10/26/25 16:28:11 - 0:00:48 - number of examples in the dataset: 100
INFO - 10/26/25 16:28:11 - 0:00:48 - max word length: 113
INFO - 10/26/25 16:28:11 - 0:00:48 - number of unique characters in the vocabulary: 15
INFO - 10/26/25 16:28:11 - 0:00:48 - vocabulary:
INFO - 10/26/25 16:28:11 - 0:00:48 - ['V0', 'V1', 'V2', 'V3', 'V4', 'V5', 'V6', 'V7', 'V8', 'V9', 'V10', 'V11', 'V12', 'V13', 'V14']
INFO - 10/26/25 16:28:11 - 0:00:48 - split up the dataset into 90 training examples and 10 test examples
INFO - 10/26/25 16:28:11 - 0:00:48 - dataset determined that: vocab_size=16, block_size=272
INFO - 10/26/25 16:28:11 - 0:00:48 - model #params: 1625344
INFO - 10/26/25 16:28:11 - 0:00:48 - ============ Start of generation 1 ============
INFO - 10/26/25 16:28:11 - 0:00:48 - Memory allocated:  8.46MB, reserved: 10.00MB
INFO - 10/26/25 16:28:11 - 0:00:48 - training
INFO - 10/26/25 16:28:16 - 0:00:53 - step 0 | loss 2.9792 | step time 594.81ms
INFO - 10/26/25 16:28:42 - 0:01:18 - step 100 | loss 1.6909 | step time 256.81ms
INFO - 10/26/25 16:29:07 - 0:01:44 - step 200 | loss 0.6711 | step time 257.06ms
INFO - 10/26/25 16:29:33 - 0:02:10 - step 300 | loss 0.0913 | step time 256.70ms
INFO - 10/26/25 16:29:59 - 0:02:35 - step 400 | loss 0.0499 | step time 256.76ms
INFO - 10/26/25 16:30:24 - 0:03:01 - step 500 | loss 0.0478 | step time 256.84ms
INFO - 10/26/25 16:30:25 - 0:03:01 - step 500 train loss: 0.049048423767089844 test loss: 6.5573410987854
INFO - 10/26/25 16:30:25 - 0:03:01 - test loss 6.5573410987854 is the best so far, saving model to /home/yuebi/Project/dim16_run/dim16_run_4/1111/model.pt
INFO - 10/26/25 16:30:50 - 0:03:27 - step 600 | loss 0.0454 | step time 257.13ms
INFO - 10/26/25 16:31:16 - 0:03:53 - step 700 | loss 0.0468 | step time 256.77ms
INFO - 10/26/25 16:31:42 - 0:04:18 - step 800 | loss 0.0457 | step time 256.89ms
INFO - 10/26/25 16:32:07 - 0:04:44 - step 900 | loss 0.0477 | step time 256.80ms
INFO - 10/26/25 16:32:33 - 0:05:10 - step 1000 | loss 0.0465 | step time 256.58ms
INFO - 10/26/25 16:32:33 - 0:05:10 - step 1000 train loss: 0.045887794345617294 test loss: 6.790077209472656
INFO - 10/26/25 16:32:59 - 0:05:36 - step 1100 | loss 0.0458 | step time 256.77ms
INFO - 10/26/25 16:33:25 - 0:06:01 - step 1200 | loss 0.0454 | step time 256.86ms
INFO - 10/26/25 16:33:50 - 0:06:27 - step 1300 | loss 0.0423 | step time 256.78ms
INFO - 10/26/25 16:34:16 - 0:06:53 - step 1400 | loss 0.0448 | step time 256.79ms
INFO - 10/26/25 16:34:41 - 0:07:18 - Memory allocated:  43.97MB, reserved: 2272.00MB
INFO - 10/26/25 16:34:41 - 0:07:18 - generating
INFO - 10/26/25 18:47:26 - 0:00:00 - ============ Initialized logger ============
INFO - 10/26/25 18:47:26 - 0:00:00 - batch_size: 32
                                     command: python fc_loop.py --exp_name=dim16_run_4 --dump_path=/home/yuebi/Project/dim16_run --num_initial_empty_objects=800 --final_database_size=100 --target_db_size=100 --nb_local_searches=800 --max_epochs=20 --type=transformer --max-output-length=271 --sample-only=30000 --max-steps=1500 --n_tokens=15 --n-layer=8 --n-embd=128 --n-embd2=128 --exp_id=1111 --exp_id "1111"
                                     cpu: False
                                     debug: False
                                     debug_slurm: False
                                     dump_path: /home/yuebi/Project/dim16_run/dim16_run_4/1111
                                     exp_id: 1111
                                     exp_name: dim16_run_4
                                     final_database_size: 100
                                     gen_batch_size: 1000
                                     global_rank: 0
                                     is_master: True
                                     is_slurm_job: True
                                     learning_rate: 0.0005
                                     local_rank: 0
                                     master_addr: gpu-6
                                     master_port: -1
                                     max_epochs: 20
                                     max_output_length: 271
                                     max_steps: 1500
                                     multi_gpu: False
                                     multi_node: False
                                     n_embd: 128
                                     n_embd2: 128
                                     n_gpu_per_node: 1
                                     n_head: 8
                                     n_layer: 8
                                     n_nodes: 1
                                     n_tokens: 15
                                     nb_local_searches: 800
                                     nb_threads: 1
                                     node_id: 0
                                     num_initial_empty_objects: 800
                                     num_workers: 8
                                     sample_only: 30000
                                     seed: -1
                                     target_db_size: 100
                                     temperature: 1.0
                                     top_k: -1
                                     type: transformer
                                     weight_decay: 0.01
                                     world_size: 1
INFO - 10/26/25 18:47:26 - 0:00:00 - The experiment will be stored in /home/yuebi/Project/dim16_run/dim16_run_4/1111
                                     
INFO - 10/26/25 18:47:26 - 0:00:00 - Running command: python fc_loop.py --exp_name=dim16_run_4 --dump_path=/home/yuebi/Project/dim16_run --num_initial_empty_objects=800 --final_database_size=100 --target_db_size=100 --nb_local_searches=800 --max_epochs=20 --type=transformer --max-output-length=271 --sample-only=30000 --max-steps=1500 --n_tokens=15 --n-layer=8 --n-embd=128 --n-embd2=128 --exp_id=1111

WARNING - 10/26/25 18:47:26 - 0:00:00 - Signal handler installed.
INFO - 10/26/25 18:47:26 - 0:00:00 - seed: 578479830
INFO - 10/26/25 18:47:26 - 0:00:00 - initializing at generation: 1
INFO - 10/26/25 18:47:26 - 0:00:00 - number of examples in the dataset: 100
INFO - 10/26/25 18:47:26 - 0:00:00 - max word length: 113
INFO - 10/26/25 18:47:26 - 0:00:00 - number of unique characters in the vocabulary: 15
INFO - 10/26/25 18:47:26 - 0:00:00 - vocabulary:
INFO - 10/26/25 18:47:26 - 0:00:00 - ['V0', 'V1', 'V2', 'V3', 'V4', 'V5', 'V6', 'V7', 'V8', 'V9', 'V10', 'V11', 'V12', 'V13', 'V14']
INFO - 10/26/25 18:47:26 - 0:00:00 - split up the dataset into 90 training examples and 10 test examples
INFO - 10/26/25 18:47:26 - 0:00:00 - dataset determined that: vocab_size=16, block_size=272
INFO - 10/26/25 18:47:26 - 0:00:00 - model #params: 1625344
INFO - 10/26/25 18:47:26 - 0:00:00 - resuming from existing model
INFO - 10/26/25 18:47:26 - 0:00:00 - ============ Start of generation 1 ============
INFO - 10/26/25 18:47:26 - 0:00:00 - Memory allocated:  8.46MB, reserved: 18.00MB
INFO - 10/26/25 18:47:26 - 0:00:00 - training
INFO - 10/26/25 18:47:31 - 0:00:05 - step 0 | loss 0.4621 | step time 581.74ms
INFO - 10/26/25 18:47:57 - 0:00:31 - step 100 | loss 0.0523 | step time 257.02ms
INFO - 10/26/25 18:48:22 - 0:00:56 - step 200 | loss 0.0467 | step time 256.88ms
INFO - 10/26/25 18:48:48 - 0:01:22 - step 300 | loss 0.0678 | step time 257.12ms
INFO - 10/26/25 18:49:14 - 0:01:48 - step 400 | loss 0.0457 | step time 256.83ms
INFO - 10/26/25 18:49:39 - 0:02:13 - step 500 | loss 0.0436 | step time 257.09ms
INFO - 10/26/25 18:49:40 - 0:02:14 - step 500 train loss: 0.045889146625995636 test loss: 1.0943999290466309
INFO - 10/26/25 18:49:40 - 0:02:14 - test loss 1.0943999290466309 is the best so far, saving model to /home/yuebi/Project/dim16_run/dim16_run_4/1111/model.pt
INFO - 10/26/25 18:50:05 - 0:02:39 - step 600 | loss 0.0471 | step time 257.03ms
INFO - 10/26/25 18:50:31 - 0:03:05 - step 700 | loss 0.0470 | step time 257.12ms
INFO - 10/26/25 18:50:57 - 0:03:31 - step 800 | loss 0.0430 | step time 257.13ms
INFO - 10/26/25 18:51:22 - 0:03:57 - step 900 | loss 0.0434 | step time 256.92ms
INFO - 10/26/25 18:51:48 - 0:04:22 - step 1000 | loss 0.0462 | step time 257.00ms
INFO - 10/26/25 18:51:48 - 0:04:22 - step 1000 train loss: 0.046493757516145706 test loss: 1.485556721687317
INFO - 10/26/25 18:52:14 - 0:04:48 - step 1100 | loss 0.0566 | step time 257.05ms
INFO - 10/26/25 18:52:40 - 0:05:14 - step 1200 | loss 0.0430 | step time 256.87ms
INFO - 10/26/25 18:53:06 - 0:05:40 - step 1300 | loss 0.0449 | step time 256.99ms
INFO - 10/26/25 18:53:31 - 0:06:05 - step 1400 | loss 0.0449 | step time 256.77ms
INFO - 10/26/25 18:53:57 - 0:06:31 - Memory allocated:  43.97MB, reserved: 2272.00MB
INFO - 10/26/25 18:53:57 - 0:06:31 - generating
INFO - 10/26/25 21:07:28 - 0:00:00 - ============ Initialized logger ============
INFO - 10/26/25 21:07:28 - 0:00:00 - batch_size: 32
                                     command: python fc_loop.py --exp_name=dim16_run_4 --dump_path=/home/yuebi/Project/dim16_run --num_initial_empty_objects=800 --final_database_size=100 --target_db_size=100 --nb_local_searches=800 --max_epochs=20 --type=transformer --max-output-length=271 --sample-only=30000 --max-steps=1500 --n_tokens=15 --n-layer=8 --n-embd=128 --n-embd2=128 --exp_id=1111 --exp_id "1111"
                                     cpu: False
                                     debug: False
                                     debug_slurm: False
                                     dump_path: /home/yuebi/Project/dim16_run/dim16_run_4/1111
                                     exp_id: 1111
                                     exp_name: dim16_run_4
                                     final_database_size: 100
                                     gen_batch_size: 1000
                                     global_rank: 0
                                     is_master: True
                                     is_slurm_job: True
                                     learning_rate: 0.0005
                                     local_rank: 0
                                     master_addr: gpu-6
                                     master_port: -1
                                     max_epochs: 20
                                     max_output_length: 271
                                     max_steps: 1500
                                     multi_gpu: False
                                     multi_node: False
                                     n_embd: 128
                                     n_embd2: 128
                                     n_gpu_per_node: 1
                                     n_head: 8
                                     n_layer: 8
                                     n_nodes: 1
                                     n_tokens: 15
                                     nb_local_searches: 800
                                     nb_threads: 1
                                     node_id: 0
                                     num_initial_empty_objects: 800
                                     num_workers: 8
                                     sample_only: 30000
                                     seed: -1
                                     target_db_size: 100
                                     temperature: 1.0
                                     top_k: -1
                                     type: transformer
                                     weight_decay: 0.01
                                     world_size: 1
INFO - 10/26/25 21:07:28 - 0:00:00 - The experiment will be stored in /home/yuebi/Project/dim16_run/dim16_run_4/1111
                                     
INFO - 10/26/25 21:07:28 - 0:00:00 - Running command: python fc_loop.py --exp_name=dim16_run_4 --dump_path=/home/yuebi/Project/dim16_run --num_initial_empty_objects=800 --final_database_size=100 --target_db_size=100 --nb_local_searches=800 --max_epochs=20 --type=transformer --max-output-length=271 --sample-only=30000 --max-steps=1500 --n_tokens=15 --n-layer=8 --n-embd=128 --n-embd2=128 --exp_id=1111

WARNING - 10/26/25 21:07:28 - 0:00:00 - Signal handler installed.
INFO - 10/26/25 21:07:28 - 0:00:00 - seed: 990630916
INFO - 10/26/25 21:07:28 - 0:00:00 - initializing at generation: 1
INFO - 10/26/25 21:07:28 - 0:00:00 - number of examples in the dataset: 100
INFO - 10/26/25 21:07:28 - 0:00:00 - max word length: 113
INFO - 10/26/25 21:07:28 - 0:00:00 - number of unique characters in the vocabulary: 15
INFO - 10/26/25 21:07:28 - 0:00:00 - vocabulary:
INFO - 10/26/25 21:07:28 - 0:00:00 - ['V0', 'V1', 'V2', 'V3', 'V4', 'V5', 'V6', 'V7', 'V8', 'V9', 'V10', 'V11', 'V12', 'V13', 'V14']
INFO - 10/26/25 21:07:28 - 0:00:00 - split up the dataset into 90 training examples and 10 test examples
INFO - 10/26/25 21:07:28 - 0:00:00 - dataset determined that: vocab_size=16, block_size=272
INFO - 10/26/25 21:07:28 - 0:00:00 - model #params: 1625344
INFO - 10/26/25 21:07:28 - 0:00:00 - resuming from existing model
INFO - 10/26/25 21:07:28 - 0:00:00 - ============ Start of generation 1 ============
INFO - 10/26/25 21:07:28 - 0:00:00 - Memory allocated:  8.46MB, reserved: 18.00MB
INFO - 10/26/25 21:07:28 - 0:00:00 - training
INFO - 10/26/25 21:07:33 - 0:00:05 - step 0 | loss 0.0941 | step time 623.65ms
INFO - 10/26/25 21:07:58 - 0:00:30 - step 100 | loss 0.0452 | step time 257.21ms
INFO - 10/26/25 21:08:24 - 0:00:56 - step 200 | loss 0.0446 | step time 256.85ms
INFO - 10/26/25 21:08:50 - 0:01:22 - step 300 | loss 0.0449 | step time 256.92ms
INFO - 10/26/25 21:09:15 - 0:01:47 - step 400 | loss 0.0517 | step time 257.04ms
INFO - 10/26/25 21:09:41 - 0:02:13 - step 500 | loss 0.0447 | step time 256.82ms
INFO - 10/26/25 21:09:41 - 0:02:13 - step 500 train loss: 0.04455666244029999 test loss: 0.49529117345809937
INFO - 10/26/25 21:09:41 - 0:02:13 - test loss 0.49529117345809937 is the best so far, saving model to /home/yuebi/Project/dim16_run/dim16_run_4/1111/model.pt
INFO - 10/26/25 21:10:07 - 0:02:39 - step 600 | loss 0.0446 | step time 257.20ms
INFO - 10/26/25 21:10:33 - 0:03:05 - step 700 | loss 0.0459 | step time 257.01ms
INFO - 10/26/25 21:10:58 - 0:03:30 - step 800 | loss 0.0452 | step time 256.88ms
INFO - 10/26/25 21:11:24 - 0:03:56 - step 900 | loss 0.0438 | step time 256.88ms
INFO - 10/26/25 21:11:50 - 0:04:22 - step 1000 | loss 0.0456 | step time 257.24ms
INFO - 10/26/25 21:11:50 - 0:04:22 - step 1000 train loss: 0.04470043256878853 test loss: 0.993230402469635
INFO - 10/26/25 21:12:16 - 0:04:48 - step 1100 | loss 0.0439 | step time 257.01ms
INFO - 10/26/25 21:12:42 - 0:05:14 - step 1200 | loss 0.0429 | step time 257.04ms
INFO - 10/26/25 21:13:07 - 0:05:39 - step 1300 | loss 0.0425 | step time 256.92ms
INFO - 10/26/25 21:13:33 - 0:06:05 - step 1400 | loss 0.0447 | step time 256.82ms
INFO - 10/26/25 21:13:58 - 0:06:30 - Memory allocated:  43.97MB, reserved: 2272.00MB
INFO - 10/26/25 21:13:58 - 0:06:30 - generating
INFO - 10/26/25 23:27:31 - 0:00:00 - ============ Initialized logger ============
INFO - 10/26/25 23:27:31 - 0:00:00 - batch_size: 32
                                     command: python fc_loop.py --exp_name=dim16_run_4 --dump_path=/home/yuebi/Project/dim16_run --num_initial_empty_objects=800 --final_database_size=100 --target_db_size=100 --nb_local_searches=800 --max_epochs=20 --type=transformer --max-output-length=271 --sample-only=30000 --max-steps=1500 --n_tokens=15 --n-layer=8 --n-embd=128 --n-embd2=128 --exp_id=1111 --exp_id "1111"
                                     cpu: False
                                     debug: False
                                     debug_slurm: False
                                     dump_path: /home/yuebi/Project/dim16_run/dim16_run_4/1111
                                     exp_id: 1111
                                     exp_name: dim16_run_4
                                     final_database_size: 100
                                     gen_batch_size: 1000
                                     global_rank: 0
                                     is_master: True
                                     is_slurm_job: True
                                     learning_rate: 0.0005
                                     local_rank: 0
                                     master_addr: gpu-6
                                     master_port: -1
                                     max_epochs: 20
                                     max_output_length: 271
                                     max_steps: 1500
                                     multi_gpu: False
                                     multi_node: False
                                     n_embd: 128
                                     n_embd2: 128
                                     n_gpu_per_node: 1
                                     n_head: 8
                                     n_layer: 8
                                     n_nodes: 1
                                     n_tokens: 15
                                     nb_local_searches: 800
                                     nb_threads: 1
                                     node_id: 0
                                     num_initial_empty_objects: 800
                                     num_workers: 8
                                     sample_only: 30000
                                     seed: -1
                                     target_db_size: 100
                                     temperature: 1.0
                                     top_k: -1
                                     type: transformer
                                     weight_decay: 0.01
                                     world_size: 1
INFO - 10/26/25 23:27:31 - 0:00:00 - The experiment will be stored in /home/yuebi/Project/dim16_run/dim16_run_4/1111
                                     
INFO - 10/26/25 23:27:31 - 0:00:00 - Running command: python fc_loop.py --exp_name=dim16_run_4 --dump_path=/home/yuebi/Project/dim16_run --num_initial_empty_objects=800 --final_database_size=100 --target_db_size=100 --nb_local_searches=800 --max_epochs=20 --type=transformer --max-output-length=271 --sample-only=30000 --max-steps=1500 --n_tokens=15 --n-layer=8 --n-embd=128 --n-embd2=128 --exp_id=1111

WARNING - 10/26/25 23:27:31 - 0:00:00 - Signal handler installed.
INFO - 10/26/25 23:27:31 - 0:00:00 - seed: 775803550
INFO - 10/26/25 23:27:31 - 0:00:00 - initializing at generation: 1
INFO - 10/26/25 23:27:31 - 0:00:00 - number of examples in the dataset: 100
INFO - 10/26/25 23:27:31 - 0:00:00 - max word length: 113
INFO - 10/26/25 23:27:31 - 0:00:00 - number of unique characters in the vocabulary: 15
INFO - 10/26/25 23:27:31 - 0:00:00 - vocabulary:
INFO - 10/26/25 23:27:31 - 0:00:00 - ['V0', 'V1', 'V2', 'V3', 'V4', 'V5', 'V6', 'V7', 'V8', 'V9', 'V10', 'V11', 'V12', 'V13', 'V14']
INFO - 10/26/25 23:27:31 - 0:00:00 - split up the dataset into 90 training examples and 10 test examples
INFO - 10/26/25 23:27:31 - 0:00:00 - dataset determined that: vocab_size=16, block_size=272
INFO - 10/26/25 23:27:31 - 0:00:00 - model #params: 1625344
INFO - 10/26/25 23:27:31 - 0:00:00 - resuming from existing model
INFO - 10/26/25 23:27:31 - 0:00:00 - ============ Start of generation 1 ============
INFO - 10/26/25 23:27:31 - 0:00:00 - Memory allocated:  8.46MB, reserved: 18.00MB
INFO - 10/26/25 23:27:31 - 0:00:00 - training
INFO - 10/26/25 23:27:36 - 0:00:05 - step 0 | loss 0.0601 | step time 583.23ms
INFO - 10/26/25 23:28:02 - 0:00:31 - step 100 | loss 0.0446 | step time 256.80ms
INFO - 10/26/25 23:28:27 - 0:00:57 - step 200 | loss 0.0435 | step time 257.23ms
INFO - 10/26/25 23:28:53 - 0:01:22 - step 300 | loss 0.0454 | step time 257.14ms
INFO - 10/26/25 23:29:19 - 0:01:48 - step 400 | loss 0.0441 | step time 256.98ms
INFO - 10/26/25 23:29:45 - 0:02:14 - step 500 | loss 0.0455 | step time 257.09ms
INFO - 10/26/25 23:29:45 - 0:02:14 - step 500 train loss: 0.04427698627114296 test loss: 0.4300096929073334
INFO - 10/26/25 23:29:45 - 0:02:14 - test loss 0.4300096929073334 is the best so far, saving model to /home/yuebi/Project/dim16_run/dim16_run_4/1111/model.pt
INFO - 10/26/25 23:30:11 - 0:02:40 - step 600 | loss 0.0449 | step time 257.22ms
INFO - 10/26/25 23:30:36 - 0:03:05 - step 700 | loss 0.0441 | step time 257.16ms
INFO - 10/26/25 23:31:02 - 0:03:31 - step 800 | loss 0.0448 | step time 257.35ms
INFO - 10/26/25 23:31:28 - 0:03:57 - step 900 | loss 0.0474 | step time 257.23ms
INFO - 10/26/25 23:31:53 - 0:04:23 - step 1000 | loss 0.0430 | step time 257.23ms
INFO - 10/26/25 23:31:54 - 0:04:23 - step 1000 train loss: 0.043166689574718475 test loss: 0.7341663241386414
INFO - 10/26/25 23:32:19 - 0:04:49 - step 1100 | loss 0.0415 | step time 257.15ms
INFO - 10/26/25 23:32:45 - 0:05:14 - step 1200 | loss 0.0424 | step time 257.51ms
INFO - 10/26/25 23:33:11 - 0:05:40 - step 1300 | loss 0.0441 | step time 257.06ms
INFO - 10/26/25 23:33:37 - 0:06:06 - step 1400 | loss 0.0459 | step time 257.38ms
INFO - 10/26/25 23:34:02 - 0:06:31 - Memory allocated:  43.97MB, reserved: 2272.00MB
INFO - 10/26/25 23:34:02 - 0:06:31 - generating
INFO - 10/27/25 01:47:38 - 0:00:00 - ============ Initialized logger ============
INFO - 10/27/25 01:47:38 - 0:00:00 - batch_size: 32
                                     command: python fc_loop.py --exp_name=dim16_run_4 --dump_path=/home/yuebi/Project/dim16_run --num_initial_empty_objects=800 --final_database_size=100 --target_db_size=100 --nb_local_searches=800 --max_epochs=20 --type=transformer --max-output-length=271 --sample-only=30000 --max-steps=1500 --n_tokens=15 --n-layer=8 --n-embd=128 --n-embd2=128 --exp_id=1111 --exp_id "1111"
                                     cpu: False
                                     debug: False
                                     debug_slurm: False
                                     dump_path: /home/yuebi/Project/dim16_run/dim16_run_4/1111
                                     exp_id: 1111
                                     exp_name: dim16_run_4
                                     final_database_size: 100
                                     gen_batch_size: 1000
                                     global_rank: 0
                                     is_master: True
                                     is_slurm_job: True
                                     learning_rate: 0.0005
                                     local_rank: 0
                                     master_addr: gpu-6
                                     master_port: -1
                                     max_epochs: 20
                                     max_output_length: 271
                                     max_steps: 1500
                                     multi_gpu: False
                                     multi_node: False
                                     n_embd: 128
                                     n_embd2: 128
                                     n_gpu_per_node: 1
                                     n_head: 8
                                     n_layer: 8
                                     n_nodes: 1
                                     n_tokens: 15
                                     nb_local_searches: 800
                                     nb_threads: 1
                                     node_id: 0
                                     num_initial_empty_objects: 800
                                     num_workers: 8
                                     sample_only: 30000
                                     seed: -1
                                     target_db_size: 100
                                     temperature: 1.0
                                     top_k: -1
                                     type: transformer
                                     weight_decay: 0.01
                                     world_size: 1
INFO - 10/27/25 01:47:38 - 0:00:00 - The experiment will be stored in /home/yuebi/Project/dim16_run/dim16_run_4/1111
                                     
INFO - 10/27/25 01:47:38 - 0:00:00 - Running command: python fc_loop.py --exp_name=dim16_run_4 --dump_path=/home/yuebi/Project/dim16_run --num_initial_empty_objects=800 --final_database_size=100 --target_db_size=100 --nb_local_searches=800 --max_epochs=20 --type=transformer --max-output-length=271 --sample-only=30000 --max-steps=1500 --n_tokens=15 --n-layer=8 --n-embd=128 --n-embd2=128 --exp_id=1111

WARNING - 10/27/25 01:47:38 - 0:00:00 - Signal handler installed.
INFO - 10/27/25 01:47:38 - 0:00:00 - seed: 649075858
INFO - 10/27/25 01:47:38 - 0:00:00 - initializing at generation: 1
INFO - 10/27/25 01:47:38 - 0:00:00 - number of examples in the dataset: 100
INFO - 10/27/25 01:47:38 - 0:00:00 - max word length: 113
INFO - 10/27/25 01:47:38 - 0:00:00 - number of unique characters in the vocabulary: 15
INFO - 10/27/25 01:47:38 - 0:00:00 - vocabulary:
INFO - 10/27/25 01:47:38 - 0:00:00 - ['V0', 'V1', 'V2', 'V3', 'V4', 'V5', 'V6', 'V7', 'V8', 'V9', 'V10', 'V11', 'V12', 'V13', 'V14']
INFO - 10/27/25 01:47:38 - 0:00:00 - split up the dataset into 90 training examples and 10 test examples
INFO - 10/27/25 01:47:38 - 0:00:00 - dataset determined that: vocab_size=16, block_size=272
INFO - 10/27/25 01:47:38 - 0:00:00 - model #params: 1625344
INFO - 10/27/25 01:47:38 - 0:00:00 - resuming from existing model
INFO - 10/27/25 01:47:38 - 0:00:00 - ============ Start of generation 1 ============
INFO - 10/27/25 01:47:38 - 0:00:00 - Memory allocated:  8.46MB, reserved: 18.00MB
INFO - 10/27/25 01:47:38 - 0:00:00 - training
INFO - 10/27/25 01:47:44 - 0:00:06 - step 0 | loss 0.0516 | step time 586.49ms
INFO - 10/27/25 01:48:09 - 0:00:31 - step 100 | loss 0.0448 | step time 256.95ms
INFO - 10/27/25 01:48:35 - 0:00:57 - step 200 | loss 0.0445 | step time 256.99ms
INFO - 10/27/25 01:49:01 - 0:01:23 - step 300 | loss 0.0470 | step time 256.95ms
INFO - 10/27/25 01:49:26 - 0:01:48 - step 400 | loss 0.0440 | step time 257.18ms
INFO - 10/27/25 01:49:52 - 0:02:14 - step 500 | loss 0.0437 | step time 256.94ms
INFO - 10/27/25 01:49:52 - 0:02:14 - step 500 train loss: 0.044053275138139725 test loss: 0.25325828790664673
INFO - 10/27/25 01:49:52 - 0:02:14 - test loss 0.25325828790664673 is the best so far, saving model to /home/yuebi/Project/dim16_run/dim16_run_4/1111/model.pt
INFO - 10/27/25 01:50:18 - 0:02:40 - step 600 | loss 0.0433 | step time 257.17ms
INFO - 10/27/25 01:50:44 - 0:03:06 - step 700 | loss 0.0439 | step time 256.85ms
INFO - 10/27/25 01:51:09 - 0:03:31 - step 800 | loss 0.0438 | step time 257.00ms
INFO - 10/27/25 01:51:35 - 0:03:57 - step 900 | loss 0.0436 | step time 256.99ms
INFO - 10/27/25 01:52:01 - 0:04:23 - step 1000 | loss 0.0438 | step time 257.33ms
INFO - 10/27/25 01:52:01 - 0:04:23 - step 1000 train loss: 0.04387979209423065 test loss: 0.22959034144878387
INFO - 10/27/25 01:52:01 - 0:04:23 - test loss 0.22959034144878387 is the best so far, saving model to /home/yuebi/Project/dim16_run/dim16_run_4/1111/model.pt
INFO - 10/27/25 01:52:27 - 0:04:49 - step 1100 | loss 0.0554 | step time 256.83ms
INFO - 10/27/25 01:52:53 - 0:05:15 - step 1200 | loss 0.0430 | step time 257.39ms
INFO - 10/27/25 01:53:18 - 0:05:40 - step 1300 | loss 0.0439 | step time 257.20ms
INFO - 10/27/25 01:53:44 - 0:06:06 - step 1400 | loss 0.0431 | step time 257.43ms
INFO - 10/27/25 01:54:09 - 0:06:31 - Memory allocated:  43.97MB, reserved: 2272.00MB
INFO - 10/27/25 01:54:09 - 0:06:31 - generating
INFO - 10/27/25 04:07:44 - 0:00:00 - ============ Initialized logger ============
INFO - 10/27/25 04:07:44 - 0:00:00 - batch_size: 32
                                     command: python fc_loop.py --exp_name=dim16_run_4 --dump_path=/home/yuebi/Project/dim16_run --num_initial_empty_objects=800 --final_database_size=100 --target_db_size=100 --nb_local_searches=800 --max_epochs=20 --type=transformer --max-output-length=271 --sample-only=30000 --max-steps=1500 --n_tokens=15 --n-layer=8 --n-embd=128 --n-embd2=128 --exp_id=1111 --exp_id "1111"
                                     cpu: False
                                     debug: False
                                     debug_slurm: False
                                     dump_path: /home/yuebi/Project/dim16_run/dim16_run_4/1111
                                     exp_id: 1111
                                     exp_name: dim16_run_4
                                     final_database_size: 100
                                     gen_batch_size: 1000
                                     global_rank: 0
                                     is_master: True
                                     is_slurm_job: True
                                     learning_rate: 0.0005
                                     local_rank: 0
                                     master_addr: gpu-6
                                     master_port: -1
                                     max_epochs: 20
                                     max_output_length: 271
                                     max_steps: 1500
                                     multi_gpu: False
                                     multi_node: False
                                     n_embd: 128
                                     n_embd2: 128
                                     n_gpu_per_node: 1
                                     n_head: 8
                                     n_layer: 8
                                     n_nodes: 1
                                     n_tokens: 15
                                     nb_local_searches: 800
                                     nb_threads: 1
                                     node_id: 0
                                     num_initial_empty_objects: 800
                                     num_workers: 8
                                     sample_only: 30000
                                     seed: -1
                                     target_db_size: 100
                                     temperature: 1.0
                                     top_k: -1
                                     type: transformer
                                     weight_decay: 0.01
                                     world_size: 1
INFO - 10/27/25 04:07:44 - 0:00:00 - The experiment will be stored in /home/yuebi/Project/dim16_run/dim16_run_4/1111
                                     
INFO - 10/27/25 04:07:44 - 0:00:00 - Running command: python fc_loop.py --exp_name=dim16_run_4 --dump_path=/home/yuebi/Project/dim16_run --num_initial_empty_objects=800 --final_database_size=100 --target_db_size=100 --nb_local_searches=800 --max_epochs=20 --type=transformer --max-output-length=271 --sample-only=30000 --max-steps=1500 --n_tokens=15 --n-layer=8 --n-embd=128 --n-embd2=128 --exp_id=1111

WARNING - 10/27/25 04:07:44 - 0:00:00 - Signal handler installed.
INFO - 10/27/25 04:07:44 - 0:00:00 - seed: 390466297
INFO - 10/27/25 04:07:44 - 0:00:00 - initializing at generation: 1
INFO - 10/27/25 04:07:44 - 0:00:00 - number of examples in the dataset: 100
INFO - 10/27/25 04:07:44 - 0:00:00 - max word length: 113
INFO - 10/27/25 04:07:44 - 0:00:00 - number of unique characters in the vocabulary: 15
INFO - 10/27/25 04:07:44 - 0:00:00 - vocabulary:
INFO - 10/27/25 04:07:44 - 0:00:00 - ['V0', 'V1', 'V2', 'V3', 'V4', 'V5', 'V6', 'V7', 'V8', 'V9', 'V10', 'V11', 'V12', 'V13', 'V14']
INFO - 10/27/25 04:07:44 - 0:00:00 - split up the dataset into 90 training examples and 10 test examples
INFO - 10/27/25 04:07:44 - 0:00:00 - dataset determined that: vocab_size=16, block_size=272
INFO - 10/27/25 04:07:44 - 0:00:00 - model #params: 1625344
INFO - 10/27/25 04:07:44 - 0:00:00 - resuming from existing model
INFO - 10/27/25 04:07:44 - 0:00:00 - ============ Start of generation 1 ============
INFO - 10/27/25 04:07:44 - 0:00:00 - Memory allocated:  8.46MB, reserved: 18.00MB
INFO - 10/27/25 04:07:44 - 0:00:00 - training
INFO - 10/27/25 04:07:49 - 0:00:05 - step 0 | loss 0.0706 | step time 593.02ms
INFO - 10/27/25 04:08:15 - 0:00:31 - step 100 | loss 0.0442 | step time 256.67ms
INFO - 10/27/25 04:08:40 - 0:00:56 - step 200 | loss 0.0441 | step time 256.59ms
INFO - 10/27/25 04:09:06 - 0:01:22 - step 300 | loss 0.0416 | step time 256.71ms
INFO - 10/27/25 04:09:32 - 0:01:48 - step 400 | loss 0.0514 | step time 256.84ms
INFO - 10/27/25 04:09:57 - 0:02:13 - step 500 | loss 0.0431 | step time 256.98ms
INFO - 10/27/25 04:09:58 - 0:02:14 - step 500 train loss: 0.04307088628411293 test loss: 0.3337673544883728
INFO - 10/27/25 04:09:58 - 0:02:14 - test loss 0.3337673544883728 is the best so far, saving model to /home/yuebi/Project/dim16_run/dim16_run_4/1111/model.pt
INFO - 10/27/25 04:10:23 - 0:02:39 - step 600 | loss 0.0438 | step time 256.48ms
INFO - 10/27/25 04:10:49 - 0:03:05 - step 700 | loss 0.0441 | step time 256.57ms
INFO - 10/27/25 04:11:15 - 0:03:31 - step 800 | loss 0.0432 | step time 256.49ms
INFO - 10/27/25 04:11:40 - 0:03:56 - step 900 | loss 0.0447 | step time 256.99ms
INFO - 10/27/25 04:12:06 - 0:04:22 - step 1000 | loss 0.0429 | step time 256.91ms
INFO - 10/27/25 04:12:06 - 0:04:22 - step 1000 train loss: 0.04380788654088974 test loss: 0.28415074944496155
INFO - 10/27/25 04:12:06 - 0:04:22 - test loss 0.28415074944496155 is the best so far, saving model to /home/yuebi/Project/dim16_run/dim16_run_4/1111/model.pt
INFO - 10/27/25 04:12:32 - 0:04:48 - step 1100 | loss 0.0427 | step time 256.65ms
INFO - 10/27/25 04:12:58 - 0:05:14 - step 1200 | loss 0.0427 | step time 256.66ms
INFO - 10/27/25 04:13:23 - 0:05:39 - step 1300 | loss 0.0419 | step time 256.61ms
INFO - 10/27/25 04:13:49 - 0:06:05 - step 1400 | loss 0.0440 | step time 256.92ms
INFO - 10/27/25 04:14:14 - 0:06:30 - Memory allocated:  43.97MB, reserved: 2272.00MB
INFO - 10/27/25 04:14:14 - 0:06:30 - generating
INFO - 10/27/25 06:27:48 - 0:00:00 - ============ Initialized logger ============
INFO - 10/27/25 06:27:48 - 0:00:00 - batch_size: 32
                                     command: python fc_loop.py --exp_name=dim16_run_4 --dump_path=/home/yuebi/Project/dim16_run --num_initial_empty_objects=800 --final_database_size=100 --target_db_size=100 --nb_local_searches=800 --max_epochs=20 --type=transformer --max-output-length=271 --sample-only=30000 --max-steps=1500 --n_tokens=15 --n-layer=8 --n-embd=128 --n-embd2=128 --exp_id=1111 --exp_id "1111"
                                     cpu: False
                                     debug: False
                                     debug_slurm: False
                                     dump_path: /home/yuebi/Project/dim16_run/dim16_run_4/1111
                                     exp_id: 1111
                                     exp_name: dim16_run_4
                                     final_database_size: 100
                                     gen_batch_size: 1000
                                     global_rank: 0
                                     is_master: True
                                     is_slurm_job: True
                                     learning_rate: 0.0005
                                     local_rank: 0
                                     master_addr: gpu-6
                                     master_port: -1
                                     max_epochs: 20
                                     max_output_length: 271
                                     max_steps: 1500
                                     multi_gpu: False
                                     multi_node: False
                                     n_embd: 128
                                     n_embd2: 128
                                     n_gpu_per_node: 1
                                     n_head: 8
                                     n_layer: 8
                                     n_nodes: 1
                                     n_tokens: 15
                                     nb_local_searches: 800
                                     nb_threads: 1
                                     node_id: 0
                                     num_initial_empty_objects: 800
                                     num_workers: 8
                                     sample_only: 30000
                                     seed: -1
                                     target_db_size: 100
                                     temperature: 1.0
                                     top_k: -1
                                     type: transformer
                                     weight_decay: 0.01
                                     world_size: 1
INFO - 10/27/25 06:27:48 - 0:00:00 - The experiment will be stored in /home/yuebi/Project/dim16_run/dim16_run_4/1111
                                     
INFO - 10/27/25 06:27:48 - 0:00:00 - Running command: python fc_loop.py --exp_name=dim16_run_4 --dump_path=/home/yuebi/Project/dim16_run --num_initial_empty_objects=800 --final_database_size=100 --target_db_size=100 --nb_local_searches=800 --max_epochs=20 --type=transformer --max-output-length=271 --sample-only=30000 --max-steps=1500 --n_tokens=15 --n-layer=8 --n-embd=128 --n-embd2=128 --exp_id=1111

WARNING - 10/27/25 06:27:48 - 0:00:00 - Signal handler installed.
INFO - 10/27/25 06:27:48 - 0:00:00 - seed: 708010683
INFO - 10/27/25 06:27:48 - 0:00:00 - initializing at generation: 1
INFO - 10/27/25 06:27:48 - 0:00:00 - number of examples in the dataset: 100
INFO - 10/27/25 06:27:48 - 0:00:00 - max word length: 113
INFO - 10/27/25 06:27:48 - 0:00:00 - number of unique characters in the vocabulary: 15
INFO - 10/27/25 06:27:48 - 0:00:00 - vocabulary:
INFO - 10/27/25 06:27:48 - 0:00:00 - ['V0', 'V1', 'V2', 'V3', 'V4', 'V5', 'V6', 'V7', 'V8', 'V9', 'V10', 'V11', 'V12', 'V13', 'V14']
INFO - 10/27/25 06:27:48 - 0:00:00 - split up the dataset into 90 training examples and 10 test examples
INFO - 10/27/25 06:27:48 - 0:00:00 - dataset determined that: vocab_size=16, block_size=272
INFO - 10/27/25 06:27:48 - 0:00:00 - model #params: 1625344
INFO - 10/27/25 06:27:48 - 0:00:00 - resuming from existing model
INFO - 10/27/25 06:27:48 - 0:00:00 - ============ Start of generation 1 ============
INFO - 10/27/25 06:27:48 - 0:00:00 - Memory allocated:  8.46MB, reserved: 18.00MB
INFO - 10/27/25 06:27:48 - 0:00:00 - training
INFO - 10/27/25 06:27:53 - 0:00:05 - step 0 | loss 0.0922 | step time 593.31ms
INFO - 10/27/25 06:28:19 - 0:00:31 - step 100 | loss 0.0420 | step time 256.87ms
INFO - 10/27/25 06:28:44 - 0:00:56 - step 200 | loss 0.0427 | step time 256.99ms
INFO - 10/27/25 06:29:10 - 0:01:22 - step 300 | loss 0.0447 | step time 257.15ms
INFO - 10/27/25 06:29:36 - 0:01:48 - step 400 | loss 0.0447 | step time 256.77ms
INFO - 10/27/25 06:30:01 - 0:02:14 - step 500 | loss 0.0421 | step time 257.14ms
INFO - 10/27/25 06:30:02 - 0:02:14 - step 500 train loss: 0.04377210885286331 test loss: 0.10132137686014175
INFO - 10/27/25 06:30:02 - 0:02:14 - test loss 0.10132137686014175 is the best so far, saving model to /home/yuebi/Project/dim16_run/dim16_run_4/1111/model.pt
INFO - 10/27/25 06:30:27 - 0:02:40 - step 600 | loss 0.0556 | step time 257.42ms
INFO - 10/27/25 06:30:53 - 0:03:05 - step 700 | loss 0.0433 | step time 257.08ms
INFO - 10/27/25 06:31:19 - 0:03:31 - step 800 | loss 0.0426 | step time 257.11ms
INFO - 10/27/25 06:31:45 - 0:03:57 - step 900 | loss 0.0428 | step time 256.95ms
INFO - 10/27/25 06:32:10 - 0:04:22 - step 1000 | loss 0.0445 | step time 257.04ms
INFO - 10/27/25 06:32:11 - 0:04:23 - step 1000 train loss: 0.04303832724690437 test loss: 0.17640522122383118
INFO - 10/27/25 06:32:36 - 0:04:48 - step 1100 | loss 0.0412 | step time 257.37ms
INFO - 10/27/25 06:33:02 - 0:05:14 - step 1200 | loss 0.0437 | step time 257.03ms
INFO - 10/27/25 06:33:28 - 0:05:40 - step 1300 | loss 0.0431 | step time 256.92ms
INFO - 10/27/25 06:33:53 - 0:06:05 - step 1400 | loss 0.0425 | step time 257.17ms
INFO - 10/27/25 06:34:19 - 0:06:31 - Memory allocated:  43.97MB, reserved: 2272.00MB
INFO - 10/27/25 06:34:19 - 0:06:31 - generating
INFO - 10/27/25 08:47:51 - 0:00:00 - ============ Initialized logger ============
INFO - 10/27/25 08:47:51 - 0:00:00 - batch_size: 32
                                     command: python fc_loop.py --exp_name=dim16_run_4 --dump_path=/home/yuebi/Project/dim16_run --num_initial_empty_objects=800 --final_database_size=100 --target_db_size=100 --nb_local_searches=800 --max_epochs=20 --type=transformer --max-output-length=271 --sample-only=30000 --max-steps=1500 --n_tokens=15 --n-layer=8 --n-embd=128 --n-embd2=128 --exp_id=1111 --exp_id "1111"
                                     cpu: False
                                     debug: False
                                     debug_slurm: False
                                     dump_path: /home/yuebi/Project/dim16_run/dim16_run_4/1111
                                     exp_id: 1111
                                     exp_name: dim16_run_4
                                     final_database_size: 100
                                     gen_batch_size: 1000
                                     global_rank: 0
                                     is_master: True
                                     is_slurm_job: True
                                     learning_rate: 0.0005
                                     local_rank: 0
                                     master_addr: gpu-6
                                     master_port: -1
                                     max_epochs: 20
                                     max_output_length: 271
                                     max_steps: 1500
                                     multi_gpu: False
                                     multi_node: False
                                     n_embd: 128
                                     n_embd2: 128
                                     n_gpu_per_node: 1
                                     n_head: 8
                                     n_layer: 8
                                     n_nodes: 1
                                     n_tokens: 15
                                     nb_local_searches: 800
                                     nb_threads: 1
                                     node_id: 0
                                     num_initial_empty_objects: 800
                                     num_workers: 8
                                     sample_only: 30000
                                     seed: -1
                                     target_db_size: 100
                                     temperature: 1.0
                                     top_k: -1
                                     type: transformer
                                     weight_decay: 0.01
                                     world_size: 1
INFO - 10/27/25 08:47:51 - 0:00:00 - The experiment will be stored in /home/yuebi/Project/dim16_run/dim16_run_4/1111
                                     
INFO - 10/27/25 08:47:51 - 0:00:00 - Running command: python fc_loop.py --exp_name=dim16_run_4 --dump_path=/home/yuebi/Project/dim16_run --num_initial_empty_objects=800 --final_database_size=100 --target_db_size=100 --nb_local_searches=800 --max_epochs=20 --type=transformer --max-output-length=271 --sample-only=30000 --max-steps=1500 --n_tokens=15 --n-layer=8 --n-embd=128 --n-embd2=128 --exp_id=1111

WARNING - 10/27/25 08:47:51 - 0:00:00 - Signal handler installed.
INFO - 10/27/25 08:47:51 - 0:00:00 - seed: 192691283
INFO - 10/27/25 08:47:51 - 0:00:00 - initializing at generation: 1
INFO - 10/27/25 08:47:51 - 0:00:00 - number of examples in the dataset: 100
INFO - 10/27/25 08:47:51 - 0:00:00 - max word length: 113
INFO - 10/27/25 08:47:51 - 0:00:00 - number of unique characters in the vocabulary: 15
INFO - 10/27/25 08:47:51 - 0:00:00 - vocabulary:
INFO - 10/27/25 08:47:51 - 0:00:00 - ['V0', 'V1', 'V2', 'V3', 'V4', 'V5', 'V6', 'V7', 'V8', 'V9', 'V10', 'V11', 'V12', 'V13', 'V14']
INFO - 10/27/25 08:47:51 - 0:00:00 - split up the dataset into 90 training examples and 10 test examples
INFO - 10/27/25 08:47:51 - 0:00:00 - dataset determined that: vocab_size=16, block_size=272
INFO - 10/27/25 08:47:51 - 0:00:00 - model #params: 1625344
INFO - 10/27/25 08:47:51 - 0:00:00 - resuming from existing model
INFO - 10/27/25 08:47:51 - 0:00:00 - ============ Start of generation 1 ============
INFO - 10/27/25 08:47:51 - 0:00:00 - Memory allocated:  8.46MB, reserved: 18.00MB
INFO - 10/27/25 08:47:51 - 0:00:00 - training
INFO - 10/27/25 08:47:56 - 0:00:05 - step 0 | loss 0.0483 | step time 585.90ms
INFO - 10/27/25 08:48:22 - 0:00:31 - step 100 | loss 0.0432 | step time 256.91ms
INFO - 10/27/25 08:48:47 - 0:00:57 - step 200 | loss 0.0429 | step time 257.27ms
INFO - 10/27/25 08:49:13 - 0:01:22 - step 300 | loss 0.0434 | step time 256.95ms
INFO - 10/27/25 08:49:39 - 0:01:48 - step 400 | loss 0.0447 | step time 257.08ms
INFO - 10/27/25 08:50:05 - 0:02:14 - step 500 | loss 0.0420 | step time 257.04ms
INFO - 10/27/25 08:50:05 - 0:02:14 - step 500 train loss: 0.043425820767879486 test loss: 0.0783444494009018
INFO - 10/27/25 08:50:05 - 0:02:14 - test loss 0.0783444494009018 is the best so far, saving model to /home/yuebi/Project/dim16_run/dim16_run_4/1111/model.pt
INFO - 10/27/25 08:50:31 - 0:02:40 - step 600 | loss 0.0918 | step time 256.91ms
INFO - 10/27/25 08:50:56 - 0:03:05 - step 700 | loss 0.0423 | step time 256.92ms
INFO - 10/27/25 08:51:22 - 0:03:31 - step 800 | loss 0.0429 | step time 257.04ms
INFO - 10/27/25 08:51:48 - 0:03:57 - step 900 | loss 0.0434 | step time 256.89ms
INFO - 10/27/25 08:52:13 - 0:04:22 - step 1000 | loss 0.0447 | step time 256.80ms
INFO - 10/27/25 08:52:14 - 0:04:23 - step 1000 train loss: 0.04302336648106575 test loss: 0.1671699434518814
INFO - 10/27/25 08:52:39 - 0:04:48 - step 1100 | loss 0.0430 | step time 257.20ms
INFO - 10/27/25 08:53:05 - 0:05:14 - step 1200 | loss 0.0424 | step time 256.69ms
INFO - 10/27/25 08:53:31 - 0:05:40 - step 1300 | loss 0.0566 | step time 257.21ms
INFO - 10/27/25 08:53:56 - 0:06:06 - step 1400 | loss 0.0430 | step time 256.85ms
INFO - 10/27/25 08:54:22 - 0:06:31 - Memory allocated:  43.97MB, reserved: 2272.00MB
INFO - 10/27/25 08:54:22 - 0:06:31 - generating
INFO - 10/27/25 11:07:57 - 0:00:00 - ============ Initialized logger ============
INFO - 10/27/25 11:07:57 - 0:00:00 - batch_size: 32
                                     command: python fc_loop.py --exp_name=dim16_run_4 --dump_path=/home/yuebi/Project/dim16_run --num_initial_empty_objects=800 --final_database_size=100 --target_db_size=100 --nb_local_searches=800 --max_epochs=20 --type=transformer --max-output-length=271 --sample-only=30000 --max-steps=1500 --n_tokens=15 --n-layer=8 --n-embd=128 --n-embd2=128 --exp_id=1111 --exp_id "1111"
                                     cpu: False
                                     debug: False
                                     debug_slurm: False
                                     dump_path: /home/yuebi/Project/dim16_run/dim16_run_4/1111
                                     exp_id: 1111
                                     exp_name: dim16_run_4
                                     final_database_size: 100
                                     gen_batch_size: 1000
                                     global_rank: 0
                                     is_master: True
                                     is_slurm_job: True
                                     learning_rate: 0.0005
                                     local_rank: 0
                                     master_addr: gpu-6
                                     master_port: -1
                                     max_epochs: 20
                                     max_output_length: 271
                                     max_steps: 1500
                                     multi_gpu: False
                                     multi_node: False
                                     n_embd: 128
                                     n_embd2: 128
                                     n_gpu_per_node: 1
                                     n_head: 8
                                     n_layer: 8
                                     n_nodes: 1
                                     n_tokens: 15
                                     nb_local_searches: 800
                                     nb_threads: 1
                                     node_id: 0
                                     num_initial_empty_objects: 800
                                     num_workers: 8
                                     sample_only: 30000
                                     seed: -1
                                     target_db_size: 100
                                     temperature: 1.0
                                     top_k: -1
                                     type: transformer
                                     weight_decay: 0.01
                                     world_size: 1
INFO - 10/27/25 11:07:57 - 0:00:00 - The experiment will be stored in /home/yuebi/Project/dim16_run/dim16_run_4/1111
                                     
INFO - 10/27/25 11:07:57 - 0:00:00 - Running command: python fc_loop.py --exp_name=dim16_run_4 --dump_path=/home/yuebi/Project/dim16_run --num_initial_empty_objects=800 --final_database_size=100 --target_db_size=100 --nb_local_searches=800 --max_epochs=20 --type=transformer --max-output-length=271 --sample-only=30000 --max-steps=1500 --n_tokens=15 --n-layer=8 --n-embd=128 --n-embd2=128 --exp_id=1111

WARNING - 10/27/25 11:07:57 - 0:00:00 - Signal handler installed.
INFO - 10/27/25 11:07:57 - 0:00:00 - seed: 805291282
INFO - 10/27/25 11:07:57 - 0:00:00 - initializing at generation: 1
INFO - 10/27/25 11:07:57 - 0:00:00 - number of examples in the dataset: 100
INFO - 10/27/25 11:07:57 - 0:00:00 - max word length: 113
INFO - 10/27/25 11:07:57 - 0:00:00 - number of unique characters in the vocabulary: 15
INFO - 10/27/25 11:07:57 - 0:00:00 - vocabulary:
INFO - 10/27/25 11:07:57 - 0:00:00 - ['V0', 'V1', 'V2', 'V3', 'V4', 'V5', 'V6', 'V7', 'V8', 'V9', 'V10', 'V11', 'V12', 'V13', 'V14']
INFO - 10/27/25 11:07:57 - 0:00:00 - split up the dataset into 90 training examples and 10 test examples
INFO - 10/27/25 11:07:57 - 0:00:00 - dataset determined that: vocab_size=16, block_size=272
INFO - 10/27/25 11:07:57 - 0:00:00 - model #params: 1625344
INFO - 10/27/25 11:07:57 - 0:00:00 - resuming from existing model
INFO - 10/27/25 11:07:57 - 0:00:00 - ============ Start of generation 1 ============
INFO - 10/27/25 11:07:57 - 0:00:00 - Memory allocated:  8.46MB, reserved: 18.00MB
INFO - 10/27/25 11:07:57 - 0:00:00 - training
INFO - 10/27/25 11:08:02 - 0:00:05 - step 0 | loss 0.0452 | step time 592.07ms
INFO - 10/27/25 11:08:28 - 0:00:31 - step 100 | loss 0.0431 | step time 257.40ms
INFO - 10/27/25 11:08:53 - 0:00:56 - step 200 | loss 0.0430 | step time 257.24ms
INFO - 10/27/25 11:09:19 - 0:01:22 - step 300 | loss 0.0429 | step time 257.40ms
INFO - 10/27/25 11:09:45 - 0:01:48 - step 400 | loss 0.0432 | step time 257.20ms
INFO - 10/27/25 11:10:11 - 0:02:14 - step 500 | loss 0.0420 | step time 257.48ms
INFO - 10/27/25 11:10:11 - 0:02:14 - step 500 train loss: 0.04334120452404022 test loss: 0.10803698748350143
INFO - 10/27/25 11:10:11 - 0:02:14 - test loss 0.10803698748350143 is the best so far, saving model to /home/yuebi/Project/dim16_run/dim16_run_4/1111/model.pt
INFO - 10/27/25 11:10:37 - 0:02:40 - step 600 | loss 0.1399 | step time 257.34ms
INFO - 10/27/25 11:11:02 - 0:03:05 - step 700 | loss 0.0426 | step time 257.15ms
INFO - 10/27/25 11:11:28 - 0:03:31 - step 800 | loss 0.0424 | step time 257.10ms
INFO - 10/27/25 11:11:54 - 0:03:57 - step 900 | loss 0.0423 | step time 257.23ms
INFO - 10/27/25 11:12:19 - 0:04:22 - step 1000 | loss 0.0440 | step time 257.34ms
INFO - 10/27/25 11:12:20 - 0:04:23 - step 1000 train loss: 0.042901456356048584 test loss: 0.2041977345943451
INFO - 10/27/25 11:12:45 - 0:04:48 - step 1100 | loss 0.0423 | step time 257.38ms
INFO - 10/27/25 11:13:11 - 0:05:14 - step 1200 | loss 0.0426 | step time 257.18ms
INFO - 10/27/25 11:13:37 - 0:05:40 - step 1300 | loss 0.0443 | step time 257.40ms
INFO - 10/27/25 11:14:03 - 0:06:06 - step 1400 | loss 0.0439 | step time 257.40ms
INFO - 10/27/25 11:14:28 - 0:06:31 - Memory allocated:  43.97MB, reserved: 2272.00MB
INFO - 10/27/25 11:14:28 - 0:06:31 - generating
INFO - 10/27/25 13:28:00 - 0:00:00 - ============ Initialized logger ============
INFO - 10/27/25 13:28:00 - 0:00:00 - batch_size: 32
                                     command: python fc_loop.py --exp_name=dim16_run_4 --dump_path=/home/yuebi/Project/dim16_run --num_initial_empty_objects=800 --final_database_size=100 --target_db_size=100 --nb_local_searches=800 --max_epochs=20 --type=transformer --max-output-length=271 --sample-only=30000 --max-steps=1500 --n_tokens=15 --n-layer=8 --n-embd=128 --n-embd2=128 --exp_id=1111 --exp_id "1111"
                                     cpu: False
                                     debug: False
                                     debug_slurm: False
                                     dump_path: /home/yuebi/Project/dim16_run/dim16_run_4/1111
                                     exp_id: 1111
                                     exp_name: dim16_run_4
                                     final_database_size: 100
                                     gen_batch_size: 1000
                                     global_rank: 0
                                     is_master: True
                                     is_slurm_job: True
                                     learning_rate: 0.0005
                                     local_rank: 0
                                     master_addr: gpu-6
                                     master_port: -1
                                     max_epochs: 20
                                     max_output_length: 271
                                     max_steps: 1500
                                     multi_gpu: False
                                     multi_node: False
                                     n_embd: 128
                                     n_embd2: 128
                                     n_gpu_per_node: 1
                                     n_head: 8
                                     n_layer: 8
                                     n_nodes: 1
                                     n_tokens: 15
                                     nb_local_searches: 800
                                     nb_threads: 1
                                     node_id: 0
                                     num_initial_empty_objects: 800
                                     num_workers: 8
                                     sample_only: 30000
                                     seed: -1
                                     target_db_size: 100
                                     temperature: 1.0
                                     top_k: -1
                                     type: transformer
                                     weight_decay: 0.01
                                     world_size: 1
INFO - 10/27/25 13:28:00 - 0:00:00 - The experiment will be stored in /home/yuebi/Project/dim16_run/dim16_run_4/1111
                                     
INFO - 10/27/25 13:28:00 - 0:00:00 - Running command: python fc_loop.py --exp_name=dim16_run_4 --dump_path=/home/yuebi/Project/dim16_run --num_initial_empty_objects=800 --final_database_size=100 --target_db_size=100 --nb_local_searches=800 --max_epochs=20 --type=transformer --max-output-length=271 --sample-only=30000 --max-steps=1500 --n_tokens=15 --n-layer=8 --n-embd=128 --n-embd2=128 --exp_id=1111

WARNING - 10/27/25 13:28:00 - 0:00:00 - Signal handler installed.
INFO - 10/27/25 13:28:00 - 0:00:00 - seed: 29878308
INFO - 10/27/25 13:28:00 - 0:00:00 - initializing at generation: 1
INFO - 10/27/25 13:28:00 - 0:00:00 - number of examples in the dataset: 100
INFO - 10/27/25 13:28:00 - 0:00:00 - max word length: 113
INFO - 10/27/25 13:28:00 - 0:00:00 - number of unique characters in the vocabulary: 15
INFO - 10/27/25 13:28:00 - 0:00:00 - vocabulary:
INFO - 10/27/25 13:28:00 - 0:00:00 - ['V0', 'V1', 'V2', 'V3', 'V4', 'V5', 'V6', 'V7', 'V8', 'V9', 'V10', 'V11', 'V12', 'V13', 'V14']
INFO - 10/27/25 13:28:00 - 0:00:00 - split up the dataset into 90 training examples and 10 test examples
INFO - 10/27/25 13:28:00 - 0:00:00 - dataset determined that: vocab_size=16, block_size=272
INFO - 10/27/25 13:28:00 - 0:00:00 - model #params: 1625344
INFO - 10/27/25 13:28:00 - 0:00:00 - resuming from existing model
INFO - 10/27/25 13:28:00 - 0:00:00 - ============ Start of generation 1 ============
INFO - 10/27/25 13:28:00 - 0:00:00 - Memory allocated:  8.46MB, reserved: 18.00MB
INFO - 10/27/25 13:28:00 - 0:00:00 - training
INFO - 10/27/25 13:28:05 - 0:00:05 - step 0 | loss 0.0549 | step time 591.57ms
INFO - 10/27/25 13:28:31 - 0:00:31 - step 100 | loss 0.0422 | step time 257.61ms
INFO - 10/27/25 13:28:56 - 0:00:56 - step 200 | loss 0.0424 | step time 256.90ms
INFO - 10/27/25 13:29:22 - 0:01:22 - step 300 | loss 0.0430 | step time 257.21ms
INFO - 10/27/25 13:29:48 - 0:01:48 - step 400 | loss 0.0423 | step time 257.34ms
INFO - 10/27/25 13:30:13 - 0:02:13 - step 500 | loss 0.0439 | step time 257.53ms
INFO - 10/27/25 13:30:14 - 0:02:14 - step 500 train loss: 0.0432342104613781 test loss: 0.10872022062540054
INFO - 10/27/25 13:30:14 - 0:02:14 - test loss 0.10872022062540054 is the best so far, saving model to /home/yuebi/Project/dim16_run/dim16_run_4/1111/model.pt
INFO - 10/27/25 13:30:39 - 0:02:40 - step 600 | loss 0.0865 | step time 257.25ms
INFO - 10/27/25 13:31:05 - 0:03:05 - step 700 | loss 0.0421 | step time 257.40ms
INFO - 10/27/25 13:31:31 - 0:03:31 - step 800 | loss 0.0422 | step time 257.49ms
INFO - 10/27/25 13:31:57 - 0:03:57 - step 900 | loss 0.0422 | step time 257.44ms
INFO - 10/27/25 13:32:22 - 0:04:22 - step 1000 | loss 0.0456 | step time 257.23ms
INFO - 10/27/25 13:32:23 - 0:04:23 - step 1000 train loss: 0.042971525341272354 test loss: 0.20528873801231384
INFO - 10/27/25 13:32:48 - 0:04:48 - step 1100 | loss 0.0439 | step time 256.91ms
INFO - 10/27/25 13:33:14 - 0:05:14 - step 1200 | loss 0.0438 | step time 257.27ms
INFO - 10/27/25 13:33:40 - 0:05:40 - step 1300 | loss 0.0435 | step time 257.32ms
INFO - 10/27/25 13:34:06 - 0:06:06 - step 1400 | loss 0.0429 | step time 257.13ms
INFO - 10/27/25 13:34:31 - 0:06:31 - Memory allocated:  43.97MB, reserved: 2272.00MB
INFO - 10/27/25 13:34:31 - 0:06:31 - generating
