INFO - 09/01/25 02:49:51 - 0:00:00 - ============ Initialized logger ============
INFO - 09/01/25 02:49:51 - 0:00:00 - batch_size: 32
                                     command: python fc_loop.py --exp_name=dim10_run --dump_path=/home/yuebi/Project/dim10_run --num_initial_empty_objects=150 --final_database_size=30 --target_db_size=30 --nb_local_searches=300 --max_epochs=5 --type=transformer --sample-only=5000 --max-output-length=200 --max-steps=500 --n_tokens=3 --exp_id "7639"
                                     cpu: False
                                     debug: False
                                     debug_slurm: False
                                     dump_path: /home/yuebi/Project/dim10_run/dim10_run/7639
                                     exp_id: 7639
                                     exp_name: dim10_run
                                     final_database_size: 30
                                     gen_batch_size: 1000
                                     global_rank: 0
                                     is_master: True
                                     is_slurm_job: True
                                     learning_rate: 0.0005
                                     local_rank: 0
                                     master_addr: gpu-6
                                     master_port: -1
                                     max_epochs: 5
                                     max_output_length: 200
                                     max_steps: 500
                                     multi_gpu: False
                                     multi_node: False
                                     n_embd: 64
                                     n_embd2: 32
                                     n_gpu_per_node: 1
                                     n_head: 8
                                     n_layer: 4
                                     n_nodes: 1
                                     n_tokens: 3
                                     nb_local_searches: 300
                                     nb_threads: 1
                                     node_id: 0
                                     num_initial_empty_objects: 150
                                     num_workers: 8
                                     sample_only: 5000
                                     seed: -1
                                     target_db_size: 30
                                     temperature: 1.0
                                     top_k: -1
                                     type: transformer
                                     weight_decay: 0.01
                                     world_size: 1
INFO - 09/01/25 02:49:51 - 0:00:00 - The experiment will be stored in /home/yuebi/Project/dim10_run/dim10_run/7639
                                     
INFO - 09/01/25 02:49:51 - 0:00:00 - Running command: python fc_loop.py --exp_name=dim10_run --dump_path=/home/yuebi/Project/dim10_run --num_initial_empty_objects=150 --final_database_size=30 --target_db_size=30 --nb_local_searches=300 --max_epochs=5 --type=transformer --sample-only=5000 --max-output-length=200 --max-steps=500 --n_tokens=3

WARNING - 09/01/25 02:49:51 - 0:00:00 - Signal handler installed.
INFO - 09/01/25 02:49:51 - 0:00:00 - seed: 88479046
INFO - 09/01/25 02:49:51 - 0:00:00 - JULIA_NUM_THREADS is set to 1
INFO - 09/01/25 02:49:56 - 0:00:06 - Created /home/yuebi/Project/dim10_run/dim10_run/7639/temp.txt and training tokenizer...
INFO - 09/01/25 02:49:56 - 0:00:06 - Directory '/home/yuebi/Project/dim10_run/dim10_run/7639/tokenizer_data' created.
INFO - 09/01/25 02:49:56 - 0:00:06 - File '/home/yuebi/Project/dim10_run/dim10_run/7639/temp.txt' has been deleted.
INFO - 09/01/25 02:49:56 - 0:00:06 - 0 / 30
INFO - 09/01/25 02:49:56 - 0:00:06 - initializing at generation: 1
INFO - 09/01/25 02:49:56 - 0:00:06 - number of examples in the dataset: 30
INFO - 09/01/25 02:49:56 - 0:00:06 - max word length: 109
INFO - 09/01/25 02:49:56 - 0:00:06 - number of unique characters in the vocabulary: 3
INFO - 09/01/25 02:49:56 - 0:00:06 - vocabulary:
INFO - 09/01/25 02:49:56 - 0:00:06 - ['V0', 'V1', 'V2']
INFO - 09/01/25 02:49:56 - 0:00:06 - split up the dataset into 27 training examples and 3 test examples
INFO - 09/01/25 02:49:56 - 0:00:06 - dataset determined that: vocab_size=4, block_size=201
INFO - 09/01/25 02:49:57 - 0:00:06 - model #params: 213440
INFO - 09/01/25 02:49:57 - 0:00:06 - ============ Start of generation 1 ============
INFO - 09/01/25 02:49:57 - 0:00:06 - Memory allocated:  1.44MB, reserved: 2.00MB
INFO - 09/01/25 02:49:57 - 0:00:06 - training
INFO - 09/01/25 02:50:01 - 0:00:10 - step 0 | loss 1.5132 | step time 383.00ms
INFO - 09/01/25 02:50:06 - 0:00:15 - step 100 | loss 0.6077 | step time 53.72ms
INFO - 09/01/25 02:50:12 - 0:00:21 - step 200 | loss 0.5353 | step time 53.70ms
INFO - 09/01/25 02:50:17 - 0:00:26 - step 300 | loss 0.2586 | step time 53.57ms
INFO - 09/01/25 02:50:22 - 0:00:32 - step 400 | loss 0.0778 | step time 53.67ms
INFO - 09/01/25 02:50:28 - 0:00:37 - Memory allocated:  20.35MB, reserved: 468.00MB
INFO - 09/01/25 02:50:28 - 0:00:37 - generating
INFO - 09/01/25 02:53:46 - 0:03:55 - distribution of sample lengths: average: 320.369 max: 599
INFO - 09/01/25 02:53:46 - 0:03:55 - decoding
INFO - 09/01/25 02:53:46 - 0:03:55 - Decoding complete. Check the output in /home/yuebi/Project/dim10_run/dim10_run/7639/transformer-output-decoded.txt
INFO - 09/01/25 02:53:46 - 0:03:55 - Memory allocated:  20.35MB, reserved: 15406.00MB
INFO - 09/01/25 02:53:46 - 0:03:55 - ============ End of generation 1 ============
INFO - 09/01/25 02:53:46 - 0:03:55 - launching search.jl
INFO - 09/01/25 02:53:46 - 0:03:55 - JULIA_NUM_THREADS is set to 1
INFO - 09/01/25 02:54:00 - 0:04:09 - distribution of scores
INFO - 09/01/25 02:54:00 - 0:04:09 - Score: 315.0, Count: 2
INFO - 09/01/25 02:54:00 - 0:04:09 - Score: 312.0, Count: 1
INFO - 09/01/25 02:54:00 - 0:04:09 - Score: 295.0, Count: 3
INFO - 09/01/25 02:54:00 - 0:04:09 - Score: 294.0, Count: 2
INFO - 09/01/25 02:54:00 - 0:04:09 - Score: 288.0, Count: 9
INFO - 09/01/25 02:54:00 - 0:04:09 - Score: 285.0, Count: 1
INFO - 09/01/25 02:54:00 - 0:04:09 - Score: 282.0, Count: 3
INFO - 09/01/25 02:54:00 - 0:04:09 - Score: 280.0, Count: 1
INFO - 09/01/25 02:54:00 - 0:04:09 - Score: 278.0, Count: 1
INFO - 09/01/25 02:54:00 - 0:04:09 - Score: 273.0, Count: 3
INFO - 09/01/25 02:54:00 - 0:04:09 - Score: 272.0, Count: 4
INFO - 09/01/25 02:54:00 - 0:04:09 - Score: 198.0, Count: 1
INFO - 09/01/25 02:54:00 - 0:04:09 - Score: 194.0, Count: 1
INFO - 09/01/25 02:54:00 - 0:04:09 - Score: 189.0, Count: 1
INFO - 09/01/25 02:54:00 - 0:04:09 - Score: 180.0, Count: 1
INFO - 09/01/25 02:54:00 - 0:04:09 - Score: 171.0, Count: 1
INFO - 09/01/25 02:54:00 - 0:04:09 - Score: 169.0, Count: 1
INFO - 09/01/25 02:54:00 - 0:04:09 - Score: 150.0, Count: 1
INFO - 09/01/25 02:54:00 - 0:04:09 - Score: 143.0, Count: 1
INFO - 09/01/25 02:54:00 - 0:04:09 - Score: 140.0, Count: 1
INFO - 09/01/25 02:54:00 - 0:04:09 - Score: 138.0, Count: 1
INFO - 09/01/25 02:54:00 - 0:04:09 - Score: 136.0, Count: 2
INFO - 09/01/25 02:54:00 - 0:04:09 - Score: 135.0, Count: 2
INFO - 09/01/25 02:54:00 - 0:04:09 - Score: 132.0, Count: 1
INFO - 09/01/25 02:54:00 - 0:04:09 - Score: 110.0, Count: 1
INFO - 09/01/25 02:54:00 - 0:04:09 - Score: 80.0, Count: 1
INFO - 09/01/25 02:54:00 - 0:04:09 - Score: 71.0, Count: 1
INFO - 09/01/25 02:54:00 - 0:04:09 - Score: 0.0, Count: 2
INFO - 09/01/25 02:54:00 - 0:04:09 - tokenizing
INFO - 09/01/25 02:54:00 - 0:04:09 - Loading tokenizer from /home/yuebi/Project/dim10_run/dim10_run/7639/tokenizer_data/tokenizer.json...
INFO - 09/01/25 02:54:00 - 0:04:09 - 0 / 30
INFO - 09/01/25 02:54:00 - 0:04:09 - number of examples in the dataset: 30
INFO - 09/01/25 02:54:00 - 0:04:09 - max word length: 109
INFO - 09/01/25 02:54:00 - 0:04:09 - number of unique characters in the vocabulary: 3
INFO - 09/01/25 02:54:00 - 0:04:09 - vocabulary:
INFO - 09/01/25 02:54:00 - 0:04:09 - ['V0', 'V1', 'V2']
INFO - 09/01/25 02:54:00 - 0:04:09 - split up the dataset into 27 training examples and 3 test examples
INFO - 09/01/25 02:54:00 - 0:04:09 - ============ Start of generation 2 ============
INFO - 09/01/25 02:54:00 - 0:04:09 - Memory allocated:  20.35MB, reserved: 15406.00MB
INFO - 09/01/25 02:54:00 - 0:04:09 - training
INFO - 09/01/25 02:54:00 - 0:04:09 - step 0 | loss 2.6349 | step time 59.34ms
INFO - 09/01/25 02:54:06 - 0:04:15 - step 100 | loss 0.5346 | step time 53.64ms
INFO - 09/01/25 02:54:11 - 0:04:20 - step 200 | loss 0.2483 | step time 53.65ms
INFO - 09/01/25 02:54:16 - 0:04:25 - step 300 | loss 0.0608 | step time 53.79ms
INFO - 09/01/25 02:54:22 - 0:04:31 - step 400 | loss 0.0348 | step time 53.66ms
INFO - 09/01/25 02:54:27 - 0:04:36 - Memory allocated:  20.35MB, reserved: 15406.00MB
INFO - 09/01/25 02:54:27 - 0:04:36 - generating
INFO - 09/01/25 02:57:44 - 0:07:53 - distribution of sample lengths: average: 325.1174 max: 599
INFO - 09/01/25 02:57:44 - 0:07:53 - decoding
INFO - 09/01/25 02:57:44 - 0:07:54 - Decoding complete. Check the output in /home/yuebi/Project/dim10_run/dim10_run/7639/transformer-output-decoded.txt
INFO - 09/01/25 02:57:44 - 0:07:54 - Memory allocated:  20.35MB, reserved: 15406.00MB
INFO - 09/01/25 02:57:44 - 0:07:54 - ============ End of generation 2 ============
INFO - 09/01/25 02:57:44 - 0:07:54 - launching search.jl
INFO - 09/01/25 02:57:44 - 0:07:54 - JULIA_NUM_THREADS is set to 1
INFO - 09/01/25 02:57:59 - 0:08:08 - distribution of scores
INFO - 09/01/25 02:57:59 - 0:08:08 - Score: 320.0, Count: 1
INFO - 09/01/25 02:57:59 - 0:08:08 - Score: 315.0, Count: 1
INFO - 09/01/25 02:57:59 - 0:08:08 - Score: 312.0, Count: 1
INFO - 09/01/25 02:57:59 - 0:08:08 - Score: 304.0, Count: 1
INFO - 09/01/25 02:57:59 - 0:08:08 - Score: 295.0, Count: 1
INFO - 09/01/25 02:57:59 - 0:08:08 - Score: 294.0, Count: 1
INFO - 09/01/25 02:57:59 - 0:08:08 - Score: 291.0, Count: 1
INFO - 09/01/25 02:57:59 - 0:08:08 - Score: 288.0, Count: 8
INFO - 09/01/25 02:57:59 - 0:08:08 - Score: 284.0, Count: 1
INFO - 09/01/25 02:57:59 - 0:08:08 - Score: 283.0, Count: 1
INFO - 09/01/25 02:57:59 - 0:08:08 - Score: 282.0, Count: 1
INFO - 09/01/25 02:57:59 - 0:08:08 - Score: 280.0, Count: 3
INFO - 09/01/25 02:57:59 - 0:08:08 - Score: 279.0, Count: 1
INFO - 09/01/25 02:57:59 - 0:08:08 - Score: 275.0, Count: 3
INFO - 09/01/25 02:57:59 - 0:08:08 - Score: 273.0, Count: 2
INFO - 09/01/25 02:57:59 - 0:08:08 - Score: 272.0, Count: 3
INFO - 09/01/25 02:57:59 - 0:08:08 - tokenizing
INFO - 09/01/25 02:57:59 - 0:08:08 - Loading tokenizer from /home/yuebi/Project/dim10_run/dim10_run/7639/tokenizer_data/tokenizer.json...
INFO - 09/01/25 02:57:59 - 0:08:08 - 0 / 30
INFO - 09/01/25 02:57:59 - 0:08:08 - number of examples in the dataset: 30
INFO - 09/01/25 02:57:59 - 0:08:08 - max word length: 109
INFO - 09/01/25 02:57:59 - 0:08:08 - number of unique characters in the vocabulary: 3
INFO - 09/01/25 02:57:59 - 0:08:08 - vocabulary:
INFO - 09/01/25 02:57:59 - 0:08:08 - ['V0', 'V1', 'V2']
INFO - 09/01/25 02:57:59 - 0:08:08 - split up the dataset into 27 training examples and 3 test examples
INFO - 09/01/25 02:57:59 - 0:08:08 - ============ Start of generation 3 ============
INFO - 09/01/25 02:57:59 - 0:08:08 - Memory allocated:  20.35MB, reserved: 15406.00MB
INFO - 09/01/25 02:57:59 - 0:08:08 - training
INFO - 09/01/25 02:57:59 - 0:08:08 - step 0 | loss 2.4073 | step time 58.25ms
INFO - 09/01/25 02:58:05 - 0:08:14 - step 100 | loss 0.3613 | step time 53.68ms
INFO - 09/01/25 02:58:10 - 0:08:19 - step 200 | loss 0.0744 | step time 53.64ms
INFO - 09/01/25 02:58:15 - 0:08:24 - step 300 | loss 0.0920 | step time 53.83ms
INFO - 09/01/25 02:58:21 - 0:08:30 - step 400 | loss 0.0364 | step time 53.68ms
INFO - 09/01/25 02:58:26 - 0:08:35 - Memory allocated:  20.35MB, reserved: 15406.00MB
INFO - 09/01/25 02:58:26 - 0:08:35 - generating
INFO - 09/01/25 03:01:43 - 0:11:52 - distribution of sample lengths: average: 325.4414 max: 599
INFO - 09/01/25 03:01:43 - 0:11:52 - decoding
INFO - 09/01/25 03:01:43 - 0:11:53 - Decoding complete. Check the output in /home/yuebi/Project/dim10_run/dim10_run/7639/transformer-output-decoded.txt
INFO - 09/01/25 03:01:43 - 0:11:53 - Memory allocated:  20.35MB, reserved: 15406.00MB
INFO - 09/01/25 03:01:43 - 0:11:53 - ============ End of generation 3 ============
INFO - 09/01/25 03:01:43 - 0:11:53 - launching search.jl
INFO - 09/01/25 03:01:43 - 0:11:53 - JULIA_NUM_THREADS is set to 1
INFO - 09/01/25 03:01:58 - 0:12:07 - distribution of scores
INFO - 09/01/25 03:01:58 - 0:12:07 - Score: 320.0, Count: 1
INFO - 09/01/25 03:01:58 - 0:12:07 - Score: 295.0, Count: 1
INFO - 09/01/25 03:01:58 - 0:12:07 - Score: 291.0, Count: 1
INFO - 09/01/25 03:01:58 - 0:12:07 - Score: 288.0, Count: 6
INFO - 09/01/25 03:01:58 - 0:12:07 - Score: 284.0, Count: 1
INFO - 09/01/25 03:01:58 - 0:12:07 - Score: 280.0, Count: 1
INFO - 09/01/25 03:01:58 - 0:12:07 - Score: 279.0, Count: 2
INFO - 09/01/25 03:01:58 - 0:12:07 - Score: 275.0, Count: 1
INFO - 09/01/25 03:01:58 - 0:12:07 - Score: 272.0, Count: 4
INFO - 09/01/25 03:01:58 - 0:12:07 - Score: 270.0, Count: 5
INFO - 09/01/25 03:01:58 - 0:12:07 - Score: 268.0, Count: 2
INFO - 09/01/25 03:01:58 - 0:12:07 - Score: 267.0, Count: 2
INFO - 09/01/25 03:01:58 - 0:12:07 - Score: 264.0, Count: 3
INFO - 09/01/25 03:01:58 - 0:12:07 - tokenizing
INFO - 09/01/25 03:01:58 - 0:12:07 - Loading tokenizer from /home/yuebi/Project/dim10_run/dim10_run/7639/tokenizer_data/tokenizer.json...
INFO - 09/01/25 03:01:58 - 0:12:07 - 0 / 30
INFO - 09/01/25 03:01:58 - 0:12:07 - number of examples in the dataset: 30
INFO - 09/01/25 03:01:58 - 0:12:07 - max word length: 109
INFO - 09/01/25 03:01:58 - 0:12:07 - number of unique characters in the vocabulary: 3
INFO - 09/01/25 03:01:58 - 0:12:07 - vocabulary:
INFO - 09/01/25 03:01:58 - 0:12:07 - ['V0', 'V1', 'V2']
INFO - 09/01/25 03:01:58 - 0:12:07 - split up the dataset into 27 training examples and 3 test examples
INFO - 09/01/25 03:01:58 - 0:12:07 - ============ Start of generation 4 ============
INFO - 09/01/25 03:01:58 - 0:12:07 - Memory allocated:  20.35MB, reserved: 15406.00MB
INFO - 09/01/25 03:01:58 - 0:12:07 - training
INFO - 09/01/25 03:01:58 - 0:12:07 - step 0 | loss 2.2488 | step time 58.08ms
INFO - 09/01/25 03:02:04 - 0:12:13 - step 100 | loss 0.3631 | step time 53.88ms
INFO - 09/01/25 03:02:09 - 0:12:18 - step 200 | loss 0.0746 | step time 53.81ms
INFO - 09/01/25 03:02:14 - 0:12:24 - step 300 | loss 0.0553 | step time 53.67ms
INFO - 09/01/25 03:02:20 - 0:12:29 - step 400 | loss 0.0472 | step time 53.72ms
INFO - 09/01/25 03:02:25 - 0:12:34 - Memory allocated:  20.35MB, reserved: 15406.00MB
INFO - 09/01/25 03:02:25 - 0:12:34 - generating
INFO - 09/01/25 03:05:42 - 0:15:52 - distribution of sample lengths: average: 323.4554 max: 368
INFO - 09/01/25 03:05:42 - 0:15:52 - decoding
INFO - 09/01/25 03:05:43 - 0:15:52 - Decoding complete. Check the output in /home/yuebi/Project/dim10_run/dim10_run/7639/transformer-output-decoded.txt
INFO - 09/01/25 03:05:43 - 0:15:52 - Memory allocated:  20.35MB, reserved: 15406.00MB
INFO - 09/01/25 03:05:43 - 0:15:52 - ============ End of generation 4 ============
INFO - 09/01/25 03:05:43 - 0:15:52 - launching search.jl
INFO - 09/01/25 03:05:43 - 0:15:52 - JULIA_NUM_THREADS is set to 1
INFO - 09/01/25 03:05:57 - 0:16:06 - distribution of scores
INFO - 09/01/25 03:05:57 - 0:16:06 - Score: 320.0, Count: 3
INFO - 09/01/25 03:05:57 - 0:16:06 - Score: 294.0, Count: 2
INFO - 09/01/25 03:05:57 - 0:16:06 - Score: 288.0, Count: 7
INFO - 09/01/25 03:05:57 - 0:16:06 - Score: 285.0, Count: 1
INFO - 09/01/25 03:05:57 - 0:16:06 - Score: 280.0, Count: 2
INFO - 09/01/25 03:05:57 - 0:16:06 - Score: 272.0, Count: 3
INFO - 09/01/25 03:05:57 - 0:16:06 - Score: 270.0, Count: 8
INFO - 09/01/25 03:05:57 - 0:16:06 - Score: 268.0, Count: 1
INFO - 09/01/25 03:05:57 - 0:16:06 - Score: 267.0, Count: 1
INFO - 09/01/25 03:05:57 - 0:16:06 - Score: 264.0, Count: 2
INFO - 09/01/25 03:05:57 - 0:16:06 - tokenizing
INFO - 09/01/25 03:05:57 - 0:16:06 - Loading tokenizer from /home/yuebi/Project/dim10_run/dim10_run/7639/tokenizer_data/tokenizer.json...
INFO - 09/01/25 03:05:57 - 0:16:06 - 0 / 30
INFO - 09/01/25 03:05:57 - 0:16:06 - number of examples in the dataset: 30
INFO - 09/01/25 03:05:57 - 0:16:06 - max word length: 109
INFO - 09/01/25 03:05:57 - 0:16:06 - number of unique characters in the vocabulary: 3
INFO - 09/01/25 03:05:57 - 0:16:06 - vocabulary:
INFO - 09/01/25 03:05:57 - 0:16:06 - ['V0', 'V1', 'V2']
INFO - 09/01/25 03:05:57 - 0:16:06 - split up the dataset into 27 training examples and 3 test examples
INFO - 09/01/25 03:05:57 - 0:16:06 - ============ Start of generation 5 ============
INFO - 09/01/25 03:05:57 - 0:16:06 - Memory allocated:  20.35MB, reserved: 15406.00MB
INFO - 09/01/25 03:05:57 - 0:16:06 - training
INFO - 09/01/25 03:05:57 - 0:16:06 - step 0 | loss 2.2840 | step time 58.07ms
INFO - 09/01/25 03:06:02 - 0:16:11 - step 100 | loss 0.4032 | step time 53.63ms
INFO - 09/01/25 03:06:08 - 0:16:17 - step 200 | loss 0.2247 | step time 53.80ms
INFO - 09/01/25 03:06:13 - 0:16:22 - step 300 | loss 0.0359 | step time 53.70ms
INFO - 09/01/25 03:06:18 - 0:16:28 - step 400 | loss 0.0343 | step time 53.85ms
INFO - 09/01/25 03:06:24 - 0:16:33 - Memory allocated:  20.35MB, reserved: 15406.00MB
INFO - 09/01/25 03:06:24 - 0:16:33 - generating
INFO - 09/01/25 03:09:41 - 0:19:50 - distribution of sample lengths: average: 326.1014 max: 599
INFO - 09/01/25 03:09:41 - 0:19:50 - decoding
INFO - 09/01/25 03:09:41 - 0:19:50 - Decoding complete. Check the output in /home/yuebi/Project/dim10_run/dim10_run/7639/transformer-output-decoded.txt
INFO - 09/01/25 03:09:41 - 0:19:50 - Memory allocated:  20.35MB, reserved: 15406.00MB
INFO - 09/01/25 03:09:41 - 0:19:50 - ============ End of generation 5 ============
INFO - 09/01/25 03:09:41 - 0:19:50 - launching search.jl
INFO - 09/01/25 03:09:41 - 0:19:50 - JULIA_NUM_THREADS is set to 1
INFO - 09/01/25 03:09:56 - 0:20:05 - distribution of scores
INFO - 09/01/25 03:09:56 - 0:20:05 - Score: 320.0, Count: 2
INFO - 09/01/25 03:09:56 - 0:20:05 - Score: 295.0, Count: 1
INFO - 09/01/25 03:09:56 - 0:20:05 - Score: 288.0, Count: 7
INFO - 09/01/25 03:09:56 - 0:20:05 - Score: 284.0, Count: 2
INFO - 09/01/25 03:09:56 - 0:20:05 - Score: 280.0, Count: 1
INFO - 09/01/25 03:09:56 - 0:20:05 - Score: 279.0, Count: 1
INFO - 09/01/25 03:09:56 - 0:20:05 - Score: 273.0, Count: 1
INFO - 09/01/25 03:09:56 - 0:20:05 - Score: 272.0, Count: 4
INFO - 09/01/25 03:09:56 - 0:20:05 - Score: 270.0, Count: 2
INFO - 09/01/25 03:09:56 - 0:20:05 - Score: 268.0, Count: 2
INFO - 09/01/25 03:09:56 - 0:20:05 - Score: 264.0, Count: 7
INFO - 09/01/25 03:09:56 - 0:20:05 - tokenizing
INFO - 09/01/25 03:09:56 - 0:20:05 - Loading tokenizer from /home/yuebi/Project/dim10_run/dim10_run/7639/tokenizer_data/tokenizer.json...
INFO - 09/01/25 03:09:56 - 0:20:05 - 0 / 30
INFO - 09/01/25 03:09:56 - 0:20:05 - number of examples in the dataset: 30
INFO - 09/01/25 03:09:56 - 0:20:05 - max word length: 109
INFO - 09/01/25 03:09:56 - 0:20:05 - number of unique characters in the vocabulary: 3
INFO - 09/01/25 03:09:56 - 0:20:05 - vocabulary:
INFO - 09/01/25 03:09:56 - 0:20:05 - ['V0', 'V1', 'V2']
INFO - 09/01/25 03:09:56 - 0:20:05 - split up the dataset into 27 training examples and 3 test examples
