INFO - 07/25/25 14:23:39 - 0:00:00 - ============ Initialized logger ============
INFO - 07/25/25 14:23:39 - 0:00:00 - batch_size: 32
                                     command: python fc_loop.py --exp_name=run1 --dump_path=C:/Users/123li/Downloads/Project/dim8_run --num_initial_empty_objects=80 --final_database_size=20 --target_db_size=20 --nb_local_searches=200 --max_epochs=5 --type=transformer --cpu true --max-output-length=200 --exp_id "y2hfcaisy7"
                                     cpu: True
                                     debug: False
                                     debug_slurm: False
                                     dump_path: C:/Users/123li/Downloads/Project/dim8_run\run1\y2hfcaisy7
                                     exp_id: y2hfcaisy7
                                     exp_name: run1
                                     final_database_size: 20
                                     gen_batch_size: 1000
                                     global_rank: 0
                                     is_master: True
                                     is_slurm_job: False
                                     learning_rate: 0.0005
                                     local_rank: 0
                                     master_port: -1
                                     max_epochs: 5
                                     max_output_length: 200
                                     max_steps: 20000
                                     multi_gpu: False
                                     multi_node: False
                                     n_embd: 64
                                     n_embd2: 32
                                     n_gpu_per_node: 1
                                     n_head: 8
                                     n_layer: 4
                                     n_nodes: 1
                                     n_tokens: 100
                                     nb_local_searches: 200
                                     nb_threads: 1
                                     node_id: 0
                                     num_initial_empty_objects: 80
                                     num_workers: 8
                                     sample_only: 500000
                                     seed: -1
                                     target_db_size: 20
                                     temperature: 1.0
                                     top_k: -1
                                     type: transformer
                                     weight_decay: 0.01
                                     world_size: 1
INFO - 07/25/25 14:23:39 - 0:00:00 - The experiment will be stored in C:/Users/123li/Downloads/Project/dim8_run\run1\y2hfcaisy7
                                     
INFO - 07/25/25 14:23:39 - 0:00:00 - Running command: python fc_loop.py --exp_name=run1 --dump_path=C:/Users/123li/Downloads/Project/dim8_run --num_initial_empty_objects=80 --final_database_size=20 --target_db_size=20 --nb_local_searches=200 --max_epochs=5 --type=transformer --cpu true --max-output-length=200

INFO - 07/25/25 14:23:39 - 0:00:00 - seed: 482065097
INFO - 07/25/25 14:23:39 - 0:00:00 - JULIA_NUM_THREADS is set to 1
INFO - 07/25/25 14:24:23 - 0:00:44 - Created C:/Users/123li/Downloads/Project/dim8_run\run1\y2hfcaisy7/temp.txt and training tokenizer...
INFO - 07/25/25 14:24:23 - 0:00:44 - Directory 'C:/Users/123li/Downloads/Project/dim8_run\run1\y2hfcaisy7/tokenizer_data' created.
INFO - 07/25/25 14:24:23 - 0:00:44 - File 'C:/Users/123li/Downloads/Project/dim8_run\run1\y2hfcaisy7/temp.txt' has been deleted.
INFO - 07/25/25 14:24:23 - 0:00:44 - 0 / 20
INFO - 07/25/25 14:24:23 - 0:00:44 - initializing at generation: 1
INFO - 07/25/25 14:24:23 - 0:00:44 - number of examples in the dataset: 20
INFO - 07/25/25 14:24:23 - 0:00:44 - max word length: 127
INFO - 07/25/25 14:24:23 - 0:00:44 - number of unique characters in the vocabulary: 3
INFO - 07/25/25 14:24:23 - 0:00:44 - vocabulary:
INFO - 07/25/25 14:24:23 - 0:00:44 - ['V0', 'V1', 'V2']
INFO - 07/25/25 14:24:23 - 0:00:44 - split up the dataset into 18 training examples and 2 test examples
INFO - 07/25/25 14:24:23 - 0:00:44 - dataset determined that: vocab_size=101, block_size=201
INFO - 07/25/25 14:24:23 - 0:00:44 - model #params: 225856
INFO - 07/25/25 14:24:23 - 0:00:44 - ============ Start of generation 1 ============
INFO - 07/25/25 14:24:23 - 0:00:44 - Memory allocated:  0.00MB, reserved: 0.00MB
INFO - 07/25/25 14:24:23 - 0:00:44 - training
INFO - 07/25/25 14:25:35 - 0:01:56 - step 0 | loss 4.8538 | step time 584.28ms
INFO - 07/25/25 14:26:16 - 0:02:37 - step 100 | loss 0.4503 | step time 389.78ms
INFO - 07/25/25 14:26:56 - 0:03:16 - step 200 | loss 0.3554 | step time 387.50ms
INFO - 07/25/25 14:27:34 - 0:03:55 - step 300 | loss 0.3067 | step time 381.95ms
INFO - 07/25/25 14:28:13 - 0:04:33 - step 400 | loss 0.1821 | step time 394.58ms
INFO - 07/25/25 14:28:53 - 0:05:13 - step 500 | loss 0.1091 | step time 431.53ms
INFO - 07/25/25 14:28:53 - 0:05:13 - step 500 train loss: 0.09984363615512848 test loss: 0.7191162705421448
INFO - 07/25/25 14:28:53 - 0:05:13 - test loss 0.7191162705421448 is the best so far, saving model to C:/Users/123li/Downloads/Project/dim8_run\run1\y2hfcaisy7\model.pt
INFO - 07/25/25 14:29:33 - 0:05:54 - step 600 | loss 0.0835 | step time 404.86ms
INFO - 07/25/25 14:30:13 - 0:06:34 - step 700 | loss 0.0462 | step time 417.66ms
INFO - 07/25/25 14:30:54 - 0:07:15 - step 800 | loss 0.0630 | step time 418.77ms
INFO - 07/25/25 14:31:35 - 0:07:55 - step 900 | loss 0.0257 | step time 410.31ms
INFO - 07/25/25 14:32:14 - 0:08:35 - step 1000 | loss 0.0249 | step time 386.42ms
INFO - 07/25/25 14:32:14 - 0:08:35 - step 1000 train loss: 0.023978283628821373 test loss: 1.5566701889038086
INFO - 07/25/25 14:32:56 - 0:09:17 - step 1100 | loss 0.0233 | step time 406.40ms
INFO - 07/25/25 14:33:37 - 0:09:58 - step 1200 | loss 0.1241 | step time 416.02ms
INFO - 07/25/25 14:34:17 - 0:10:38 - step 1300 | loss 0.0242 | step time 417.42ms
INFO - 07/25/25 14:34:57 - 0:11:17 - step 1400 | loss 0.0236 | step time 414.92ms
INFO - 07/25/25 14:35:38 - 0:11:59 - step 1500 | loss 0.0238 | step time 401.35ms
INFO - 07/25/25 14:35:38 - 0:11:59 - step 1500 train loss: 0.023496760055422783 test loss: 1.504958987236023
INFO - 07/25/25 14:36:18 - 0:12:38 - step 1600 | loss 0.0230 | step time 402.73ms
INFO - 07/25/25 14:36:57 - 0:13:18 - step 1700 | loss 0.1926 | step time 380.98ms
INFO - 07/25/25 14:37:36 - 0:13:57 - step 1800 | loss 0.0234 | step time 394.32ms
INFO - 07/25/25 14:38:14 - 0:14:35 - step 1900 | loss 0.0231 | step time 380.77ms
INFO - 07/25/25 14:38:53 - 0:15:14 - step 2000 | loss 0.0233 | step time 379.48ms
INFO - 07/25/25 14:38:53 - 0:15:14 - step 2000 train loss: 0.023132778704166412 test loss: 1.7375388145446777
INFO - 07/25/25 14:39:31 - 0:15:52 - step 2100 | loss 0.0229 | step time 378.23ms
INFO - 07/25/25 14:40:10 - 0:16:30 - step 2200 | loss 0.0236 | step time 378.44ms
INFO - 07/25/25 14:40:49 - 0:17:09 - step 2300 | loss 0.0229 | step time 391.97ms
INFO - 07/25/25 14:41:27 - 0:17:48 - step 2400 | loss 0.0226 | step time 380.61ms
INFO - 07/25/25 14:42:06 - 0:18:27 - step 2500 | loss 0.0230 | step time 379.52ms
INFO - 07/25/25 14:42:06 - 0:18:27 - step 2500 train loss: 0.02314068377017975 test loss: 1.8304083347320557
INFO - 07/25/25 14:42:44 - 0:19:05 - step 2600 | loss 0.0232 | step time 388.80ms
INFO - 07/25/25 14:43:24 - 0:19:44 - step 2700 | loss 0.0229 | step time 389.77ms
INFO - 07/25/25 14:44:02 - 0:20:23 - step 2800 | loss 0.0227 | step time 378.74ms
INFO - 07/25/25 14:44:41 - 0:21:02 - step 2900 | loss 0.0227 | step time 380.70ms
INFO - 07/25/25 14:45:20 - 0:21:41 - step 3000 | loss 0.0229 | step time 382.87ms
INFO - 07/25/25 14:45:20 - 0:21:41 - step 3000 train loss: 0.02270902879536152 test loss: 1.9430592060089111
INFO - 07/25/25 14:46:00 - 0:22:21 - step 3100 | loss 0.0232 | step time 388.99ms
