INFO - 10/26/25 17:37:55 - 0:00:00 - ============ Initialized logger ============
INFO - 10/26/25 17:37:55 - 0:00:00 - batch_size: 32
                                     command: python fc_loop.py --exp_name=dim17_run_2 --dump_path=/home/yuebi/Project/dim17_run --num_initial_empty_objects=800 --final_database_size=100 --target_db_size=100 --nb_local_searches=800 --max_epochs=20 --type=transformer --max-output-length=305 --sample-only=30000 --max-steps=1500 --n_tokens=15 --n-layer=8 --n-embd=128 --n-embd2=128 --exp_id=1111 --exp_id "1111"
                                     cpu: False
                                     debug: False
                                     debug_slurm: False
                                     dump_path: /home/yuebi/Project/dim17_run/dim17_run_2/1111
                                     exp_id: 1111
                                     exp_name: dim17_run_2
                                     final_database_size: 100
                                     gen_batch_size: 1000
                                     global_rank: 0
                                     is_master: True
                                     is_slurm_job: True
                                     learning_rate: 0.0005
                                     local_rank: 0
                                     master_addr: gpu-6
                                     master_port: -1
                                     max_epochs: 20
                                     max_output_length: 305
                                     max_steps: 1500
                                     multi_gpu: False
                                     multi_node: False
                                     n_embd: 128
                                     n_embd2: 128
                                     n_gpu_per_node: 1
                                     n_head: 8
                                     n_layer: 8
                                     n_nodes: 1
                                     n_tokens: 15
                                     nb_local_searches: 800
                                     nb_threads: 1
                                     node_id: 0
                                     num_initial_empty_objects: 800
                                     num_workers: 8
                                     sample_only: 30000
                                     seed: -1
                                     target_db_size: 100
                                     temperature: 1.0
                                     top_k: -1
                                     type: transformer
                                     weight_decay: 0.01
                                     world_size: 1
INFO - 10/26/25 17:37:55 - 0:00:00 - The experiment will be stored in /home/yuebi/Project/dim17_run/dim17_run_2/1111
                                     
INFO - 10/26/25 17:37:55 - 0:00:00 - Running command: python fc_loop.py --exp_name=dim17_run_2 --dump_path=/home/yuebi/Project/dim17_run --num_initial_empty_objects=800 --final_database_size=100 --target_db_size=100 --nb_local_searches=800 --max_epochs=20 --type=transformer --max-output-length=305 --sample-only=30000 --max-steps=1500 --n_tokens=15 --n-layer=8 --n-embd=128 --n-embd2=128 --exp_id=1111

WARNING - 10/26/25 17:37:55 - 0:00:00 - Signal handler installed.
INFO - 10/26/25 17:37:55 - 0:00:00 - seed: 91172873
INFO - 10/26/25 17:37:55 - 0:00:00 - JULIA_NUM_THREADS is set to 1
INFO - 10/26/25 17:38:54 - 0:01:00 - Created /home/yuebi/Project/dim17_run/dim17_run_2/1111/temp.txt and training tokenizer...
INFO - 10/26/25 17:38:54 - 0:01:00 - Directory '/home/yuebi/Project/dim17_run/dim17_run_2/1111/tokenizer_data' created.
INFO - 10/26/25 17:38:54 - 0:01:00 - File '/home/yuebi/Project/dim17_run/dim17_run_2/1111/temp.txt' has been deleted.
INFO - 10/26/25 17:38:54 - 0:01:00 - 0 / 100
INFO - 10/26/25 17:38:55 - 0:01:00 - initializing at generation: 1
INFO - 10/26/25 17:38:55 - 0:01:00 - number of examples in the dataset: 100
INFO - 10/26/25 17:38:55 - 0:01:00 - max word length: 125
INFO - 10/26/25 17:38:55 - 0:01:00 - number of unique characters in the vocabulary: 15
INFO - 10/26/25 17:38:55 - 0:01:00 - vocabulary:
INFO - 10/26/25 17:38:55 - 0:01:00 - ['V0', 'V1', 'V2', 'V3', 'V4', 'V5', 'V6', 'V7', 'V8', 'V9', 'V10', 'V11', 'V12', 'V13', 'V14']
INFO - 10/26/25 17:38:55 - 0:01:00 - split up the dataset into 90 training examples and 10 test examples
INFO - 10/26/25 17:38:55 - 0:01:00 - dataset determined that: vocab_size=16, block_size=306
INFO - 10/26/25 17:38:55 - 0:01:00 - model #params: 1629696
INFO - 10/26/25 17:38:55 - 0:01:00 - ============ Start of generation 1 ============
INFO - 10/26/25 17:38:55 - 0:01:00 - Memory allocated:  9.08MB, reserved: 10.00MB
INFO - 10/26/25 17:38:55 - 0:01:00 - training
INFO - 10/26/25 17:39:00 - 0:01:05 - step 0 | loss 2.9748 | step time 630.81ms
INFO - 10/26/25 17:39:29 - 0:01:35 - step 100 | loss 1.7527 | step time 295.83ms
INFO - 10/26/25 17:39:59 - 0:02:04 - step 200 | loss 0.6457 | step time 295.98ms
INFO - 10/26/25 17:40:29 - 0:02:34 - step 300 | loss 0.0565 | step time 295.91ms
INFO - 10/26/25 17:40:58 - 0:03:03 - step 400 | loss 0.0437 | step time 296.26ms
INFO - 10/26/25 17:41:28 - 0:03:33 - step 500 | loss 0.2474 | step time 296.37ms
INFO - 10/26/25 17:41:28 - 0:03:33 - step 500 train loss: 0.23585522174835205 test loss: 4.846060276031494
INFO - 10/26/25 17:41:28 - 0:03:33 - test loss 4.846060276031494 is the best so far, saving model to /home/yuebi/Project/dim17_run/dim17_run_2/1111/model.pt
INFO - 10/26/25 17:41:58 - 0:04:03 - step 600 | loss 0.0429 | step time 295.93ms
INFO - 10/26/25 17:42:27 - 0:04:32 - step 700 | loss 0.0440 | step time 295.81ms
INFO - 10/26/25 17:42:57 - 0:05:02 - step 800 | loss 0.0444 | step time 295.93ms
INFO - 10/26/25 17:43:27 - 0:05:32 - step 900 | loss 0.0397 | step time 296.03ms
INFO - 10/26/25 17:43:56 - 0:06:01 - step 1000 | loss 0.0425 | step time 295.78ms
INFO - 10/26/25 17:43:56 - 0:06:02 - step 1000 train loss: 0.04398639500141144 test loss: 6.7925591468811035
INFO - 10/26/25 17:44:26 - 0:06:31 - step 1100 | loss 0.0412 | step time 296.28ms
INFO - 10/26/25 17:44:56 - 0:07:01 - step 1200 | loss 0.0389 | step time 296.38ms
INFO - 10/26/25 17:45:25 - 0:07:30 - step 1300 | loss 0.0396 | step time 295.83ms
INFO - 10/26/25 17:45:55 - 0:08:00 - step 1400 | loss 0.0409 | step time 295.97ms
INFO - 10/26/25 17:46:24 - 0:08:29 - Memory allocated:  44.72MB, reserved: 2660.00MB
INFO - 10/26/25 17:46:24 - 0:08:29 - generating
INFO - 10/26/25 20:37:58 - 0:00:00 - ============ Initialized logger ============
INFO - 10/26/25 20:37:58 - 0:00:00 - batch_size: 32
                                     command: python fc_loop.py --exp_name=dim17_run_2 --dump_path=/home/yuebi/Project/dim17_run --num_initial_empty_objects=800 --final_database_size=100 --target_db_size=100 --nb_local_searches=800 --max_epochs=20 --type=transformer --max-output-length=305 --sample-only=30000 --max-steps=1500 --n_tokens=15 --n-layer=8 --n-embd=128 --n-embd2=128 --exp_id=1111 --exp_id "1111"
                                     cpu: False
                                     debug: False
                                     debug_slurm: False
                                     dump_path: /home/yuebi/Project/dim17_run/dim17_run_2/1111
                                     exp_id: 1111
                                     exp_name: dim17_run_2
                                     final_database_size: 100
                                     gen_batch_size: 1000
                                     global_rank: 0
                                     is_master: True
                                     is_slurm_job: True
                                     learning_rate: 0.0005
                                     local_rank: 0
                                     master_addr: gpu-6
                                     master_port: -1
                                     max_epochs: 20
                                     max_output_length: 305
                                     max_steps: 1500
                                     multi_gpu: False
                                     multi_node: False
                                     n_embd: 128
                                     n_embd2: 128
                                     n_gpu_per_node: 1
                                     n_head: 8
                                     n_layer: 8
                                     n_nodes: 1
                                     n_tokens: 15
                                     nb_local_searches: 800
                                     nb_threads: 1
                                     node_id: 0
                                     num_initial_empty_objects: 800
                                     num_workers: 8
                                     sample_only: 30000
                                     seed: -1
                                     target_db_size: 100
                                     temperature: 1.0
                                     top_k: -1
                                     type: transformer
                                     weight_decay: 0.01
                                     world_size: 1
INFO - 10/26/25 20:37:58 - 0:00:00 - The experiment will be stored in /home/yuebi/Project/dim17_run/dim17_run_2/1111
                                     
INFO - 10/26/25 20:37:58 - 0:00:00 - Running command: python fc_loop.py --exp_name=dim17_run_2 --dump_path=/home/yuebi/Project/dim17_run --num_initial_empty_objects=800 --final_database_size=100 --target_db_size=100 --nb_local_searches=800 --max_epochs=20 --type=transformer --max-output-length=305 --sample-only=30000 --max-steps=1500 --n_tokens=15 --n-layer=8 --n-embd=128 --n-embd2=128 --exp_id=1111

WARNING - 10/26/25 20:37:58 - 0:00:00 - Signal handler installed.
INFO - 10/26/25 20:37:58 - 0:00:00 - seed: 681046739
INFO - 10/26/25 20:37:58 - 0:00:00 - initializing at generation: 1
INFO - 10/26/25 20:37:58 - 0:00:00 - number of examples in the dataset: 100
INFO - 10/26/25 20:37:58 - 0:00:00 - max word length: 125
INFO - 10/26/25 20:37:58 - 0:00:00 - number of unique characters in the vocabulary: 15
INFO - 10/26/25 20:37:58 - 0:00:00 - vocabulary:
INFO - 10/26/25 20:37:58 - 0:00:00 - ['V0', 'V1', 'V2', 'V3', 'V4', 'V5', 'V6', 'V7', 'V8', 'V9', 'V10', 'V11', 'V12', 'V13', 'V14']
INFO - 10/26/25 20:37:58 - 0:00:00 - split up the dataset into 90 training examples and 10 test examples
INFO - 10/26/25 20:37:58 - 0:00:00 - dataset determined that: vocab_size=16, block_size=306
INFO - 10/26/25 20:37:58 - 0:00:00 - model #params: 1629696
INFO - 10/26/25 20:37:58 - 0:00:00 - resuming from existing model
INFO - 10/26/25 20:37:58 - 0:00:00 - ============ Start of generation 1 ============
INFO - 10/26/25 20:37:58 - 0:00:00 - Memory allocated:  9.08MB, reserved: 20.00MB
INFO - 10/26/25 20:37:58 - 0:00:00 - training
INFO - 10/26/25 20:38:03 - 0:00:05 - step 0 | loss 0.5420 | step time 631.39ms
INFO - 10/26/25 20:38:33 - 0:00:35 - step 100 | loss 0.0683 | step time 295.76ms
INFO - 10/26/25 20:39:02 - 0:01:04 - step 200 | loss 0.0426 | step time 295.79ms
INFO - 10/26/25 20:39:32 - 0:01:34 - step 300 | loss 0.0423 | step time 295.89ms
INFO - 10/26/25 20:40:02 - 0:02:04 - step 400 | loss 0.0412 | step time 295.96ms
INFO - 10/26/25 20:40:31 - 0:02:33 - step 500 | loss 0.0414 | step time 295.90ms
INFO - 10/26/25 20:40:31 - 0:02:34 - step 500 train loss: 0.04117726534605026 test loss: 0.7815937995910645
INFO - 10/26/25 20:40:31 - 0:02:34 - test loss 0.7815937995910645 is the best so far, saving model to /home/yuebi/Project/dim17_run/dim17_run_2/1111/model.pt
INFO - 10/26/25 20:41:01 - 0:03:03 - step 600 | loss 0.0409 | step time 295.82ms
INFO - 10/26/25 20:41:31 - 0:03:33 - step 700 | loss 0.0405 | step time 295.94ms
INFO - 10/26/25 20:42:00 - 0:04:02 - step 800 | loss 0.0425 | step time 295.83ms
INFO - 10/26/25 20:42:30 - 0:04:32 - step 900 | loss 0.0615 | step time 296.01ms
INFO - 10/26/25 20:42:59 - 0:05:02 - step 1000 | loss 0.0389 | step time 295.74ms
INFO - 10/26/25 20:43:00 - 0:05:02 - step 1000 train loss: 0.039415884763002396 test loss: 1.2464993000030518
INFO - 10/26/25 20:43:29 - 0:05:31 - step 1100 | loss 0.0386 | step time 295.85ms
INFO - 10/26/25 20:43:59 - 0:06:01 - step 1200 | loss 0.0401 | step time 295.85ms
INFO - 10/26/25 20:44:29 - 0:06:31 - step 1300 | loss 0.0413 | step time 296.00ms
INFO - 10/26/25 20:44:58 - 0:07:00 - step 1400 | loss 0.0408 | step time 296.33ms
INFO - 10/26/25 20:45:27 - 0:07:30 - Memory allocated:  44.72MB, reserved: 2660.00MB
INFO - 10/26/25 20:45:27 - 0:07:30 - generating
INFO - 10/26/25 23:38:00 - 0:00:00 - ============ Initialized logger ============
INFO - 10/26/25 23:38:00 - 0:00:00 - batch_size: 32
                                     command: python fc_loop.py --exp_name=dim17_run_2 --dump_path=/home/yuebi/Project/dim17_run --num_initial_empty_objects=800 --final_database_size=100 --target_db_size=100 --nb_local_searches=800 --max_epochs=20 --type=transformer --max-output-length=305 --sample-only=30000 --max-steps=1500 --n_tokens=15 --n-layer=8 --n-embd=128 --n-embd2=128 --exp_id=1111 --exp_id "1111"
                                     cpu: False
                                     debug: False
                                     debug_slurm: False
                                     dump_path: /home/yuebi/Project/dim17_run/dim17_run_2/1111
                                     exp_id: 1111
                                     exp_name: dim17_run_2
                                     final_database_size: 100
                                     gen_batch_size: 1000
                                     global_rank: 0
                                     is_master: True
                                     is_slurm_job: True
                                     learning_rate: 0.0005
                                     local_rank: 0
                                     master_addr: gpu-6
                                     master_port: -1
                                     max_epochs: 20
                                     max_output_length: 305
                                     max_steps: 1500
                                     multi_gpu: False
                                     multi_node: False
                                     n_embd: 128
                                     n_embd2: 128
                                     n_gpu_per_node: 1
                                     n_head: 8
                                     n_layer: 8
                                     n_nodes: 1
                                     n_tokens: 15
                                     nb_local_searches: 800
                                     nb_threads: 1
                                     node_id: 0
                                     num_initial_empty_objects: 800
                                     num_workers: 8
                                     sample_only: 30000
                                     seed: -1
                                     target_db_size: 100
                                     temperature: 1.0
                                     top_k: -1
                                     type: transformer
                                     weight_decay: 0.01
                                     world_size: 1
INFO - 10/26/25 23:38:00 - 0:00:00 - The experiment will be stored in /home/yuebi/Project/dim17_run/dim17_run_2/1111
                                     
INFO - 10/26/25 23:38:00 - 0:00:00 - Running command: python fc_loop.py --exp_name=dim17_run_2 --dump_path=/home/yuebi/Project/dim17_run --num_initial_empty_objects=800 --final_database_size=100 --target_db_size=100 --nb_local_searches=800 --max_epochs=20 --type=transformer --max-output-length=305 --sample-only=30000 --max-steps=1500 --n_tokens=15 --n-layer=8 --n-embd=128 --n-embd2=128 --exp_id=1111

WARNING - 10/26/25 23:38:00 - 0:00:00 - Signal handler installed.
INFO - 10/26/25 23:38:00 - 0:00:00 - seed: 387997158
INFO - 10/26/25 23:38:00 - 0:00:00 - initializing at generation: 1
INFO - 10/26/25 23:38:00 - 0:00:00 - number of examples in the dataset: 100
INFO - 10/26/25 23:38:00 - 0:00:00 - max word length: 125
INFO - 10/26/25 23:38:00 - 0:00:00 - number of unique characters in the vocabulary: 15
INFO - 10/26/25 23:38:00 - 0:00:00 - vocabulary:
INFO - 10/26/25 23:38:00 - 0:00:00 - ['V0', 'V1', 'V2', 'V3', 'V4', 'V5', 'V6', 'V7', 'V8', 'V9', 'V10', 'V11', 'V12', 'V13', 'V14']
INFO - 10/26/25 23:38:00 - 0:00:00 - split up the dataset into 90 training examples and 10 test examples
INFO - 10/26/25 23:38:00 - 0:00:00 - dataset determined that: vocab_size=16, block_size=306
INFO - 10/26/25 23:38:00 - 0:00:00 - model #params: 1629696
INFO - 10/26/25 23:38:00 - 0:00:00 - resuming from existing model
INFO - 10/26/25 23:38:00 - 0:00:00 - ============ Start of generation 1 ============
INFO - 10/26/25 23:38:00 - 0:00:00 - Memory allocated:  9.08MB, reserved: 20.00MB
INFO - 10/26/25 23:38:00 - 0:00:00 - training
INFO - 10/26/25 23:38:05 - 0:00:05 - step 0 | loss 0.0751 | step time 624.78ms
INFO - 10/26/25 23:38:35 - 0:00:35 - step 100 | loss 0.0425 | step time 295.86ms
INFO - 10/26/25 23:39:04 - 0:01:04 - step 200 | loss 0.0436 | step time 295.57ms
INFO - 10/26/25 23:39:34 - 0:01:34 - step 300 | loss 0.0413 | step time 295.64ms
INFO - 10/26/25 23:40:03 - 0:02:03 - step 400 | loss 0.0425 | step time 295.90ms
INFO - 10/26/25 23:40:33 - 0:02:33 - step 500 | loss 0.0417 | step time 295.92ms
INFO - 10/26/25 23:40:33 - 0:02:33 - step 500 train loss: 0.04185246303677559 test loss: 0.38389381766319275
INFO - 10/26/25 23:40:33 - 0:02:33 - test loss 0.38389381766319275 is the best so far, saving model to /home/yuebi/Project/dim17_run/dim17_run_2/1111/model.pt
INFO - 10/26/25 23:41:03 - 0:03:03 - step 600 | loss 0.0408 | step time 295.83ms
INFO - 10/26/25 23:41:32 - 0:03:32 - step 700 | loss 0.0395 | step time 295.93ms
INFO - 10/26/25 23:42:02 - 0:04:02 - step 800 | loss 0.0389 | step time 295.71ms
INFO - 10/26/25 23:42:32 - 0:04:32 - step 900 | loss 0.0394 | step time 296.09ms
INFO - 10/26/25 23:43:01 - 0:05:01 - step 1000 | loss 0.0402 | step time 295.88ms
INFO - 10/26/25 23:43:02 - 0:05:02 - step 1000 train loss: 0.03987164422869682 test loss: 0.3386104702949524
INFO - 10/26/25 23:43:02 - 0:05:02 - test loss 0.3386104702949524 is the best so far, saving model to /home/yuebi/Project/dim17_run/dim17_run_2/1111/model.pt
INFO - 10/26/25 23:43:31 - 0:05:31 - step 1100 | loss 0.0388 | step time 295.99ms
INFO - 10/26/25 23:44:01 - 0:06:01 - step 1200 | loss 0.0457 | step time 295.71ms
INFO - 10/26/25 23:44:30 - 0:06:30 - step 1300 | loss 0.0390 | step time 295.90ms
INFO - 10/26/25 23:45:00 - 0:07:00 - step 1400 | loss 0.0388 | step time 295.84ms
INFO - 10/26/25 23:45:29 - 0:07:29 - Memory allocated:  44.72MB, reserved: 2660.00MB
INFO - 10/26/25 23:45:29 - 0:07:29 - generating
INFO - 10/27/25 02:38:10 - 0:00:00 - ============ Initialized logger ============
INFO - 10/27/25 02:38:10 - 0:00:00 - batch_size: 32
                                     command: python fc_loop.py --exp_name=dim17_run_2 --dump_path=/home/yuebi/Project/dim17_run --num_initial_empty_objects=800 --final_database_size=100 --target_db_size=100 --nb_local_searches=800 --max_epochs=20 --type=transformer --max-output-length=305 --sample-only=30000 --max-steps=1500 --n_tokens=15 --n-layer=8 --n-embd=128 --n-embd2=128 --exp_id=1111 --exp_id "1111"
                                     cpu: False
                                     debug: False
                                     debug_slurm: False
                                     dump_path: /home/yuebi/Project/dim17_run/dim17_run_2/1111
                                     exp_id: 1111
                                     exp_name: dim17_run_2
                                     final_database_size: 100
                                     gen_batch_size: 1000
                                     global_rank: 0
                                     is_master: True
                                     is_slurm_job: True
                                     learning_rate: 0.0005
                                     local_rank: 0
                                     master_addr: gpu-6
                                     master_port: -1
                                     max_epochs: 20
                                     max_output_length: 305
                                     max_steps: 1500
                                     multi_gpu: False
                                     multi_node: False
                                     n_embd: 128
                                     n_embd2: 128
                                     n_gpu_per_node: 1
                                     n_head: 8
                                     n_layer: 8
                                     n_nodes: 1
                                     n_tokens: 15
                                     nb_local_searches: 800
                                     nb_threads: 1
                                     node_id: 0
                                     num_initial_empty_objects: 800
                                     num_workers: 8
                                     sample_only: 30000
                                     seed: -1
                                     target_db_size: 100
                                     temperature: 1.0
                                     top_k: -1
                                     type: transformer
                                     weight_decay: 0.01
                                     world_size: 1
INFO - 10/27/25 02:38:10 - 0:00:00 - The experiment will be stored in /home/yuebi/Project/dim17_run/dim17_run_2/1111
                                     
INFO - 10/27/25 02:38:10 - 0:00:00 - Running command: python fc_loop.py --exp_name=dim17_run_2 --dump_path=/home/yuebi/Project/dim17_run --num_initial_empty_objects=800 --final_database_size=100 --target_db_size=100 --nb_local_searches=800 --max_epochs=20 --type=transformer --max-output-length=305 --sample-only=30000 --max-steps=1500 --n_tokens=15 --n-layer=8 --n-embd=128 --n-embd2=128 --exp_id=1111

WARNING - 10/27/25 02:38:10 - 0:00:00 - Signal handler installed.
INFO - 10/27/25 02:38:10 - 0:00:00 - seed: 601859370
INFO - 10/27/25 02:38:10 - 0:00:00 - initializing at generation: 1
INFO - 10/27/25 02:38:10 - 0:00:00 - number of examples in the dataset: 100
INFO - 10/27/25 02:38:10 - 0:00:00 - max word length: 125
INFO - 10/27/25 02:38:10 - 0:00:00 - number of unique characters in the vocabulary: 15
INFO - 10/27/25 02:38:10 - 0:00:00 - vocabulary:
INFO - 10/27/25 02:38:10 - 0:00:00 - ['V0', 'V1', 'V2', 'V3', 'V4', 'V5', 'V6', 'V7', 'V8', 'V9', 'V10', 'V11', 'V12', 'V13', 'V14']
INFO - 10/27/25 02:38:10 - 0:00:00 - split up the dataset into 90 training examples and 10 test examples
INFO - 10/27/25 02:38:10 - 0:00:00 - dataset determined that: vocab_size=16, block_size=306
INFO - 10/27/25 02:38:10 - 0:00:00 - model #params: 1629696
INFO - 10/27/25 02:38:10 - 0:00:00 - resuming from existing model
INFO - 10/27/25 02:38:10 - 0:00:00 - ============ Start of generation 1 ============
INFO - 10/27/25 02:38:10 - 0:00:00 - Memory allocated:  9.08MB, reserved: 20.00MB
INFO - 10/27/25 02:38:10 - 0:00:00 - training
INFO - 10/27/25 02:38:15 - 0:00:05 - step 0 | loss 0.0707 | step time 626.75ms
INFO - 10/27/25 02:38:45 - 0:00:35 - step 100 | loss 0.0398 | step time 295.88ms
INFO - 10/27/25 02:39:14 - 0:01:04 - step 200 | loss 0.0381 | step time 295.82ms
INFO - 10/27/25 02:39:44 - 0:01:34 - step 300 | loss 0.0413 | step time 295.91ms
INFO - 10/27/25 02:40:14 - 0:02:04 - step 400 | loss 0.0391 | step time 295.80ms
INFO - 10/27/25 02:40:43 - 0:02:33 - step 500 | loss 0.1010 | step time 295.81ms
INFO - 10/27/25 02:40:44 - 0:02:33 - step 500 train loss: 0.09733022749423981 test loss: 0.4074508845806122
INFO - 10/27/25 02:40:44 - 0:02:33 - test loss 0.4074508845806122 is the best so far, saving model to /home/yuebi/Project/dim17_run/dim17_run_2/1111/model.pt
INFO - 10/27/25 02:41:13 - 0:03:03 - step 600 | loss 0.0391 | step time 296.00ms
INFO - 10/27/25 02:41:43 - 0:03:33 - step 700 | loss 0.0395 | step time 295.78ms
INFO - 10/27/25 02:42:12 - 0:04:02 - step 800 | loss 0.0407 | step time 295.77ms
INFO - 10/27/25 02:42:42 - 0:04:32 - step 900 | loss 0.0393 | step time 295.88ms
INFO - 10/27/25 02:43:12 - 0:05:01 - step 1000 | loss 0.0410 | step time 295.83ms
INFO - 10/27/25 02:43:12 - 0:05:02 - step 1000 train loss: 0.039615754038095474 test loss: 0.21766924858093262
INFO - 10/27/25 02:43:12 - 0:05:02 - test loss 0.21766924858093262 is the best so far, saving model to /home/yuebi/Project/dim17_run/dim17_run_2/1111/model.pt
INFO - 10/27/25 02:43:41 - 0:05:31 - step 1100 | loss 0.0880 | step time 295.72ms
INFO - 10/27/25 02:44:11 - 0:06:01 - step 1200 | loss 0.0384 | step time 295.78ms
INFO - 10/27/25 02:44:41 - 0:06:31 - step 1300 | loss 0.0395 | step time 296.10ms
INFO - 10/27/25 02:45:10 - 0:07:00 - step 1400 | loss 0.0394 | step time 295.83ms
INFO - 10/27/25 02:45:39 - 0:07:29 - Memory allocated:  44.72MB, reserved: 2660.00MB
INFO - 10/27/25 02:45:39 - 0:07:29 - generating
INFO - 10/27/25 05:38:17 - 0:00:00 - ============ Initialized logger ============
INFO - 10/27/25 05:38:17 - 0:00:00 - batch_size: 32
                                     command: python fc_loop.py --exp_name=dim17_run_2 --dump_path=/home/yuebi/Project/dim17_run --num_initial_empty_objects=800 --final_database_size=100 --target_db_size=100 --nb_local_searches=800 --max_epochs=20 --type=transformer --max-output-length=305 --sample-only=30000 --max-steps=1500 --n_tokens=15 --n-layer=8 --n-embd=128 --n-embd2=128 --exp_id=1111 --exp_id "1111"
                                     cpu: False
                                     debug: False
                                     debug_slurm: False
                                     dump_path: /home/yuebi/Project/dim17_run/dim17_run_2/1111
                                     exp_id: 1111
                                     exp_name: dim17_run_2
                                     final_database_size: 100
                                     gen_batch_size: 1000
                                     global_rank: 0
                                     is_master: True
                                     is_slurm_job: True
                                     learning_rate: 0.0005
                                     local_rank: 0
                                     master_addr: gpu-6
                                     master_port: -1
                                     max_epochs: 20
                                     max_output_length: 305
                                     max_steps: 1500
                                     multi_gpu: False
                                     multi_node: False
                                     n_embd: 128
                                     n_embd2: 128
                                     n_gpu_per_node: 1
                                     n_head: 8
                                     n_layer: 8
                                     n_nodes: 1
                                     n_tokens: 15
                                     nb_local_searches: 800
                                     nb_threads: 1
                                     node_id: 0
                                     num_initial_empty_objects: 800
                                     num_workers: 8
                                     sample_only: 30000
                                     seed: -1
                                     target_db_size: 100
                                     temperature: 1.0
                                     top_k: -1
                                     type: transformer
                                     weight_decay: 0.01
                                     world_size: 1
INFO - 10/27/25 05:38:17 - 0:00:00 - The experiment will be stored in /home/yuebi/Project/dim17_run/dim17_run_2/1111
                                     
INFO - 10/27/25 05:38:17 - 0:00:00 - Running command: python fc_loop.py --exp_name=dim17_run_2 --dump_path=/home/yuebi/Project/dim17_run --num_initial_empty_objects=800 --final_database_size=100 --target_db_size=100 --nb_local_searches=800 --max_epochs=20 --type=transformer --max-output-length=305 --sample-only=30000 --max-steps=1500 --n_tokens=15 --n-layer=8 --n-embd=128 --n-embd2=128 --exp_id=1111

WARNING - 10/27/25 05:38:17 - 0:00:00 - Signal handler installed.
INFO - 10/27/25 05:38:17 - 0:00:00 - seed: 920518753
INFO - 10/27/25 05:38:17 - 0:00:00 - initializing at generation: 1
INFO - 10/27/25 05:38:17 - 0:00:00 - number of examples in the dataset: 100
INFO - 10/27/25 05:38:17 - 0:00:00 - max word length: 125
INFO - 10/27/25 05:38:17 - 0:00:00 - number of unique characters in the vocabulary: 15
INFO - 10/27/25 05:38:17 - 0:00:00 - vocabulary:
INFO - 10/27/25 05:38:17 - 0:00:00 - ['V0', 'V1', 'V2', 'V3', 'V4', 'V5', 'V6', 'V7', 'V8', 'V9', 'V10', 'V11', 'V12', 'V13', 'V14']
INFO - 10/27/25 05:38:17 - 0:00:00 - split up the dataset into 90 training examples and 10 test examples
INFO - 10/27/25 05:38:17 - 0:00:00 - dataset determined that: vocab_size=16, block_size=306
INFO - 10/27/25 05:38:17 - 0:00:00 - model #params: 1629696
INFO - 10/27/25 05:38:17 - 0:00:00 - resuming from existing model
INFO - 10/27/25 05:38:17 - 0:00:00 - ============ Start of generation 1 ============
INFO - 10/27/25 05:38:17 - 0:00:00 - Memory allocated:  9.08MB, reserved: 20.00MB
INFO - 10/27/25 05:38:17 - 0:00:00 - training
INFO - 10/27/25 05:38:22 - 0:00:05 - step 0 | loss 0.0667 | step time 634.65ms
INFO - 10/27/25 05:38:52 - 0:00:35 - step 100 | loss 0.0386 | step time 295.70ms
INFO - 10/27/25 05:39:22 - 0:01:05 - step 200 | loss 0.0386 | step time 295.74ms
INFO - 10/27/25 05:39:51 - 0:01:34 - step 300 | loss 0.0388 | step time 295.59ms
INFO - 10/27/25 05:40:21 - 0:02:04 - step 400 | loss 0.0389 | step time 295.53ms
INFO - 10/27/25 05:40:50 - 0:02:33 - step 500 | loss 0.0394 | step time 295.58ms
INFO - 10/27/25 05:40:51 - 0:02:34 - step 500 train loss: 0.03954383358359337 test loss: 0.08394191414117813
INFO - 10/27/25 05:40:51 - 0:02:34 - test loss 0.08394191414117813 is the best so far, saving model to /home/yuebi/Project/dim17_run/dim17_run_2/1111/model.pt
INFO - 10/27/25 05:41:20 - 0:03:03 - step 600 | loss 0.1145 | step time 295.81ms
INFO - 10/27/25 05:41:50 - 0:03:33 - step 700 | loss 0.0380 | step time 295.69ms
INFO - 10/27/25 05:42:19 - 0:04:02 - step 800 | loss 0.0379 | step time 295.65ms
INFO - 10/27/25 05:42:49 - 0:04:32 - step 900 | loss 0.0399 | step time 295.70ms
INFO - 10/27/25 05:43:19 - 0:05:02 - step 1000 | loss 0.0389 | step time 295.72ms
INFO - 10/27/25 05:43:19 - 0:05:02 - step 1000 train loss: 0.03866910934448242 test loss: 0.2115643471479416
INFO - 10/27/25 05:43:48 - 0:05:31 - step 1100 | loss 0.0386 | step time 295.76ms
INFO - 10/27/25 05:44:18 - 0:06:01 - step 1200 | loss 0.0392 | step time 295.63ms
INFO - 10/27/25 05:44:48 - 0:06:31 - step 1300 | loss 0.0393 | step time 295.60ms
INFO - 10/27/25 05:45:17 - 0:07:00 - step 1400 | loss 0.0938 | step time 295.77ms
INFO - 10/27/25 05:45:46 - 0:07:29 - Memory allocated:  44.72MB, reserved: 2660.00MB
INFO - 10/27/25 05:45:46 - 0:07:29 - generating
INFO - 10/27/25 08:38:21 - 0:00:00 - ============ Initialized logger ============
INFO - 10/27/25 08:38:21 - 0:00:00 - batch_size: 32
                                     command: python fc_loop.py --exp_name=dim17_run_2 --dump_path=/home/yuebi/Project/dim17_run --num_initial_empty_objects=800 --final_database_size=100 --target_db_size=100 --nb_local_searches=800 --max_epochs=20 --type=transformer --max-output-length=305 --sample-only=30000 --max-steps=1500 --n_tokens=15 --n-layer=8 --n-embd=128 --n-embd2=128 --exp_id=1111 --exp_id "1111"
                                     cpu: False
                                     debug: False
                                     debug_slurm: False
                                     dump_path: /home/yuebi/Project/dim17_run/dim17_run_2/1111
                                     exp_id: 1111
                                     exp_name: dim17_run_2
                                     final_database_size: 100
                                     gen_batch_size: 1000
                                     global_rank: 0
                                     is_master: True
                                     is_slurm_job: True
                                     learning_rate: 0.0005
                                     local_rank: 0
                                     master_addr: gpu-6
                                     master_port: -1
                                     max_epochs: 20
                                     max_output_length: 305
                                     max_steps: 1500
                                     multi_gpu: False
                                     multi_node: False
                                     n_embd: 128
                                     n_embd2: 128
                                     n_gpu_per_node: 1
                                     n_head: 8
                                     n_layer: 8
                                     n_nodes: 1
                                     n_tokens: 15
                                     nb_local_searches: 800
                                     nb_threads: 1
                                     node_id: 0
                                     num_initial_empty_objects: 800
                                     num_workers: 8
                                     sample_only: 30000
                                     seed: -1
                                     target_db_size: 100
                                     temperature: 1.0
                                     top_k: -1
                                     type: transformer
                                     weight_decay: 0.01
                                     world_size: 1
INFO - 10/27/25 08:38:21 - 0:00:00 - The experiment will be stored in /home/yuebi/Project/dim17_run/dim17_run_2/1111
                                     
INFO - 10/27/25 08:38:21 - 0:00:00 - Running command: python fc_loop.py --exp_name=dim17_run_2 --dump_path=/home/yuebi/Project/dim17_run --num_initial_empty_objects=800 --final_database_size=100 --target_db_size=100 --nb_local_searches=800 --max_epochs=20 --type=transformer --max-output-length=305 --sample-only=30000 --max-steps=1500 --n_tokens=15 --n-layer=8 --n-embd=128 --n-embd2=128 --exp_id=1111

WARNING - 10/27/25 08:38:21 - 0:00:00 - Signal handler installed.
INFO - 10/27/25 08:38:21 - 0:00:00 - seed: 332363854
INFO - 10/27/25 08:38:21 - 0:00:00 - initializing at generation: 1
INFO - 10/27/25 08:38:21 - 0:00:00 - number of examples in the dataset: 100
INFO - 10/27/25 08:38:21 - 0:00:00 - max word length: 125
INFO - 10/27/25 08:38:21 - 0:00:00 - number of unique characters in the vocabulary: 15
INFO - 10/27/25 08:38:21 - 0:00:00 - vocabulary:
INFO - 10/27/25 08:38:21 - 0:00:00 - ['V0', 'V1', 'V2', 'V3', 'V4', 'V5', 'V6', 'V7', 'V8', 'V9', 'V10', 'V11', 'V12', 'V13', 'V14']
INFO - 10/27/25 08:38:21 - 0:00:00 - split up the dataset into 90 training examples and 10 test examples
INFO - 10/27/25 08:38:21 - 0:00:00 - dataset determined that: vocab_size=16, block_size=306
INFO - 10/27/25 08:38:21 - 0:00:00 - model #params: 1629696
INFO - 10/27/25 08:38:21 - 0:00:00 - resuming from existing model
INFO - 10/27/25 08:38:21 - 0:00:00 - ============ Start of generation 1 ============
INFO - 10/27/25 08:38:21 - 0:00:00 - Memory allocated:  9.08MB, reserved: 20.00MB
INFO - 10/27/25 08:38:21 - 0:00:00 - training
INFO - 10/27/25 08:38:26 - 0:00:05 - step 0 | loss 0.0458 | step time 618.29ms
INFO - 10/27/25 08:38:56 - 0:00:35 - step 100 | loss 0.0391 | step time 295.79ms
INFO - 10/27/25 08:39:25 - 0:01:04 - step 200 | loss 0.0392 | step time 295.73ms
INFO - 10/27/25 08:39:55 - 0:01:34 - step 300 | loss 0.0386 | step time 295.61ms
INFO - 10/27/25 08:40:24 - 0:02:03 - step 400 | loss 0.0383 | step time 295.74ms
INFO - 10/27/25 08:40:54 - 0:02:33 - step 500 | loss 0.0396 | step time 295.86ms
INFO - 10/27/25 08:40:54 - 0:02:33 - step 500 train loss: 0.03962903469800949 test loss: 0.07815863937139511
INFO - 10/27/25 08:40:54 - 0:02:33 - test loss 0.07815863937139511 is the best so far, saving model to /home/yuebi/Project/dim17_run/dim17_run_2/1111/model.pt
INFO - 10/27/25 08:41:24 - 0:03:03 - step 600 | loss 0.0384 | step time 295.65ms
INFO - 10/27/25 08:41:53 - 0:03:32 - step 700 | loss 0.0390 | step time 295.93ms
INFO - 10/27/25 08:42:23 - 0:04:02 - step 800 | loss 0.0386 | step time 295.77ms
INFO - 10/27/25 08:42:53 - 0:04:32 - step 900 | loss 0.0385 | step time 295.88ms
INFO - 10/27/25 08:43:22 - 0:05:01 - step 1000 | loss 0.0391 | step time 295.61ms
INFO - 10/27/25 08:43:23 - 0:05:01 - step 1000 train loss: 0.039188336580991745 test loss: 0.1395062357187271
INFO - 10/27/25 08:43:52 - 0:05:31 - step 1100 | loss 0.0385 | step time 295.75ms
INFO - 10/27/25 08:44:22 - 0:06:01 - step 1200 | loss 0.0542 | step time 295.57ms
INFO - 10/27/25 08:44:51 - 0:06:30 - step 1300 | loss 0.0378 | step time 295.55ms
INFO - 10/27/25 08:45:21 - 0:07:00 - step 1400 | loss 0.0384 | step time 295.59ms
INFO - 10/27/25 08:45:50 - 0:07:29 - Memory allocated:  44.72MB, reserved: 2660.00MB
INFO - 10/27/25 08:45:50 - 0:07:29 - generating
INFO - 10/27/25 11:38:27 - 0:00:00 - ============ Initialized logger ============
INFO - 10/27/25 11:38:27 - 0:00:00 - batch_size: 32
                                     command: python fc_loop.py --exp_name=dim17_run_2 --dump_path=/home/yuebi/Project/dim17_run --num_initial_empty_objects=800 --final_database_size=100 --target_db_size=100 --nb_local_searches=800 --max_epochs=20 --type=transformer --max-output-length=305 --sample-only=30000 --max-steps=1500 --n_tokens=15 --n-layer=8 --n-embd=128 --n-embd2=128 --exp_id=1111 --exp_id "1111"
                                     cpu: False
                                     debug: False
                                     debug_slurm: False
                                     dump_path: /home/yuebi/Project/dim17_run/dim17_run_2/1111
                                     exp_id: 1111
                                     exp_name: dim17_run_2
                                     final_database_size: 100
                                     gen_batch_size: 1000
                                     global_rank: 0
                                     is_master: True
                                     is_slurm_job: True
                                     learning_rate: 0.0005
                                     local_rank: 0
                                     master_addr: gpu-6
                                     master_port: -1
                                     max_epochs: 20
                                     max_output_length: 305
                                     max_steps: 1500
                                     multi_gpu: False
                                     multi_node: False
                                     n_embd: 128
                                     n_embd2: 128
                                     n_gpu_per_node: 1
                                     n_head: 8
                                     n_layer: 8
                                     n_nodes: 1
                                     n_tokens: 15
                                     nb_local_searches: 800
                                     nb_threads: 1
                                     node_id: 0
                                     num_initial_empty_objects: 800
                                     num_workers: 8
                                     sample_only: 30000
                                     seed: -1
                                     target_db_size: 100
                                     temperature: 1.0
                                     top_k: -1
                                     type: transformer
                                     weight_decay: 0.01
                                     world_size: 1
INFO - 10/27/25 11:38:27 - 0:00:00 - The experiment will be stored in /home/yuebi/Project/dim17_run/dim17_run_2/1111
                                     
INFO - 10/27/25 11:38:27 - 0:00:00 - Running command: python fc_loop.py --exp_name=dim17_run_2 --dump_path=/home/yuebi/Project/dim17_run --num_initial_empty_objects=800 --final_database_size=100 --target_db_size=100 --nb_local_searches=800 --max_epochs=20 --type=transformer --max-output-length=305 --sample-only=30000 --max-steps=1500 --n_tokens=15 --n-layer=8 --n-embd=128 --n-embd2=128 --exp_id=1111

WARNING - 10/27/25 11:38:27 - 0:00:00 - Signal handler installed.
INFO - 10/27/25 11:38:27 - 0:00:00 - seed: 493962947
INFO - 10/27/25 11:38:27 - 0:00:00 - initializing at generation: 1
INFO - 10/27/25 11:38:27 - 0:00:00 - number of examples in the dataset: 100
INFO - 10/27/25 11:38:27 - 0:00:00 - max word length: 125
INFO - 10/27/25 11:38:27 - 0:00:00 - number of unique characters in the vocabulary: 15
INFO - 10/27/25 11:38:27 - 0:00:00 - vocabulary:
INFO - 10/27/25 11:38:27 - 0:00:00 - ['V0', 'V1', 'V2', 'V3', 'V4', 'V5', 'V6', 'V7', 'V8', 'V9', 'V10', 'V11', 'V12', 'V13', 'V14']
INFO - 10/27/25 11:38:27 - 0:00:00 - split up the dataset into 90 training examples and 10 test examples
INFO - 10/27/25 11:38:27 - 0:00:00 - dataset determined that: vocab_size=16, block_size=306
INFO - 10/27/25 11:38:27 - 0:00:00 - model #params: 1629696
INFO - 10/27/25 11:38:27 - 0:00:00 - resuming from existing model
INFO - 10/27/25 11:38:27 - 0:00:00 - ============ Start of generation 1 ============
INFO - 10/27/25 11:38:27 - 0:00:00 - Memory allocated:  9.08MB, reserved: 20.00MB
INFO - 10/27/25 11:38:27 - 0:00:00 - training
INFO - 10/27/25 11:38:32 - 0:00:05 - step 0 | loss 0.0424 | step time 625.86ms
INFO - 10/27/25 11:39:02 - 0:00:35 - step 100 | loss 0.0396 | step time 296.01ms
INFO - 10/27/25 11:39:31 - 0:01:04 - step 200 | loss 0.0376 | step time 295.76ms
INFO - 10/27/25 11:40:01 - 0:01:34 - step 300 | loss 0.0381 | step time 295.75ms
INFO - 10/27/25 11:40:30 - 0:02:03 - step 400 | loss 0.0402 | step time 295.73ms
INFO - 10/27/25 11:41:00 - 0:02:33 - step 500 | loss 0.0394 | step time 295.93ms
INFO - 10/27/25 11:41:00 - 0:02:33 - step 500 train loss: 0.03894086927175522 test loss: 0.08536054939031601
INFO - 10/27/25 11:41:00 - 0:02:33 - test loss 0.08536054939031601 is the best so far, saving model to /home/yuebi/Project/dim17_run/dim17_run_2/1111/model.pt
INFO - 10/27/25 11:41:30 - 0:03:03 - step 600 | loss 0.0777 | step time 295.56ms
INFO - 10/27/25 11:41:59 - 0:03:32 - step 700 | loss 0.0383 | step time 295.63ms
INFO - 10/27/25 11:42:29 - 0:04:02 - step 800 | loss 0.0387 | step time 295.76ms
INFO - 10/27/25 11:42:59 - 0:04:32 - step 900 | loss 0.0389 | step time 295.72ms
INFO - 10/27/25 11:43:28 - 0:05:01 - step 1000 | loss 0.0399 | step time 295.83ms
INFO - 10/27/25 11:43:29 - 0:05:02 - step 1000 train loss: 0.03880650922656059 test loss: 0.20405079424381256
INFO - 10/27/25 11:43:58 - 0:05:31 - step 1100 | loss 0.0387 | step time 295.90ms
INFO - 10/27/25 11:44:28 - 0:06:01 - step 1200 | loss 0.0388 | step time 296.13ms
INFO - 10/27/25 11:44:57 - 0:06:30 - step 1300 | loss 0.0376 | step time 296.02ms
INFO - 10/27/25 11:45:27 - 0:07:00 - step 1400 | loss 0.0751 | step time 295.92ms
INFO - 10/27/25 11:45:56 - 0:07:29 - Memory allocated:  44.72MB, reserved: 2660.00MB
INFO - 10/27/25 11:45:56 - 0:07:29 - generating
INFO - 10/27/25 14:38:31 - 0:00:00 - ============ Initialized logger ============
INFO - 10/27/25 14:38:31 - 0:00:00 - batch_size: 32
                                     command: python fc_loop.py --exp_name=dim17_run_2 --dump_path=/home/yuebi/Project/dim17_run --num_initial_empty_objects=800 --final_database_size=100 --target_db_size=100 --nb_local_searches=800 --max_epochs=20 --type=transformer --max-output-length=305 --sample-only=30000 --max-steps=1500 --n_tokens=15 --n-layer=8 --n-embd=128 --n-embd2=128 --exp_id=1111 --exp_id "1111"
                                     cpu: False
                                     debug: False
                                     debug_slurm: False
                                     dump_path: /home/yuebi/Project/dim17_run/dim17_run_2/1111
                                     exp_id: 1111
                                     exp_name: dim17_run_2
                                     final_database_size: 100
                                     gen_batch_size: 1000
                                     global_rank: 0
                                     is_master: True
                                     is_slurm_job: True
                                     learning_rate: 0.0005
                                     local_rank: 0
                                     master_addr: gpu-6
                                     master_port: -1
                                     max_epochs: 20
                                     max_output_length: 305
                                     max_steps: 1500
                                     multi_gpu: False
                                     multi_node: False
                                     n_embd: 128
                                     n_embd2: 128
                                     n_gpu_per_node: 1
                                     n_head: 8
                                     n_layer: 8
                                     n_nodes: 1
                                     n_tokens: 15
                                     nb_local_searches: 800
                                     nb_threads: 1
                                     node_id: 0
                                     num_initial_empty_objects: 800
                                     num_workers: 8
                                     sample_only: 30000
                                     seed: -1
                                     target_db_size: 100
                                     temperature: 1.0
                                     top_k: -1
                                     type: transformer
                                     weight_decay: 0.01
                                     world_size: 1
INFO - 10/27/25 14:38:31 - 0:00:00 - The experiment will be stored in /home/yuebi/Project/dim17_run/dim17_run_2/1111
                                     
INFO - 10/27/25 14:38:31 - 0:00:00 - Running command: python fc_loop.py --exp_name=dim17_run_2 --dump_path=/home/yuebi/Project/dim17_run --num_initial_empty_objects=800 --final_database_size=100 --target_db_size=100 --nb_local_searches=800 --max_epochs=20 --type=transformer --max-output-length=305 --sample-only=30000 --max-steps=1500 --n_tokens=15 --n-layer=8 --n-embd=128 --n-embd2=128 --exp_id=1111

WARNING - 10/27/25 14:38:31 - 0:00:00 - Signal handler installed.
INFO - 10/27/25 14:38:31 - 0:00:00 - seed: 144869098
INFO - 10/27/25 14:38:31 - 0:00:00 - initializing at generation: 1
INFO - 10/27/25 14:38:31 - 0:00:00 - number of examples in the dataset: 100
INFO - 10/27/25 14:38:31 - 0:00:00 - max word length: 125
INFO - 10/27/25 14:38:31 - 0:00:00 - number of unique characters in the vocabulary: 15
INFO - 10/27/25 14:38:31 - 0:00:00 - vocabulary:
INFO - 10/27/25 14:38:31 - 0:00:00 - ['V0', 'V1', 'V2', 'V3', 'V4', 'V5', 'V6', 'V7', 'V8', 'V9', 'V10', 'V11', 'V12', 'V13', 'V14']
INFO - 10/27/25 14:38:31 - 0:00:00 - split up the dataset into 90 training examples and 10 test examples
INFO - 10/27/25 14:38:31 - 0:00:00 - dataset determined that: vocab_size=16, block_size=306
INFO - 10/27/25 14:38:31 - 0:00:00 - model #params: 1629696
INFO - 10/27/25 14:38:31 - 0:00:00 - resuming from existing model
INFO - 10/27/25 14:38:31 - 0:00:00 - ============ Start of generation 1 ============
INFO - 10/27/25 14:38:31 - 0:00:00 - Memory allocated:  9.08MB, reserved: 20.00MB
INFO - 10/27/25 14:38:31 - 0:00:00 - training
INFO - 10/27/25 14:38:36 - 0:00:05 - step 0 | loss 0.0493 | step time 635.84ms
INFO - 10/27/25 14:39:06 - 0:00:35 - step 100 | loss 0.0384 | step time 295.98ms
INFO - 10/27/25 14:39:35 - 0:01:04 - step 200 | loss 0.0381 | step time 295.93ms
INFO - 10/27/25 14:40:05 - 0:01:34 - step 300 | loss 0.0386 | step time 295.94ms
INFO - 10/27/25 14:40:35 - 0:02:04 - step 400 | loss 0.0400 | step time 295.95ms
INFO - 10/27/25 14:41:04 - 0:02:33 - step 500 | loss 0.0402 | step time 296.06ms
INFO - 10/27/25 14:41:05 - 0:02:34 - step 500 train loss: 0.03910011425614357 test loss: 0.06653814017772675
INFO - 10/27/25 14:41:05 - 0:02:34 - test loss 0.06653814017772675 is the best so far, saving model to /home/yuebi/Project/dim17_run/dim17_run_2/1111/model.pt
INFO - 10/27/25 14:41:34 - 0:03:03 - step 600 | loss 0.0396 | step time 295.92ms
INFO - 10/27/25 14:42:04 - 0:03:33 - step 700 | loss 0.0398 | step time 295.69ms
INFO - 10/27/25 14:42:33 - 0:04:02 - step 800 | loss 0.0386 | step time 295.86ms
INFO - 10/27/25 14:43:03 - 0:04:32 - step 900 | loss 0.0378 | step time 295.85ms
INFO - 10/27/25 14:43:32 - 0:05:02 - step 1000 | loss 0.0394 | step time 296.02ms
INFO - 10/27/25 14:43:33 - 0:05:02 - step 1000 train loss: 0.03873773664236069 test loss: 0.1423170566558838
INFO - 10/27/25 14:44:02 - 0:05:31 - step 1100 | loss 0.0384 | step time 295.93ms
INFO - 10/27/25 14:44:32 - 0:06:01 - step 1200 | loss 0.0381 | step time 295.81ms
INFO - 10/27/25 14:45:02 - 0:06:31 - step 1300 | loss 0.0394 | step time 296.25ms
INFO - 10/27/25 14:45:31 - 0:07:00 - step 1400 | loss 0.0379 | step time 295.98ms
INFO - 10/27/25 14:46:00 - 0:07:30 - Memory allocated:  44.72MB, reserved: 2660.00MB
INFO - 10/27/25 14:46:00 - 0:07:30 - generating
INFO - 10/27/25 17:38:40 - 0:00:00 - ============ Initialized logger ============
INFO - 10/27/25 17:38:40 - 0:00:00 - batch_size: 32
                                     command: python fc_loop.py --exp_name=dim17_run_2 --dump_path=/home/yuebi/Project/dim17_run --num_initial_empty_objects=800 --final_database_size=100 --target_db_size=100 --nb_local_searches=800 --max_epochs=20 --type=transformer --max-output-length=305 --sample-only=30000 --max-steps=1500 --n_tokens=15 --n-layer=8 --n-embd=128 --n-embd2=128 --exp_id=1111 --exp_id "1111"
                                     cpu: False
                                     debug: False
                                     debug_slurm: False
                                     dump_path: /home/yuebi/Project/dim17_run/dim17_run_2/1111
                                     exp_id: 1111
                                     exp_name: dim17_run_2
                                     final_database_size: 100
                                     gen_batch_size: 1000
                                     global_rank: 0
                                     is_master: True
                                     is_slurm_job: True
                                     learning_rate: 0.0005
                                     local_rank: 0
                                     master_addr: gpu-6
                                     master_port: -1
                                     max_epochs: 20
                                     max_output_length: 305
                                     max_steps: 1500
                                     multi_gpu: False
                                     multi_node: False
                                     n_embd: 128
                                     n_embd2: 128
                                     n_gpu_per_node: 1
                                     n_head: 8
                                     n_layer: 8
                                     n_nodes: 1
                                     n_tokens: 15
                                     nb_local_searches: 800
                                     nb_threads: 1
                                     node_id: 0
                                     num_initial_empty_objects: 800
                                     num_workers: 8
                                     sample_only: 30000
                                     seed: -1
                                     target_db_size: 100
                                     temperature: 1.0
                                     top_k: -1
                                     type: transformer
                                     weight_decay: 0.01
                                     world_size: 1
INFO - 10/27/25 17:38:40 - 0:00:00 - The experiment will be stored in /home/yuebi/Project/dim17_run/dim17_run_2/1111
                                     
INFO - 10/27/25 17:38:40 - 0:00:00 - Running command: python fc_loop.py --exp_name=dim17_run_2 --dump_path=/home/yuebi/Project/dim17_run --num_initial_empty_objects=800 --final_database_size=100 --target_db_size=100 --nb_local_searches=800 --max_epochs=20 --type=transformer --max-output-length=305 --sample-only=30000 --max-steps=1500 --n_tokens=15 --n-layer=8 --n-embd=128 --n-embd2=128 --exp_id=1111

WARNING - 10/27/25 17:38:40 - 0:00:00 - Signal handler installed.
INFO - 10/27/25 17:38:40 - 0:00:00 - seed: 271417239
INFO - 10/27/25 17:38:40 - 0:00:00 - initializing at generation: 1
INFO - 10/27/25 17:38:40 - 0:00:00 - number of examples in the dataset: 100
INFO - 10/27/25 17:38:40 - 0:00:00 - max word length: 125
INFO - 10/27/25 17:38:40 - 0:00:00 - number of unique characters in the vocabulary: 15
INFO - 10/27/25 17:38:40 - 0:00:00 - vocabulary:
INFO - 10/27/25 17:38:40 - 0:00:00 - ['V0', 'V1', 'V2', 'V3', 'V4', 'V5', 'V6', 'V7', 'V8', 'V9', 'V10', 'V11', 'V12', 'V13', 'V14']
INFO - 10/27/25 17:38:40 - 0:00:00 - split up the dataset into 90 training examples and 10 test examples
INFO - 10/27/25 17:38:40 - 0:00:00 - dataset determined that: vocab_size=16, block_size=306
INFO - 10/27/25 17:38:40 - 0:00:00 - model #params: 1629696
INFO - 10/27/25 17:38:40 - 0:00:00 - resuming from existing model
INFO - 10/27/25 17:38:40 - 0:00:00 - ============ Start of generation 1 ============
INFO - 10/27/25 17:38:40 - 0:00:00 - Memory allocated:  9.08MB, reserved: 20.00MB
INFO - 10/27/25 17:38:40 - 0:00:00 - training
INFO - 10/27/25 17:38:45 - 0:00:05 - step 0 | loss 0.0413 | step time 624.52ms
INFO - 10/27/25 17:39:15 - 0:00:35 - step 100 | loss 0.0385 | step time 295.70ms
INFO - 10/27/25 17:39:44 - 0:01:04 - step 200 | loss 0.0386 | step time 295.69ms
INFO - 10/27/25 17:40:14 - 0:01:34 - step 300 | loss 0.0389 | step time 295.70ms
INFO - 10/27/25 17:40:44 - 0:02:04 - step 400 | loss 0.0378 | step time 295.69ms
INFO - 10/27/25 17:41:13 - 0:02:33 - step 500 | loss 0.0389 | step time 295.73ms
INFO - 10/27/25 17:41:13 - 0:02:33 - step 500 train loss: 0.03897159919142723 test loss: 0.08211780339479446
INFO - 10/27/25 17:41:13 - 0:02:33 - test loss 0.08211780339479446 is the best so far, saving model to /home/yuebi/Project/dim17_run/dim17_run_2/1111/model.pt
INFO - 10/27/25 17:41:43 - 0:03:03 - step 600 | loss 0.0584 | step time 295.75ms
INFO - 10/27/25 17:42:13 - 0:03:33 - step 700 | loss 0.0375 | step time 295.80ms
INFO - 10/27/25 17:42:42 - 0:04:02 - step 800 | loss 0.0379 | step time 295.74ms
INFO - 10/27/25 17:43:12 - 0:04:32 - step 900 | loss 0.0381 | step time 295.75ms
INFO - 10/27/25 17:43:41 - 0:05:01 - step 1000 | loss 0.0382 | step time 295.78ms
INFO - 10/27/25 17:43:42 - 0:05:02 - step 1000 train loss: 0.038520392030477524 test loss: 0.1573980301618576
INFO - 10/27/25 17:44:11 - 0:05:31 - step 1100 | loss 0.0390 | step time 295.86ms
INFO - 10/27/25 17:44:41 - 0:06:01 - step 1200 | loss 0.0372 | step time 295.74ms
INFO - 10/27/25 17:45:10 - 0:06:30 - step 1300 | loss 0.0383 | step time 295.75ms
INFO - 10/27/25 17:45:40 - 0:07:00 - step 1400 | loss 0.0394 | step time 295.79ms
INFO - 10/27/25 17:46:09 - 0:07:29 - Memory allocated:  44.72MB, reserved: 2660.00MB
INFO - 10/27/25 17:46:09 - 0:07:29 - generating
INFO - 10/27/25 20:38:49 - 0:00:00 - ============ Initialized logger ============
INFO - 10/27/25 20:38:49 - 0:00:00 - batch_size: 32
                                     command: python fc_loop.py --exp_name=dim17_run_2 --dump_path=/home/yuebi/Project/dim17_run --num_initial_empty_objects=800 --final_database_size=100 --target_db_size=100 --nb_local_searches=800 --max_epochs=20 --type=transformer --max-output-length=305 --sample-only=30000 --max-steps=1500 --n_tokens=15 --n-layer=8 --n-embd=128 --n-embd2=128 --exp_id=1111 --exp_id "1111"
                                     cpu: False
                                     debug: False
                                     debug_slurm: False
                                     dump_path: /home/yuebi/Project/dim17_run/dim17_run_2/1111
                                     exp_id: 1111
                                     exp_name: dim17_run_2
                                     final_database_size: 100
                                     gen_batch_size: 1000
                                     global_rank: 0
                                     is_master: True
                                     is_slurm_job: True
                                     learning_rate: 0.0005
                                     local_rank: 0
                                     master_addr: gpu-6
                                     master_port: -1
                                     max_epochs: 20
                                     max_output_length: 305
                                     max_steps: 1500
                                     multi_gpu: False
                                     multi_node: False
                                     n_embd: 128
                                     n_embd2: 128
                                     n_gpu_per_node: 1
                                     n_head: 8
                                     n_layer: 8
                                     n_nodes: 1
                                     n_tokens: 15
                                     nb_local_searches: 800
                                     nb_threads: 1
                                     node_id: 0
                                     num_initial_empty_objects: 800
                                     num_workers: 8
                                     sample_only: 30000
                                     seed: -1
                                     target_db_size: 100
                                     temperature: 1.0
                                     top_k: -1
                                     type: transformer
                                     weight_decay: 0.01
                                     world_size: 1
INFO - 10/27/25 20:38:49 - 0:00:00 - The experiment will be stored in /home/yuebi/Project/dim17_run/dim17_run_2/1111
                                     
INFO - 10/27/25 20:38:49 - 0:00:00 - Running command: python fc_loop.py --exp_name=dim17_run_2 --dump_path=/home/yuebi/Project/dim17_run --num_initial_empty_objects=800 --final_database_size=100 --target_db_size=100 --nb_local_searches=800 --max_epochs=20 --type=transformer --max-output-length=305 --sample-only=30000 --max-steps=1500 --n_tokens=15 --n-layer=8 --n-embd=128 --n-embd2=128 --exp_id=1111

WARNING - 10/27/25 20:38:49 - 0:00:00 - Signal handler installed.
INFO - 10/27/25 20:38:49 - 0:00:00 - seed: 586759468
INFO - 10/27/25 20:38:49 - 0:00:00 - initializing at generation: 1
INFO - 10/27/25 20:38:49 - 0:00:00 - number of examples in the dataset: 100
INFO - 10/27/25 20:38:49 - 0:00:00 - max word length: 125
INFO - 10/27/25 20:38:49 - 0:00:00 - number of unique characters in the vocabulary: 15
INFO - 10/27/25 20:38:49 - 0:00:00 - vocabulary:
INFO - 10/27/25 20:38:49 - 0:00:00 - ['V0', 'V1', 'V2', 'V3', 'V4', 'V5', 'V6', 'V7', 'V8', 'V9', 'V10', 'V11', 'V12', 'V13', 'V14']
INFO - 10/27/25 20:38:49 - 0:00:00 - split up the dataset into 90 training examples and 10 test examples
INFO - 10/27/25 20:38:49 - 0:00:00 - dataset determined that: vocab_size=16, block_size=306
INFO - 10/27/25 20:38:49 - 0:00:00 - model #params: 1629696
INFO - 10/27/25 20:38:49 - 0:00:00 - resuming from existing model
INFO - 10/27/25 20:38:49 - 0:00:00 - ============ Start of generation 1 ============
INFO - 10/27/25 20:38:49 - 0:00:00 - Memory allocated:  9.08MB, reserved: 20.00MB
INFO - 10/27/25 20:38:49 - 0:00:00 - training
INFO - 10/27/25 20:38:54 - 0:00:05 - step 0 | loss 0.0471 | step time 635.07ms
INFO - 10/27/25 20:39:24 - 0:00:35 - step 100 | loss 0.0386 | step time 295.86ms
INFO - 10/27/25 20:39:53 - 0:01:04 - step 200 | loss 0.0381 | step time 295.83ms
INFO - 10/27/25 20:40:23 - 0:01:34 - step 300 | loss 0.0375 | step time 295.90ms
INFO - 10/27/25 20:40:52 - 0:02:03 - step 400 | loss 0.0404 | step time 295.82ms
INFO - 10/27/25 20:41:22 - 0:02:33 - step 500 | loss 0.0385 | step time 295.86ms
INFO - 10/27/25 20:41:22 - 0:02:33 - step 500 train loss: 0.03887593001127243 test loss: 0.07837533950805664
INFO - 10/27/25 20:41:22 - 0:02:33 - test loss 0.07837533950805664 is the best so far, saving model to /home/yuebi/Project/dim17_run/dim17_run_2/1111/model.pt
INFO - 10/27/25 20:41:52 - 0:03:03 - step 600 | loss 0.0395 | step time 295.89ms
INFO - 10/27/25 20:42:21 - 0:03:32 - step 700 | loss 0.0378 | step time 295.91ms
INFO - 10/27/25 20:42:51 - 0:04:02 - step 800 | loss 0.0381 | step time 295.87ms
INFO - 10/27/25 20:43:21 - 0:04:32 - step 900 | loss 0.0376 | step time 295.92ms
INFO - 10/27/25 20:43:50 - 0:05:01 - step 1000 | loss 0.0384 | step time 295.88ms
INFO - 10/27/25 20:43:51 - 0:05:01 - step 1000 train loss: 0.03864198923110962 test loss: 0.17494414746761322
INFO - 10/27/25 20:44:20 - 0:05:31 - step 1100 | loss 0.0384 | step time 295.79ms
INFO - 10/27/25 20:44:50 - 0:06:01 - step 1200 | loss 0.0376 | step time 295.89ms
INFO - 10/27/25 20:45:19 - 0:06:30 - step 1300 | loss 0.0386 | step time 295.84ms
INFO - 10/27/25 20:45:49 - 0:07:00 - step 1400 | loss 0.0407 | step time 295.89ms
INFO - 10/27/25 20:46:18 - 0:07:29 - Memory allocated:  44.72MB, reserved: 2660.00MB
INFO - 10/27/25 20:46:18 - 0:07:29 - generating
