INFO - 10/01/25 04:40:43 - 0:00:00 - ============ Initialized logger ============
INFO - 10/01/25 04:40:43 - 0:00:00 - batch_size: 32
                                     command: python fc_loop.py --exp_name=dim11_run_25 --dump_path=/home/yuebi/Project/dim11_run --num_initial_empty_objects=500 --final_database_size=20 --target_db_size=20 --nb_local_searches=800 --max_epochs=25 --type=transformer --max-output-length=131 --sample-only=30000 --max-steps=1000 --n_tokens=15 --n-layer=8 --n-embd=128 --n-embd2=128 --exp_id "7987"
                                     cpu: False
                                     debug: False
                                     debug_slurm: False
                                     dump_path: /home/yuebi/Project/dim11_run/dim11_run_25/7987
                                     exp_id: 7987
                                     exp_name: dim11_run_25
                                     final_database_size: 20
                                     gen_batch_size: 1000
                                     global_rank: 0
                                     is_master: True
                                     is_slurm_job: True
                                     learning_rate: 0.0005
                                     local_rank: 0
                                     master_addr: gpu-6
                                     master_port: -1
                                     max_epochs: 25
                                     max_output_length: 131
                                     max_steps: 1000
                                     multi_gpu: False
                                     multi_node: False
                                     n_embd: 128
                                     n_embd2: 128
                                     n_gpu_per_node: 1
                                     n_head: 8
                                     n_layer: 8
                                     n_nodes: 1
                                     n_tokens: 15
                                     nb_local_searches: 800
                                     nb_threads: 1
                                     node_id: 0
                                     num_initial_empty_objects: 500
                                     num_workers: 8
                                     sample_only: 30000
                                     seed: -1
                                     target_db_size: 20
                                     temperature: 1.0
                                     top_k: -1
                                     type: transformer
                                     weight_decay: 0.01
                                     world_size: 1
INFO - 10/01/25 04:40:43 - 0:00:00 - The experiment will be stored in /home/yuebi/Project/dim11_run/dim11_run_25/7987
                                     
INFO - 10/01/25 04:40:43 - 0:00:00 - Running command: python fc_loop.py --exp_name=dim11_run_25 --dump_path=/home/yuebi/Project/dim11_run --num_initial_empty_objects=500 --final_database_size=20 --target_db_size=20 --nb_local_searches=800 --max_epochs=25 --type=transformer --max-output-length=131 --sample-only=30000 --max-steps=1000 --n_tokens=15 --n-layer=8 --n-embd=128 --n-embd2=128

WARNING - 10/01/25 04:40:43 - 0:00:00 - Signal handler installed.
INFO - 10/01/25 04:40:43 - 0:00:00 - seed: 862450759
INFO - 10/01/25 04:40:43 - 0:00:00 - JULIA_NUM_THREADS is set to 1
INFO - 10/01/25 04:40:49 - 0:00:06 - Created /home/yuebi/Project/dim11_run/dim11_run_25/7987/temp.txt and training tokenizer...
INFO - 10/01/25 04:40:49 - 0:00:06 - Directory '/home/yuebi/Project/dim11_run/dim11_run_25/7987/tokenizer_data' created.
INFO - 10/01/25 04:40:49 - 0:00:06 - File '/home/yuebi/Project/dim11_run/dim11_run_25/7987/temp.txt' has been deleted.
INFO - 10/01/25 04:40:49 - 0:00:06 - 0 / 20
INFO - 10/01/25 04:40:49 - 0:00:06 - initializing at generation: 1
INFO - 10/01/25 04:40:49 - 0:00:06 - number of examples in the dataset: 20
INFO - 10/01/25 04:40:49 - 0:00:06 - max word length: 58
INFO - 10/01/25 04:40:49 - 0:00:06 - number of unique characters in the vocabulary: 15
INFO - 10/01/25 04:40:49 - 0:00:06 - vocabulary:
INFO - 10/01/25 04:40:49 - 0:00:06 - ['V0', 'V1', 'V2', 'V3', 'V4', 'V5', 'V6', 'V7', 'V8', 'V9', 'V10', 'V11', 'V12', 'V13', 'V14']
INFO - 10/01/25 04:40:49 - 0:00:06 - split up the dataset into 18 training examples and 2 test examples
INFO - 10/01/25 04:40:49 - 0:00:06 - dataset determined that: vocab_size=16, block_size=132
INFO - 10/01/25 04:40:49 - 0:00:06 - model #params: 1607424
INFO - 10/01/25 04:40:49 - 0:00:06 - ============ Start of generation 1 ============
INFO - 10/01/25 04:40:49 - 0:00:06 - Memory allocated:  6.67MB, reserved: 8.00MB
INFO - 10/01/25 04:40:49 - 0:00:06 - training
INFO - 10/01/25 04:40:54 - 0:00:11 - step 0 | loss 2.8863 | step time 436.79ms
INFO - 10/01/25 04:41:03 - 0:00:20 - step 100 | loss 0.0661 | step time 92.33ms
INFO - 10/01/25 04:41:13 - 0:00:30 - step 200 | loss 0.0549 | step time 92.37ms
INFO - 10/01/25 04:41:22 - 0:00:39 - step 300 | loss 0.0567 | step time 92.28ms
INFO - 10/01/25 04:41:31 - 0:00:48 - step 400 | loss 0.0546 | step time 92.51ms
INFO - 10/01/25 04:41:40 - 0:00:57 - step 500 | loss 0.0535 | step time 92.30ms
INFO - 10/01/25 04:41:40 - 0:00:57 - step 500 train loss: 0.053574077785015106 test loss: 5.6878252029418945
INFO - 10/01/25 04:41:40 - 0:00:57 - test loss 5.6878252029418945 is the best so far, saving model to /home/yuebi/Project/dim11_run/dim11_run_25/7987/model.pt
INFO - 10/01/25 04:41:50 - 0:01:07 - step 600 | loss 0.0634 | step time 92.49ms
INFO - 10/01/25 04:41:59 - 0:01:16 - step 700 | loss 0.0531 | step time 92.30ms
INFO - 10/01/25 04:42:08 - 0:01:25 - step 800 | loss 0.0525 | step time 92.47ms
INFO - 10/01/25 04:42:17 - 0:01:34 - step 900 | loss 0.0532 | step time 92.57ms
INFO - 10/01/25 04:42:27 - 0:01:43 - Memory allocated:  41.64MB, reserved: 742.00MB
INFO - 10/01/25 04:42:27 - 0:01:43 - generating
INFO - 10/01/25 05:02:21 - 0:21:38 - distribution of sample lengths: average: 172.61503333333334 max: 301
INFO - 10/01/25 05:02:21 - 0:21:38 - printed 30000 samples
INFO - 10/01/25 05:02:21 - 0:21:38 - decoding
INFO - 10/01/25 05:02:21 - 0:21:38 - Decoding complete. Check the output in /home/yuebi/Project/dim11_run/dim11_run_25/7987/transformer-output-decoded.txt
INFO - 10/01/25 05:02:21 - 0:21:38 - Memory allocated:  41.64MB, reserved: 1854.00MB
INFO - 10/01/25 05:02:21 - 0:21:38 - ============ End of generation 1 ============
INFO - 10/01/25 05:02:21 - 0:21:38 - launching search.jl
INFO - 10/01/25 05:02:21 - 0:21:38 - JULIA_NUM_THREADS is set to 1
INFO - 10/01/25 05:03:37 - 0:22:54 - distribution of scores(all rounds)
INFO - 10/01/25 05:03:37 - 0:22:54 - Score:945.0, Count:1
                                     
INFO - 10/01/25 05:03:37 - 0:22:54 - Score:819.0, Count:1
                                     
INFO - 10/01/25 05:03:37 - 0:22:54 - Score:801.0, Count:1
                                     
INFO - 10/01/25 05:03:37 - 0:22:54 - Score:800.0, Count:1
                                     
INFO - 10/01/25 05:03:37 - 0:22:54 - Score:795.0, Count:1
                                     
INFO - 10/01/25 05:03:37 - 0:22:54 - Score:793.0, Count:2
                                     
INFO - 10/01/25 05:03:37 - 0:22:54 - Score:789.0, Count:1
                                     
INFO - 10/01/25 05:03:37 - 0:22:54 - Score:784.0, Count:3
                                     
INFO - 10/01/25 05:03:37 - 0:22:54 - Score:780.0, Count:1
                                     
INFO - 10/01/25 05:03:37 - 0:22:54 - Score:772.0, Count:2
                                     
INFO - 10/01/25 05:03:37 - 0:22:54 - Score:769.0, Count:1
                                     
INFO - 10/01/25 05:03:37 - 0:22:54 - Score:768.0, Count:5
                                     
INFO - 10/01/25 05:03:37 - 0:22:54 - tokenizing
INFO - 10/01/25 05:03:37 - 0:22:54 - Loading tokenizer from /home/yuebi/Project/dim11_run/dim11_run_25/7987/tokenizer_data/tokenizer.json...
INFO - 10/01/25 05:03:37 - 0:22:54 - 0 / 20
INFO - 10/01/25 05:03:37 - 0:22:54 - number of examples in the dataset: 20
INFO - 10/01/25 05:03:37 - 0:22:54 - max word length: 58
INFO - 10/01/25 05:03:37 - 0:22:54 - number of unique characters in the vocabulary: 15
INFO - 10/01/25 05:03:37 - 0:22:54 - vocabulary:
INFO - 10/01/25 05:03:37 - 0:22:54 - ['V0', 'V1', 'V2', 'V3', 'V4', 'V5', 'V6', 'V7', 'V8', 'V9', 'V10', 'V11', 'V12', 'V13', 'V14']
INFO - 10/01/25 05:03:37 - 0:22:54 - split up the dataset into 18 training examples and 2 test examples
INFO - 10/01/25 05:03:38 - 0:22:54 - checkpoint saved at generation 1 to /home/yuebi/Project/dim11_run/dim11_run_25/7987/checkpoint.pt
INFO - 10/01/25 05:03:38 - 0:22:54 - ============ Start of generation 2 ============
INFO - 10/01/25 05:03:38 - 0:22:54 - Memory allocated:  41.64MB, reserved: 1854.00MB
INFO - 10/01/25 05:03:38 - 0:22:54 - training
INFO - 10/01/25 05:03:38 - 0:22:55 - step 0 | loss 6.0064 | step time 98.61ms
INFO - 10/01/25 05:03:47 - 0:23:04 - step 100 | loss 0.0646 | step time 92.51ms
INFO - 10/01/25 05:03:56 - 0:23:13 - step 200 | loss 0.0575 | step time 92.70ms
INFO - 10/01/25 05:04:06 - 0:23:22 - step 300 | loss 0.0536 | step time 92.31ms
INFO - 10/01/25 05:04:15 - 0:23:32 - step 400 | loss 0.0526 | step time 92.40ms
INFO - 10/01/25 05:04:24 - 0:23:41 - step 500 | loss 0.0542 | step time 92.45ms
INFO - 10/01/25 05:04:24 - 0:23:41 - step 500 train loss: 0.053048085421323776 test loss: 5.270614147186279
INFO - 10/01/25 05:04:24 - 0:23:41 - test loss 5.270614147186279 is the best so far, saving model to /home/yuebi/Project/dim11_run/dim11_run_25/7987/model.pt
INFO - 10/01/25 05:04:33 - 0:23:50 - step 600 | loss 0.0514 | step time 92.37ms
INFO - 10/01/25 05:04:43 - 0:24:00 - step 700 | loss 0.0536 | step time 92.35ms
INFO - 10/01/25 05:04:52 - 0:24:09 - step 800 | loss 0.0540 | step time 92.64ms
INFO - 10/01/25 05:05:01 - 0:24:18 - step 900 | loss 0.0802 | step time 92.35ms
INFO - 10/01/25 05:05:10 - 0:24:27 - Memory allocated:  41.64MB, reserved: 1854.00MB
INFO - 10/01/25 05:05:10 - 0:24:27 - generating
INFO - 10/01/25 05:25:04 - 0:44:21 - distribution of sample lengths: average: 174.03803333333335 max: 400
INFO - 10/01/25 05:25:04 - 0:44:21 - printed 30000 samples
INFO - 10/01/25 05:25:04 - 0:44:21 - decoding
INFO - 10/01/25 05:25:04 - 0:44:21 - Decoding complete. Check the output in /home/yuebi/Project/dim11_run/dim11_run_25/7987/transformer-output-decoded.txt
INFO - 10/01/25 05:25:04 - 0:44:21 - Memory allocated:  41.64MB, reserved: 1854.00MB
INFO - 10/01/25 05:25:04 - 0:44:21 - ============ End of generation 2 ============
INFO - 10/01/25 05:25:04 - 0:44:21 - launching search.jl
INFO - 10/01/25 05:25:04 - 0:44:21 - JULIA_NUM_THREADS is set to 1
INFO - 10/01/25 05:26:19 - 0:45:36 - distribution of scores(all rounds)
INFO - 10/01/25 05:26:19 - 0:45:36 - Score:945.0, Count:1
                                     
INFO - 10/01/25 05:26:19 - 0:45:36 - Score:819.0, Count:1
                                     
INFO - 10/01/25 05:26:19 - 0:45:36 - Score:801.0, Count:4
                                     
INFO - 10/01/25 05:26:19 - 0:45:36 - Score:800.0, Count:1
                                     
INFO - 10/01/25 05:26:19 - 0:45:36 - Score:798.0, Count:1
                                     
INFO - 10/01/25 05:26:19 - 0:45:36 - Score:795.0, Count:2
                                     
INFO - 10/01/25 05:26:19 - 0:45:36 - Score:793.0, Count:2
                                     
INFO - 10/01/25 05:26:19 - 0:45:36 - Score:789.0, Count:2
                                     
INFO - 10/01/25 05:26:19 - 0:45:36 - Score:784.0, Count:3
                                     
INFO - 10/01/25 05:26:19 - 0:45:36 - Score:780.0, Count:1
                                     
INFO - 10/01/25 05:26:19 - 0:45:36 - Score:779.0, Count:1
                                     
INFO - 10/01/25 05:26:19 - 0:45:36 - Score:776.0, Count:1
                                     
INFO - 10/01/25 05:26:19 - 0:45:36 - tokenizing
INFO - 10/01/25 05:26:19 - 0:45:36 - Loading tokenizer from /home/yuebi/Project/dim11_run/dim11_run_25/7987/tokenizer_data/tokenizer.json...
INFO - 10/01/25 05:26:19 - 0:45:36 - 0 / 20
INFO - 10/01/25 05:26:19 - 0:45:36 - number of examples in the dataset: 20
INFO - 10/01/25 05:26:19 - 0:45:36 - max word length: 58
INFO - 10/01/25 05:26:19 - 0:45:36 - number of unique characters in the vocabulary: 15
INFO - 10/01/25 05:26:19 - 0:45:36 - vocabulary:
INFO - 10/01/25 05:26:19 - 0:45:36 - ['V0', 'V1', 'V2', 'V3', 'V4', 'V5', 'V6', 'V7', 'V8', 'V9', 'V10', 'V11', 'V12', 'V13', 'V14']
INFO - 10/01/25 05:26:19 - 0:45:36 - split up the dataset into 18 training examples and 2 test examples
INFO - 10/01/25 05:26:19 - 0:45:36 - checkpoint saved at generation 2 to /home/yuebi/Project/dim11_run/dim11_run_25/7987/checkpoint.pt
INFO - 10/01/25 05:26:19 - 0:45:36 - ============ Start of generation 3 ============
INFO - 10/01/25 05:26:19 - 0:45:36 - Memory allocated:  41.64MB, reserved: 1854.00MB
INFO - 10/01/25 05:26:19 - 0:45:36 - training
INFO - 10/01/25 05:26:20 - 0:45:37 - step 0 | loss 6.1970 | step time 100.00ms
INFO - 10/01/25 05:26:29 - 0:45:46 - step 100 | loss 0.0612 | step time 92.65ms
INFO - 10/01/25 05:26:38 - 0:45:55 - step 200 | loss 0.0534 | step time 92.36ms
INFO - 10/01/25 05:26:47 - 0:46:04 - step 300 | loss 0.0548 | step time 92.40ms
INFO - 10/01/25 05:26:57 - 0:46:14 - step 400 | loss 0.0553 | step time 92.48ms
INFO - 10/01/25 05:27:06 - 0:46:23 - step 500 | loss 0.0537 | step time 92.49ms
INFO - 10/01/25 05:27:06 - 0:46:23 - step 500 train loss: 0.05405312031507492 test loss: 6.249659061431885
INFO - 10/01/25 05:27:06 - 0:46:23 - test loss 6.249659061431885 is the best so far, saving model to /home/yuebi/Project/dim11_run/dim11_run_25/7987/model.pt
INFO - 10/01/25 05:27:15 - 0:46:32 - step 600 | loss 0.0540 | step time 92.50ms
INFO - 10/01/25 05:27:25 - 0:46:41 - step 700 | loss 0.0543 | step time 92.48ms
INFO - 10/01/25 05:27:34 - 0:46:51 - step 800 | loss 0.0538 | step time 92.39ms
INFO - 10/01/25 05:27:43 - 0:47:00 - step 900 | loss 0.0557 | step time 92.47ms
INFO - 10/01/25 05:27:52 - 0:47:09 - Memory allocated:  41.64MB, reserved: 1854.00MB
INFO - 10/01/25 05:27:52 - 0:47:09 - generating
INFO - 10/01/25 05:47:46 - 1:07:03 - distribution of sample lengths: average: 172.43333333333334 max: 184
INFO - 10/01/25 05:47:46 - 1:07:03 - printed 30000 samples
INFO - 10/01/25 05:47:46 - 1:07:03 - decoding
INFO - 10/01/25 05:47:46 - 1:07:03 - Decoding complete. Check the output in /home/yuebi/Project/dim11_run/dim11_run_25/7987/transformer-output-decoded.txt
INFO - 10/01/25 05:47:46 - 1:07:03 - Memory allocated:  41.64MB, reserved: 1854.00MB
INFO - 10/01/25 05:47:46 - 1:07:03 - ============ End of generation 3 ============
INFO - 10/01/25 05:47:46 - 1:07:03 - launching search.jl
INFO - 10/01/25 05:47:46 - 1:07:03 - JULIA_NUM_THREADS is set to 1
INFO - 10/01/25 05:49:03 - 1:08:20 - distribution of scores(all rounds)
INFO - 10/01/25 05:49:03 - 1:08:20 - Score:945.0, Count:1
                                     
INFO - 10/01/25 05:49:03 - 1:08:20 - Score:896.0, Count:1
                                     
INFO - 10/01/25 05:49:03 - 1:08:20 - Score:819.0, Count:1
                                     
INFO - 10/01/25 05:49:03 - 1:08:20 - Score:801.0, Count:4
                                     
INFO - 10/01/25 05:49:03 - 1:08:20 - Score:800.0, Count:1
                                     
INFO - 10/01/25 05:49:03 - 1:08:20 - Score:798.0, Count:1
                                     
INFO - 10/01/25 05:49:03 - 1:08:20 - Score:795.0, Count:2
                                     
INFO - 10/01/25 05:49:03 - 1:08:20 - Score:793.0, Count:2
                                     
INFO - 10/01/25 05:49:03 - 1:08:20 - Score:789.0, Count:2
                                     
INFO - 10/01/25 05:49:03 - 1:08:20 - Score:784.0, Count:4
                                     
INFO - 10/01/25 05:49:03 - 1:08:20 - Score:780.0, Count:1
                                     
INFO - 10/01/25 05:49:03 - 1:08:20 - Score:779.0, Count:0
                                     
INFO - 10/01/25 05:49:03 - 1:08:20 - tokenizing
INFO - 10/01/25 05:49:03 - 1:08:20 - Loading tokenizer from /home/yuebi/Project/dim11_run/dim11_run_25/7987/tokenizer_data/tokenizer.json...
INFO - 10/01/25 05:49:03 - 1:08:20 - 0 / 20
INFO - 10/01/25 05:49:03 - 1:08:20 - number of examples in the dataset: 20
INFO - 10/01/25 05:49:03 - 1:08:20 - max word length: 58
INFO - 10/01/25 05:49:03 - 1:08:20 - number of unique characters in the vocabulary: 15
INFO - 10/01/25 05:49:03 - 1:08:20 - vocabulary:
INFO - 10/01/25 05:49:03 - 1:08:20 - ['V0', 'V1', 'V2', 'V3', 'V4', 'V5', 'V6', 'V7', 'V8', 'V9', 'V10', 'V11', 'V12', 'V13', 'V14']
INFO - 10/01/25 05:49:03 - 1:08:20 - split up the dataset into 18 training examples and 2 test examples
INFO - 10/01/25 05:49:03 - 1:08:20 - checkpoint saved at generation 3 to /home/yuebi/Project/dim11_run/dim11_run_25/7987/checkpoint.pt
INFO - 10/01/25 05:49:03 - 1:08:20 - ============ Start of generation 4 ============
INFO - 10/01/25 05:49:03 - 1:08:20 - Memory allocated:  41.64MB, reserved: 1854.00MB
INFO - 10/01/25 05:49:03 - 1:08:20 - training
INFO - 10/01/25 05:49:04 - 1:08:21 - step 0 | loss 6.4746 | step time 99.91ms
INFO - 10/01/25 05:49:13 - 1:08:30 - step 100 | loss 0.0735 | step time 92.75ms
INFO - 10/01/25 05:49:22 - 1:08:39 - step 200 | loss 0.0571 | step time 92.47ms
INFO - 10/01/25 05:49:31 - 1:08:48 - step 300 | loss 0.0519 | step time 92.44ms
INFO - 10/01/25 05:49:41 - 1:08:58 - step 400 | loss 0.0517 | step time 92.46ms
INFO - 10/01/25 05:49:50 - 1:09:07 - step 500 | loss 0.0527 | step time 92.47ms
INFO - 10/01/25 05:49:50 - 1:09:07 - step 500 train loss: 0.05247205123305321 test loss: 6.477799892425537
INFO - 10/01/25 05:49:50 - 1:09:07 - test loss 6.477799892425537 is the best so far, saving model to /home/yuebi/Project/dim11_run/dim11_run_25/7987/model.pt
INFO - 10/01/25 05:49:59 - 1:09:16 - step 600 | loss 0.0545 | step time 92.46ms
INFO - 10/01/25 05:50:09 - 1:09:25 - step 700 | loss 0.0522 | step time 92.45ms
INFO - 10/01/25 05:50:18 - 1:09:35 - step 800 | loss 0.0535 | step time 92.47ms
INFO - 10/01/25 05:50:27 - 1:09:44 - step 900 | loss 0.0523 | step time 92.48ms
INFO - 10/01/25 05:50:36 - 1:09:53 - Memory allocated:  41.64MB, reserved: 1854.00MB
INFO - 10/01/25 05:50:36 - 1:09:53 - generating
INFO - 10/01/25 06:10:30 - 1:29:47 - distribution of sample lengths: average: 172.0348 max: 183
INFO - 10/01/25 06:10:30 - 1:29:47 - printed 30000 samples
INFO - 10/01/25 06:10:30 - 1:29:47 - decoding
INFO - 10/01/25 06:10:30 - 1:29:47 - Decoding complete. Check the output in /home/yuebi/Project/dim11_run/dim11_run_25/7987/transformer-output-decoded.txt
INFO - 10/01/25 06:10:30 - 1:29:47 - Memory allocated:  41.64MB, reserved: 1854.00MB
INFO - 10/01/25 06:10:30 - 1:29:47 - ============ End of generation 4 ============
INFO - 10/01/25 06:10:30 - 1:29:47 - launching search.jl
INFO - 10/01/25 06:10:30 - 1:29:47 - JULIA_NUM_THREADS is set to 1
INFO - 10/01/25 06:11:49 - 1:31:06 - distribution of scores(all rounds)
INFO - 10/01/25 06:11:49 - 1:31:06 - Score:945.0, Count:1
                                     
INFO - 10/01/25 06:11:49 - 1:31:06 - Score:896.0, Count:1
                                     
INFO - 10/01/25 06:11:49 - 1:31:06 - Score:882.0, Count:1
                                     
INFO - 10/01/25 06:11:49 - 1:31:06 - Score:840.0, Count:1
                                     
INFO - 10/01/25 06:11:49 - 1:31:06 - Score:819.0, Count:2
                                     
INFO - 10/01/25 06:11:49 - 1:31:06 - Score:801.0, Count:4
                                     
INFO - 10/01/25 06:11:49 - 1:31:06 - Score:800.0, Count:1
                                     
INFO - 10/01/25 06:11:49 - 1:31:06 - Score:798.0, Count:1
                                     
INFO - 10/01/25 06:11:49 - 1:31:06 - Score:795.0, Count:3
                                     
INFO - 10/01/25 06:11:49 - 1:31:06 - Score:793.0, Count:2
                                     
INFO - 10/01/25 06:11:49 - 1:31:06 - Score:792.0, Count:1
                                     
INFO - 10/01/25 06:11:49 - 1:31:06 - Score:789.0, Count:2
                                     
INFO - 10/01/25 06:11:49 - 1:31:06 - tokenizing
INFO - 10/01/25 06:11:49 - 1:31:06 - Loading tokenizer from /home/yuebi/Project/dim11_run/dim11_run_25/7987/tokenizer_data/tokenizer.json...
INFO - 10/01/25 06:11:49 - 1:31:06 - 0 / 20
INFO - 10/01/25 06:11:49 - 1:31:06 - number of examples in the dataset: 20
INFO - 10/01/25 06:11:49 - 1:31:06 - max word length: 59
INFO - 10/01/25 06:11:49 - 1:31:06 - number of unique characters in the vocabulary: 15
INFO - 10/01/25 06:11:49 - 1:31:06 - vocabulary:
INFO - 10/01/25 06:11:49 - 1:31:06 - ['V0', 'V1', 'V2', 'V3', 'V4', 'V5', 'V6', 'V7', 'V8', 'V9', 'V10', 'V11', 'V12', 'V13', 'V14']
INFO - 10/01/25 06:11:49 - 1:31:06 - split up the dataset into 18 training examples and 2 test examples
INFO - 10/01/25 06:11:49 - 1:31:06 - checkpoint saved at generation 4 to /home/yuebi/Project/dim11_run/dim11_run_25/7987/checkpoint.pt
INFO - 10/01/25 06:11:49 - 1:31:06 - ============ Start of generation 5 ============
INFO - 10/01/25 06:11:49 - 1:31:06 - Memory allocated:  41.64MB, reserved: 1854.00MB
INFO - 10/01/25 06:11:49 - 1:31:06 - training
INFO - 10/01/25 06:11:49 - 1:31:06 - step 0 | loss 6.4861 | step time 99.01ms
INFO - 10/01/25 06:11:58 - 1:31:15 - step 100 | loss 0.0750 | step time 92.47ms
INFO - 10/01/25 06:12:08 - 1:31:25 - step 200 | loss 0.0548 | step time 92.43ms
INFO - 10/01/25 06:12:17 - 1:31:34 - step 300 | loss 0.0522 | step time 92.67ms
INFO - 10/01/25 06:12:26 - 1:31:43 - step 400 | loss 0.0518 | step time 92.40ms
INFO - 10/01/25 06:12:35 - 1:31:52 - step 500 | loss 0.0570 | step time 92.47ms
INFO - 10/01/25 06:12:35 - 1:31:52 - step 500 train loss: 0.05306302383542061 test loss: 6.665085792541504
INFO - 10/01/25 06:12:35 - 1:31:52 - test loss 6.665085792541504 is the best so far, saving model to /home/yuebi/Project/dim11_run/dim11_run_25/7987/model.pt
INFO - 10/01/25 06:12:45 - 1:32:02 - step 600 | loss 0.0525 | step time 92.48ms
INFO - 10/01/25 06:12:54 - 1:32:11 - step 700 | loss 0.0514 | step time 92.82ms
INFO - 10/01/25 06:13:03 - 1:32:20 - step 800 | loss 0.0528 | step time 92.43ms
INFO - 10/01/25 06:13:12 - 1:32:29 - step 900 | loss 0.0532 | step time 92.58ms
INFO - 10/01/25 06:13:22 - 1:32:39 - Memory allocated:  41.64MB, reserved: 1854.00MB
INFO - 10/01/25 06:13:22 - 1:32:39 - generating
INFO - 10/01/25 06:33:16 - 1:52:33 - distribution of sample lengths: average: 173.799 max: 185
INFO - 10/01/25 06:33:16 - 1:52:33 - printed 30000 samples
INFO - 10/01/25 06:33:16 - 1:52:33 - decoding
INFO - 10/01/25 06:33:16 - 1:52:33 - Decoding complete. Check the output in /home/yuebi/Project/dim11_run/dim11_run_25/7987/transformer-output-decoded.txt
INFO - 10/01/25 06:33:16 - 1:52:33 - Memory allocated:  41.64MB, reserved: 1854.00MB
INFO - 10/01/25 06:33:16 - 1:52:33 - ============ End of generation 5 ============
INFO - 10/01/25 06:33:16 - 1:52:33 - launching search.jl
INFO - 10/01/25 06:33:16 - 1:52:33 - JULIA_NUM_THREADS is set to 1
INFO - 10/01/25 06:34:32 - 1:53:49 - distribution of scores(all rounds)
INFO - 10/01/25 06:34:32 - 1:53:49 - Score:945.0, Count:1
                                     
INFO - 10/01/25 06:34:32 - 1:53:49 - Score:896.0, Count:1
                                     
INFO - 10/01/25 06:34:32 - 1:53:49 - Score:882.0, Count:1
                                     
INFO - 10/01/25 06:34:32 - 1:53:49 - Score:840.0, Count:1
                                     
INFO - 10/01/25 06:34:32 - 1:53:49 - Score:837.0, Count:1
                                     
INFO - 10/01/25 06:34:32 - 1:53:49 - Score:825.0, Count:1
                                     
INFO - 10/01/25 06:34:32 - 1:53:49 - Score:819.0, Count:3
                                     
INFO - 10/01/25 06:34:32 - 1:53:49 - Score:801.0, Count:5
                                     
INFO - 10/01/25 06:34:32 - 1:53:49 - Score:800.0, Count:1
                                     
INFO - 10/01/25 06:34:32 - 1:53:49 - Score:798.0, Count:2
                                     
INFO - 10/01/25 06:34:32 - 1:53:49 - Score:795.0, Count:3
                                     
INFO - 10/01/25 06:34:32 - 1:53:49 - Score:793.0, Count:0
                                     
INFO - 10/01/25 06:34:32 - 1:53:49 - tokenizing
INFO - 10/01/25 06:34:32 - 1:53:49 - Loading tokenizer from /home/yuebi/Project/dim11_run/dim11_run_25/7987/tokenizer_data/tokenizer.json...
INFO - 10/01/25 06:34:32 - 1:53:49 - 0 / 20
INFO - 10/01/25 06:34:32 - 1:53:49 - number of examples in the dataset: 20
INFO - 10/01/25 06:34:32 - 1:53:49 - max word length: 59
INFO - 10/01/25 06:34:32 - 1:53:49 - number of unique characters in the vocabulary: 15
INFO - 10/01/25 06:34:32 - 1:53:49 - vocabulary:
INFO - 10/01/25 06:34:32 - 1:53:49 - ['V0', 'V1', 'V2', 'V3', 'V4', 'V5', 'V6', 'V7', 'V8', 'V9', 'V10', 'V11', 'V12', 'V13', 'V14']
INFO - 10/01/25 06:34:32 - 1:53:49 - split up the dataset into 18 training examples and 2 test examples
INFO - 10/01/25 06:34:32 - 1:53:49 - checkpoint saved at generation 5 to /home/yuebi/Project/dim11_run/dim11_run_25/7987/checkpoint.pt
INFO - 10/01/25 06:34:32 - 1:53:49 - ============ Start of generation 6 ============
INFO - 10/01/25 06:34:32 - 1:53:49 - Memory allocated:  41.64MB, reserved: 1854.00MB
INFO - 10/01/25 06:34:32 - 1:53:49 - training
INFO - 10/01/25 06:34:33 - 1:53:50 - step 0 | loss 6.4001 | step time 98.82ms
INFO - 10/01/25 06:34:42 - 1:53:59 - step 100 | loss 0.0645 | step time 92.47ms
INFO - 10/01/25 06:34:51 - 1:54:08 - step 200 | loss 0.0571 | step time 92.44ms
INFO - 10/01/25 06:35:00 - 1:54:17 - step 300 | loss 0.0526 | step time 92.39ms
INFO - 10/01/25 06:35:10 - 1:54:27 - step 400 | loss 0.0517 | step time 92.51ms
INFO - 10/01/25 06:35:19 - 1:54:36 - step 500 | loss 0.0543 | step time 92.39ms
INFO - 10/01/25 06:35:19 - 1:54:36 - step 500 train loss: 0.052209340035915375 test loss: 6.069845676422119
INFO - 10/01/25 06:35:19 - 1:54:36 - test loss 6.069845676422119 is the best so far, saving model to /home/yuebi/Project/dim11_run/dim11_run_25/7987/model.pt
INFO - 10/01/25 06:35:28 - 1:54:45 - step 600 | loss 0.0536 | step time 92.52ms
INFO - 10/01/25 06:35:37 - 1:54:54 - step 700 | loss 0.0533 | step time 92.41ms
INFO - 10/01/25 06:35:47 - 1:55:04 - step 800 | loss 0.0512 | step time 92.90ms
INFO - 10/01/25 06:35:56 - 1:55:13 - step 900 | loss 0.0504 | step time 92.44ms
INFO - 10/01/25 06:36:05 - 1:55:22 - Memory allocated:  41.64MB, reserved: 1854.00MB
INFO - 10/01/25 06:36:05 - 1:55:22 - generating
INFO - 10/01/25 06:55:59 - 2:15:16 - distribution of sample lengths: average: 174.2075 max: 410
INFO - 10/01/25 06:55:59 - 2:15:16 - printed 30000 samples
INFO - 10/01/25 06:55:59 - 2:15:16 - decoding
INFO - 10/01/25 06:56:00 - 2:15:17 - Decoding complete. Check the output in /home/yuebi/Project/dim11_run/dim11_run_25/7987/transformer-output-decoded.txt
INFO - 10/01/25 06:56:00 - 2:15:17 - Memory allocated:  41.64MB, reserved: 1854.00MB
INFO - 10/01/25 06:56:00 - 2:15:17 - ============ End of generation 6 ============
INFO - 10/01/25 06:56:00 - 2:15:17 - launching search.jl
INFO - 10/01/25 06:56:00 - 2:15:17 - JULIA_NUM_THREADS is set to 1
INFO - 10/01/25 06:57:19 - 2:16:36 - distribution of scores(all rounds)
INFO - 10/01/25 06:57:19 - 2:16:36 - Score:945.0, Count:1
                                     
INFO - 10/01/25 06:57:19 - 2:16:36 - Score:896.0, Count:1
                                     
INFO - 10/01/25 06:57:19 - 2:16:36 - Score:882.0, Count:1
                                     
INFO - 10/01/25 06:57:19 - 2:16:36 - Score:840.0, Count:1
                                     
INFO - 10/01/25 06:57:19 - 2:16:36 - Score:837.0, Count:1
                                     
INFO - 10/01/25 06:57:19 - 2:16:36 - Score:825.0, Count:1
                                     
INFO - 10/01/25 06:57:19 - 2:16:36 - Score:819.0, Count:3
                                     
INFO - 10/01/25 06:57:19 - 2:16:36 - Score:801.0, Count:5
                                     
INFO - 10/01/25 06:57:19 - 2:16:36 - Score:800.0, Count:1
                                     
INFO - 10/01/25 06:57:19 - 2:16:36 - Score:798.0, Count:3
                                     
INFO - 10/01/25 06:57:19 - 2:16:36 - Score:795.0, Count:2
                                     
INFO - 10/01/25 06:57:19 - 2:16:36 - tokenizing
INFO - 10/01/25 06:57:19 - 2:16:36 - Loading tokenizer from /home/yuebi/Project/dim11_run/dim11_run_25/7987/tokenizer_data/tokenizer.json...
INFO - 10/01/25 06:57:19 - 2:16:36 - 0 / 20
INFO - 10/01/25 06:57:19 - 2:16:36 - number of examples in the dataset: 20
INFO - 10/01/25 06:57:19 - 2:16:36 - max word length: 58
INFO - 10/01/25 06:57:19 - 2:16:36 - number of unique characters in the vocabulary: 15
INFO - 10/01/25 06:57:19 - 2:16:36 - vocabulary:
INFO - 10/01/25 06:57:19 - 2:16:36 - ['V0', 'V1', 'V2', 'V3', 'V4', 'V5', 'V6', 'V7', 'V8', 'V9', 'V10', 'V11', 'V12', 'V13', 'V14']
INFO - 10/01/25 06:57:19 - 2:16:36 - split up the dataset into 18 training examples and 2 test examples
INFO - 10/01/25 06:57:19 - 2:16:36 - checkpoint saved at generation 6 to /home/yuebi/Project/dim11_run/dim11_run_25/7987/checkpoint.pt
INFO - 10/01/25 06:57:19 - 2:16:36 - ============ Start of generation 7 ============
INFO - 10/01/25 06:57:19 - 2:16:36 - Memory allocated:  41.64MB, reserved: 1854.00MB
INFO - 10/01/25 06:57:19 - 2:16:36 - training
INFO - 10/01/25 06:57:19 - 2:16:36 - step 0 | loss 6.6285 | step time 99.64ms
INFO - 10/01/25 06:57:28 - 2:16:45 - step 100 | loss 0.0687 | step time 92.41ms
INFO - 10/01/25 06:57:38 - 2:16:55 - step 200 | loss 0.0562 | step time 92.55ms
INFO - 10/01/25 06:57:47 - 2:17:04 - step 300 | loss 0.0515 | step time 92.38ms
INFO - 10/01/25 06:57:56 - 2:17:13 - step 400 | loss 0.0538 | step time 92.49ms
INFO - 10/01/25 06:58:05 - 2:17:22 - step 500 | loss 0.0544 | step time 92.48ms
INFO - 10/01/25 06:58:05 - 2:17:22 - step 500 train loss: 0.05320626497268677 test loss: 5.742189884185791
INFO - 10/01/25 06:58:05 - 2:17:22 - test loss 5.742189884185791 is the best so far, saving model to /home/yuebi/Project/dim11_run/dim11_run_25/7987/model.pt
INFO - 10/01/25 06:58:15 - 2:17:32 - step 600 | loss 0.0538 | step time 92.43ms
INFO - 10/01/25 06:58:24 - 2:17:41 - step 700 | loss 0.0533 | step time 92.45ms
INFO - 10/01/25 06:58:33 - 2:17:50 - step 800 | loss 0.0537 | step time 92.61ms
INFO - 10/01/25 06:58:42 - 2:17:59 - step 900 | loss 0.0529 | step time 92.40ms
INFO - 10/01/25 06:58:51 - 2:18:08 - Memory allocated:  41.64MB, reserved: 1854.00MB
INFO - 10/01/25 06:58:51 - 2:18:08 - generating
INFO - 10/01/25 07:18:46 - 2:38:02 - distribution of sample lengths: average: 173.54056666666668 max: 413
INFO - 10/01/25 07:18:46 - 2:38:02 - printed 30000 samples
INFO - 10/01/25 07:18:46 - 2:38:02 - decoding
INFO - 10/01/25 07:18:46 - 2:38:03 - Decoding complete. Check the output in /home/yuebi/Project/dim11_run/dim11_run_25/7987/transformer-output-decoded.txt
INFO - 10/01/25 07:18:46 - 2:38:03 - Memory allocated:  41.64MB, reserved: 1854.00MB
INFO - 10/01/25 07:18:46 - 2:38:03 - ============ End of generation 7 ============
INFO - 10/01/25 07:18:46 - 2:38:03 - launching search.jl
INFO - 10/01/25 07:18:46 - 2:38:03 - JULIA_NUM_THREADS is set to 1
INFO - 10/01/25 07:20:03 - 2:39:20 - distribution of scores(all rounds)
INFO - 10/01/25 07:20:03 - 2:39:20 - Score:945.0, Count:1
                                     
INFO - 10/01/25 07:20:03 - 2:39:20 - Score:896.0, Count:1
                                     
INFO - 10/01/25 07:20:03 - 2:39:20 - Score:891.0, Count:1
                                     
INFO - 10/01/25 07:20:03 - 2:39:20 - Score:882.0, Count:1
                                     
INFO - 10/01/25 07:20:03 - 2:39:20 - Score:840.0, Count:1
                                     
INFO - 10/01/25 07:20:03 - 2:39:20 - Score:837.0, Count:1
                                     
INFO - 10/01/25 07:20:03 - 2:39:20 - Score:833.0, Count:1
                                     
INFO - 10/01/25 07:20:03 - 2:39:20 - Score:825.0, Count:1
                                     
INFO - 10/01/25 07:20:03 - 2:39:20 - Score:819.0, Count:3
                                     
INFO - 10/01/25 07:20:03 - 2:39:20 - Score:805.0, Count:1
                                     
INFO - 10/01/25 07:20:03 - 2:39:20 - Score:801.0, Count:6
                                     
INFO - 10/01/25 07:20:03 - 2:39:20 - Score:800.0, Count:1
                                     
INFO - 10/01/25 07:20:03 - 2:39:20 - Score:798.0, Count:1
                                     
INFO - 10/01/25 07:20:03 - 2:39:20 - tokenizing
INFO - 10/01/25 07:20:03 - 2:39:20 - Loading tokenizer from /home/yuebi/Project/dim11_run/dim11_run_25/7987/tokenizer_data/tokenizer.json...
INFO - 10/01/25 07:20:03 - 2:39:20 - 0 / 20
INFO - 10/01/25 07:20:03 - 2:39:20 - number of examples in the dataset: 20
INFO - 10/01/25 07:20:03 - 2:39:20 - max word length: 59
INFO - 10/01/25 07:20:03 - 2:39:20 - number of unique characters in the vocabulary: 15
INFO - 10/01/25 07:20:03 - 2:39:20 - vocabulary:
INFO - 10/01/25 07:20:03 - 2:39:20 - ['V0', 'V1', 'V2', 'V3', 'V4', 'V5', 'V6', 'V7', 'V8', 'V9', 'V10', 'V11', 'V12', 'V13', 'V14']
INFO - 10/01/25 07:20:03 - 2:39:20 - split up the dataset into 18 training examples and 2 test examples
INFO - 10/01/25 07:20:04 - 2:39:20 - checkpoint saved at generation 7 to /home/yuebi/Project/dim11_run/dim11_run_25/7987/checkpoint.pt
INFO - 10/01/25 07:20:04 - 2:39:20 - ============ Start of generation 8 ============
INFO - 10/01/25 07:20:04 - 2:39:20 - Memory allocated:  41.64MB, reserved: 1854.00MB
INFO - 10/01/25 07:20:04 - 2:39:20 - training
INFO - 10/01/25 07:20:04 - 2:39:21 - step 0 | loss 6.7710 | step time 98.74ms
INFO - 10/01/25 07:20:13 - 2:39:30 - step 100 | loss 0.0836 | step time 92.69ms
INFO - 10/01/25 07:20:22 - 2:39:39 - step 200 | loss 0.0601 | step time 92.89ms
INFO - 10/01/25 07:20:32 - 2:39:49 - step 300 | loss 0.0554 | step time 92.53ms
INFO - 10/01/25 07:20:41 - 2:39:58 - step 400 | loss 0.0528 | step time 92.53ms
INFO - 10/01/25 07:20:50 - 2:40:07 - step 500 | loss 0.0518 | step time 92.39ms
INFO - 10/01/25 07:20:50 - 2:40:07 - step 500 train loss: 0.053151000291109085 test loss: 6.615169525146484
INFO - 10/01/25 07:20:50 - 2:40:07 - test loss 6.615169525146484 is the best so far, saving model to /home/yuebi/Project/dim11_run/dim11_run_25/7987/model.pt
INFO - 10/01/25 07:20:59 - 2:40:16 - step 600 | loss 0.0519 | step time 93.67ms
INFO - 10/01/25 07:21:09 - 2:40:26 - step 700 | loss 0.0536 | step time 92.54ms
INFO - 10/01/25 07:21:18 - 2:40:35 - step 800 | loss 0.0505 | step time 92.60ms
INFO - 10/01/25 07:21:27 - 2:40:44 - step 900 | loss 0.0532 | step time 92.53ms
INFO - 10/01/25 07:21:36 - 2:40:53 - Memory allocated:  41.64MB, reserved: 1854.00MB
INFO - 10/01/25 07:21:36 - 2:40:53 - generating
INFO - 10/01/25 07:41:31 - 3:00:48 - distribution of sample lengths: average: 173.3582 max: 419
INFO - 10/01/25 07:41:31 - 3:00:48 - printed 30000 samples
INFO - 10/01/25 07:41:31 - 3:00:48 - decoding
INFO - 10/01/25 07:41:31 - 3:00:48 - Decoding complete. Check the output in /home/yuebi/Project/dim11_run/dim11_run_25/7987/transformer-output-decoded.txt
INFO - 10/01/25 07:41:31 - 3:00:48 - Memory allocated:  41.64MB, reserved: 1854.00MB
INFO - 10/01/25 07:41:31 - 3:00:48 - ============ End of generation 8 ============
INFO - 10/01/25 07:41:31 - 3:00:48 - launching search.jl
INFO - 10/01/25 07:41:31 - 3:00:48 - JULIA_NUM_THREADS is set to 1
INFO - 10/01/25 07:42:48 - 3:02:05 - distribution of scores(all rounds)
INFO - 10/01/25 07:42:48 - 3:02:05 - Score:945.0, Count:1
                                     
INFO - 10/01/25 07:42:48 - 3:02:05 - Score:896.0, Count:1
                                     
INFO - 10/01/25 07:42:48 - 3:02:05 - Score:891.0, Count:1
                                     
INFO - 10/01/25 07:42:48 - 3:02:05 - Score:882.0, Count:1
                                     
INFO - 10/01/25 07:42:48 - 3:02:05 - Score:840.0, Count:1
                                     
INFO - 10/01/25 07:42:48 - 3:02:05 - Score:837.0, Count:1
                                     
INFO - 10/01/25 07:42:48 - 3:02:05 - Score:833.0, Count:1
                                     
INFO - 10/01/25 07:42:48 - 3:02:05 - Score:825.0, Count:1
                                     
INFO - 10/01/25 07:42:48 - 3:02:05 - Score:819.0, Count:4
                                     
INFO - 10/01/25 07:42:48 - 3:02:05 - Score:805.0, Count:1
                                     
INFO - 10/01/25 07:42:48 - 3:02:05 - Score:801.0, Count:7
                                     
INFO - 10/01/25 07:42:48 - 3:02:05 - Score:800.0, Count:0
                                     
INFO - 10/01/25 07:42:48 - 3:02:05 - tokenizing
INFO - 10/01/25 07:42:48 - 3:02:05 - Loading tokenizer from /home/yuebi/Project/dim11_run/dim11_run_25/7987/tokenizer_data/tokenizer.json...
INFO - 10/01/25 07:42:48 - 3:02:05 - 0 / 20
INFO - 10/01/25 07:42:48 - 3:02:05 - number of examples in the dataset: 20
INFO - 10/01/25 07:42:48 - 3:02:05 - max word length: 59
INFO - 10/01/25 07:42:48 - 3:02:05 - number of unique characters in the vocabulary: 15
INFO - 10/01/25 07:42:48 - 3:02:05 - vocabulary:
INFO - 10/01/25 07:42:48 - 3:02:05 - ['V0', 'V1', 'V2', 'V3', 'V4', 'V5', 'V6', 'V7', 'V8', 'V9', 'V10', 'V11', 'V12', 'V13', 'V14']
INFO - 10/01/25 07:42:48 - 3:02:05 - split up the dataset into 18 training examples and 2 test examples
INFO - 10/01/25 07:42:48 - 3:02:05 - checkpoint saved at generation 8 to /home/yuebi/Project/dim11_run/dim11_run_25/7987/checkpoint.pt
INFO - 10/01/25 07:42:48 - 3:02:05 - ============ Start of generation 9 ============
INFO - 10/01/25 07:42:48 - 3:02:05 - Memory allocated:  41.64MB, reserved: 1854.00MB
INFO - 10/01/25 07:42:48 - 3:02:05 - training
INFO - 10/01/25 07:42:48 - 3:02:05 - step 0 | loss 6.5376 | step time 98.89ms
INFO - 10/01/25 07:42:57 - 3:02:14 - step 100 | loss 0.0868 | step time 92.45ms
INFO - 10/01/25 07:43:07 - 3:02:24 - step 200 | loss 0.0560 | step time 92.47ms
INFO - 10/01/25 07:43:16 - 3:02:33 - step 300 | loss 0.0533 | step time 92.43ms
INFO - 10/01/25 07:43:25 - 3:02:42 - step 400 | loss 0.0530 | step time 92.50ms
INFO - 10/01/25 07:43:34 - 3:02:51 - step 500 | loss 0.0543 | step time 92.46ms
INFO - 10/01/25 07:43:34 - 3:02:51 - step 500 train loss: 0.052748903632164 test loss: 5.552849769592285
INFO - 10/01/25 07:43:34 - 3:02:51 - test loss 5.552849769592285 is the best so far, saving model to /home/yuebi/Project/dim11_run/dim11_run_25/7987/model.pt
INFO - 10/01/25 07:43:44 - 3:03:01 - step 600 | loss 0.0517 | step time 92.68ms
INFO - 10/01/25 07:43:53 - 3:03:10 - step 700 | loss 0.0543 | step time 92.43ms
INFO - 10/01/25 07:44:02 - 3:03:19 - step 800 | loss 0.0536 | step time 92.63ms
INFO - 10/01/25 07:44:11 - 3:03:28 - step 900 | loss 0.0512 | step time 92.99ms
INFO - 10/01/25 07:44:20 - 3:03:37 - Memory allocated:  41.64MB, reserved: 1854.00MB
INFO - 10/01/25 07:44:20 - 3:03:37 - generating
INFO - 10/01/25 08:04:14 - 3:23:31 - distribution of sample lengths: average: 172.53663333333333 max: 412
INFO - 10/01/25 08:04:14 - 3:23:31 - printed 30000 samples
INFO - 10/01/25 08:04:14 - 3:23:31 - decoding
INFO - 10/01/25 08:04:15 - 3:23:32 - Decoding complete. Check the output in /home/yuebi/Project/dim11_run/dim11_run_25/7987/transformer-output-decoded.txt
INFO - 10/01/25 08:04:15 - 3:23:32 - Memory allocated:  41.64MB, reserved: 1854.00MB
INFO - 10/01/25 08:04:15 - 3:23:32 - ============ End of generation 9 ============
INFO - 10/01/25 08:04:15 - 3:23:32 - launching search.jl
INFO - 10/01/25 08:04:15 - 3:23:32 - JULIA_NUM_THREADS is set to 1
INFO - 10/01/25 08:05:33 - 3:24:50 - distribution of scores(all rounds)
INFO - 10/01/25 08:05:33 - 3:24:50 - Score:945.0, Count:1
                                     
INFO - 10/01/25 08:05:33 - 3:24:50 - Score:896.0, Count:1
                                     
INFO - 10/01/25 08:05:33 - 3:24:50 - Score:891.0, Count:1
                                     
INFO - 10/01/25 08:05:33 - 3:24:50 - Score:882.0, Count:1
                                     
INFO - 10/01/25 08:05:33 - 3:24:50 - Score:840.0, Count:1
                                     
INFO - 10/01/25 08:05:33 - 3:24:50 - Score:837.0, Count:2
                                     
INFO - 10/01/25 08:05:33 - 3:24:50 - Score:833.0, Count:1
                                     
INFO - 10/01/25 08:05:33 - 3:24:50 - Score:825.0, Count:1
                                     
INFO - 10/01/25 08:05:33 - 3:24:50 - Score:819.0, Count:4
                                     
INFO - 10/01/25 08:05:33 - 3:24:50 - Score:805.0, Count:1
                                     
INFO - 10/01/25 08:05:33 - 3:24:50 - Score:801.0, Count:6
                                     
INFO - 10/01/25 08:05:33 - 3:24:50 - tokenizing
INFO - 10/01/25 08:05:33 - 3:24:50 - Loading tokenizer from /home/yuebi/Project/dim11_run/dim11_run_25/7987/tokenizer_data/tokenizer.json...
INFO - 10/01/25 08:05:33 - 3:24:50 - 0 / 20
INFO - 10/01/25 08:05:33 - 3:24:50 - number of examples in the dataset: 20
INFO - 10/01/25 08:05:33 - 3:24:50 - max word length: 59
INFO - 10/01/25 08:05:33 - 3:24:50 - number of unique characters in the vocabulary: 15
INFO - 10/01/25 08:05:33 - 3:24:50 - vocabulary:
INFO - 10/01/25 08:05:33 - 3:24:50 - ['V0', 'V1', 'V2', 'V3', 'V4', 'V5', 'V6', 'V7', 'V8', 'V9', 'V10', 'V11', 'V12', 'V13', 'V14']
INFO - 10/01/25 08:05:33 - 3:24:50 - split up the dataset into 18 training examples and 2 test examples
INFO - 10/01/25 08:05:33 - 3:24:50 - checkpoint saved at generation 9 to /home/yuebi/Project/dim11_run/dim11_run_25/7987/checkpoint.pt
INFO - 10/01/25 08:05:33 - 3:24:50 - ============ Start of generation 10 ============
INFO - 10/01/25 08:05:33 - 3:24:50 - Memory allocated:  41.64MB, reserved: 1854.00MB
INFO - 10/01/25 08:05:33 - 3:24:50 - training
INFO - 10/01/25 08:05:33 - 3:24:50 - step 0 | loss 6.9597 | step time 99.04ms
INFO - 10/01/25 08:05:42 - 3:24:59 - step 100 | loss 0.0710 | step time 92.45ms
INFO - 10/01/25 08:05:52 - 3:25:09 - step 200 | loss 0.0567 | step time 92.51ms
INFO - 10/01/25 08:06:01 - 3:25:18 - step 300 | loss 0.0536 | step time 92.66ms
INFO - 10/01/25 08:06:10 - 3:25:27 - step 400 | loss 0.0540 | step time 92.81ms
INFO - 10/01/25 08:06:19 - 3:25:36 - step 500 | loss 0.0526 | step time 92.83ms
INFO - 10/01/25 08:06:19 - 3:25:36 - step 500 train loss: 0.053526218980550766 test loss: 5.580032825469971
INFO - 10/01/25 08:06:19 - 3:25:36 - test loss 5.580032825469971 is the best so far, saving model to /home/yuebi/Project/dim11_run/dim11_run_25/7987/model.pt
INFO - 10/01/25 08:06:29 - 3:25:46 - step 600 | loss 0.0562 | step time 92.50ms
INFO - 10/01/25 08:06:38 - 3:25:55 - step 700 | loss 0.0532 | step time 92.42ms
INFO - 10/01/25 08:06:47 - 3:26:04 - step 800 | loss 0.0533 | step time 92.62ms
INFO - 10/01/25 08:06:56 - 3:26:13 - step 900 | loss 0.0540 | step time 92.47ms
INFO - 10/01/25 08:07:06 - 3:26:23 - Memory allocated:  41.64MB, reserved: 1854.00MB
INFO - 10/01/25 08:07:06 - 3:26:23 - generating
INFO - 10/01/25 08:27:00 - 3:46:17 - distribution of sample lengths: average: 174.08013333333332 max: 422
INFO - 10/01/25 08:27:00 - 3:46:17 - printed 30000 samples
INFO - 10/01/25 08:27:00 - 3:46:17 - decoding
INFO - 10/01/25 08:27:00 - 3:46:17 - Decoding complete. Check the output in /home/yuebi/Project/dim11_run/dim11_run_25/7987/transformer-output-decoded.txt
INFO - 10/01/25 08:27:00 - 3:46:17 - Memory allocated:  41.64MB, reserved: 1854.00MB
INFO - 10/01/25 08:27:00 - 3:46:17 - ============ End of generation 10 ============
INFO - 10/01/25 08:27:00 - 3:46:17 - launching search.jl
INFO - 10/01/25 08:27:00 - 3:46:17 - JULIA_NUM_THREADS is set to 1
INFO - 10/01/25 08:28:17 - 3:47:34 - distribution of scores(all rounds)
INFO - 10/01/25 08:28:17 - 3:47:34 - Score:945.0, Count:1
                                     
INFO - 10/01/25 08:28:17 - 3:47:34 - Score:896.0, Count:1
                                     
INFO - 10/01/25 08:28:17 - 3:47:34 - Score:891.0, Count:1
                                     
INFO - 10/01/25 08:28:17 - 3:47:34 - Score:882.0, Count:1
                                     
INFO - 10/01/25 08:28:17 - 3:47:34 - Score:840.0, Count:1
                                     
INFO - 10/01/25 08:28:17 - 3:47:34 - Score:837.0, Count:2
                                     
INFO - 10/01/25 08:28:17 - 3:47:34 - Score:833.0, Count:1
                                     
INFO - 10/01/25 08:28:17 - 3:47:34 - Score:825.0, Count:1
                                     
INFO - 10/01/25 08:28:17 - 3:47:34 - Score:819.0, Count:5
                                     
INFO - 10/01/25 08:28:17 - 3:47:34 - Score:807.0, Count:1
                                     
INFO - 10/01/25 08:28:17 - 3:47:34 - Score:805.0, Count:1
                                     
INFO - 10/01/25 08:28:17 - 3:47:34 - Score:801.0, Count:4
                                     
INFO - 10/01/25 08:28:17 - 3:47:34 - tokenizing
INFO - 10/01/25 08:28:17 - 3:47:34 - Loading tokenizer from /home/yuebi/Project/dim11_run/dim11_run_25/7987/tokenizer_data/tokenizer.json...
INFO - 10/01/25 08:28:17 - 3:47:34 - 0 / 20
INFO - 10/01/25 08:28:17 - 3:47:34 - number of examples in the dataset: 20
INFO - 10/01/25 08:28:17 - 3:47:34 - max word length: 58
INFO - 10/01/25 08:28:17 - 3:47:34 - number of unique characters in the vocabulary: 15
INFO - 10/01/25 08:28:17 - 3:47:34 - vocabulary:
INFO - 10/01/25 08:28:17 - 3:47:34 - ['V0', 'V1', 'V2', 'V3', 'V4', 'V5', 'V6', 'V7', 'V8', 'V9', 'V10', 'V11', 'V12', 'V13', 'V14']
INFO - 10/01/25 08:28:17 - 3:47:34 - split up the dataset into 18 training examples and 2 test examples
INFO - 10/01/25 08:28:17 - 3:47:34 - checkpoint saved at generation 10 to /home/yuebi/Project/dim11_run/dim11_run_25/7987/checkpoint.pt
INFO - 10/01/25 08:28:17 - 3:47:34 - ============ Start of generation 11 ============
INFO - 10/01/25 08:28:17 - 3:47:34 - Memory allocated:  41.64MB, reserved: 1854.00MB
INFO - 10/01/25 08:28:17 - 3:47:34 - training
INFO - 10/01/25 08:28:17 - 3:47:34 - step 0 | loss 6.4138 | step time 99.16ms
INFO - 10/01/25 08:28:27 - 3:47:44 - step 100 | loss 0.0704 | step time 92.49ms
INFO - 10/01/25 08:28:36 - 3:47:53 - step 200 | loss 0.0570 | step time 92.44ms
INFO - 10/01/25 08:28:45 - 3:48:02 - step 300 | loss 0.0534 | step time 92.45ms
INFO - 10/01/25 08:28:54 - 3:48:11 - step 400 | loss 0.0545 | step time 92.43ms
INFO - 10/01/25 08:29:04 - 3:48:21 - step 500 | loss 0.0560 | step time 92.40ms
INFO - 10/01/25 08:29:04 - 3:48:21 - step 500 train loss: 0.053273338824510574 test loss: 5.922030448913574
INFO - 10/01/25 08:29:04 - 3:48:21 - test loss 5.922030448913574 is the best so far, saving model to /home/yuebi/Project/dim11_run/dim11_run_25/7987/model.pt
INFO - 10/01/25 08:29:13 - 3:48:30 - step 600 | loss 0.0527 | step time 92.54ms
INFO - 10/01/25 08:29:22 - 3:48:39 - step 700 | loss 0.0536 | step time 92.51ms
INFO - 10/01/25 08:29:32 - 3:48:49 - step 800 | loss 0.0522 | step time 92.45ms
INFO - 10/01/25 08:29:41 - 3:48:58 - step 900 | loss 0.1245 | step time 92.44ms
INFO - 10/01/25 08:29:50 - 3:49:07 - Memory allocated:  41.64MB, reserved: 1854.00MB
INFO - 10/01/25 08:29:50 - 3:49:07 - generating
