INFO - 10/03/25 11:36:58 - 0:00:00 - ============ Initialized logger ============
INFO - 10/03/25 11:36:58 - 0:00:00 - batch_size: 32
                                     command: python fc_loop.py --exp_name=dim11_run_24 --dump_path=/home/yuebi/Project/dim11_run/dim11_run_24/7812 --num_initial_empty_objects=500 --final_database_size=20 --target_db_size=20 --nb_local_searches=800 --max_epochs=25 --type=transformer --max-output-length=131 --sample-only=35000 --max-steps=1000 --n_tokens=15 --n-layer=8 --n-embd=128 --n-embd2=128 --exp_id "8014"
                                     cpu: False
                                     debug: False
                                     debug_slurm: False
                                     dump_path: /home/yuebi/Project/dim11_run/dim11_run_24/7812/dim11_run_24/8014
                                     exp_id: 8014
                                     exp_name: dim11_run_24
                                     final_database_size: 20
                                     gen_batch_size: 1000
                                     global_rank: 0
                                     is_master: True
                                     is_slurm_job: True
                                     learning_rate: 0.0005
                                     local_rank: 0
                                     master_addr: gpu-6
                                     master_port: -1
                                     max_epochs: 25
                                     max_output_length: 131
                                     max_steps: 1000
                                     multi_gpu: False
                                     multi_node: False
                                     n_embd: 128
                                     n_embd2: 128
                                     n_gpu_per_node: 1
                                     n_head: 8
                                     n_layer: 8
                                     n_nodes: 1
                                     n_tokens: 15
                                     nb_local_searches: 800
                                     nb_threads: 1
                                     node_id: 0
                                     num_initial_empty_objects: 500
                                     num_workers: 8
                                     sample_only: 35000
                                     seed: -1
                                     target_db_size: 20
                                     temperature: 1.0
                                     top_k: -1
                                     type: transformer
                                     weight_decay: 0.01
                                     world_size: 1
INFO - 10/03/25 11:36:58 - 0:00:00 - The experiment will be stored in /home/yuebi/Project/dim11_run/dim11_run_24/7812/dim11_run_24/8014
                                     
INFO - 10/03/25 11:36:58 - 0:00:00 - Running command: python fc_loop.py --exp_name=dim11_run_24 --dump_path=/home/yuebi/Project/dim11_run/dim11_run_24/7812 --num_initial_empty_objects=500 --final_database_size=20 --target_db_size=20 --nb_local_searches=800 --max_epochs=25 --type=transformer --max-output-length=131 --sample-only=35000 --max-steps=1000 --n_tokens=15 --n-layer=8 --n-embd=128 --n-embd2=128

WARNING - 10/03/25 11:36:58 - 0:00:00 - Signal handler installed.
INFO - 10/03/25 11:36:58 - 0:00:00 - seed: 75003674
INFO - 10/03/25 11:36:58 - 0:00:00 - JULIA_NUM_THREADS is set to 1
INFO - 10/03/25 11:37:04 - 0:00:06 - Created /home/yuebi/Project/dim11_run/dim11_run_24/7812/dim11_run_24/8014/temp.txt and training tokenizer...
INFO - 10/03/25 11:37:04 - 0:00:06 - Directory '/home/yuebi/Project/dim11_run/dim11_run_24/7812/dim11_run_24/8014/tokenizer_data' created.
INFO - 10/03/25 11:37:04 - 0:00:06 - File '/home/yuebi/Project/dim11_run/dim11_run_24/7812/dim11_run_24/8014/temp.txt' has been deleted.
INFO - 10/03/25 11:37:04 - 0:00:06 - 0 / 20
INFO - 10/03/25 11:37:04 - 0:00:06 - initializing at generation: 1
INFO - 10/03/25 11:37:04 - 0:00:06 - number of examples in the dataset: 20
INFO - 10/03/25 11:37:04 - 0:00:06 - max word length: 58
INFO - 10/03/25 11:37:04 - 0:00:06 - number of unique characters in the vocabulary: 15
INFO - 10/03/25 11:37:04 - 0:00:06 - vocabulary:
INFO - 10/03/25 11:37:04 - 0:00:06 - ['V0', 'V1', 'V2', 'V3', 'V4', 'V5', 'V6', 'V7', 'V8', 'V9', 'V10', 'V11', 'V12', 'V13', 'V14']
INFO - 10/03/25 11:37:04 - 0:00:06 - split up the dataset into 18 training examples and 2 test examples
INFO - 10/03/25 11:37:04 - 0:00:06 - dataset determined that: vocab_size=16, block_size=132
INFO - 10/03/25 11:37:04 - 0:00:06 - model #params: 1607424
